Copyright 1986-2022 Xilinx, Inc. All Rights Reserved. Copyright 2022-2024 Advanced Micro Devices, Inc. All Rights Reserved.
---------------------------------------------------------------------------------------------------------------------------------------------------------------------------------------------------------
| Tool Version : Vivado v.2024.1 (win64) Build 5076996 Wed May 22 18:37:14 MDT 2024
| Date         : Sun Dec 22 19:43:58 2024
| Host         : DESKTOP-J74V7E8 running 64-bit major release  (build 9200)
| Command      : report_timing_summary -max_paths 10 -report_unconstrained -file pipo_timing_summary_routed.rpt -pb pipo_timing_summary_routed.pb -rpx pipo_timing_summary_routed.rpx -warn_on_violation
| Design       : pipo
| Device       : 7a50t-csg324
| Speed File   : -1  PRODUCTION 1.23 2018-06-13
| Design State : Routed
---------------------------------------------------------------------------------------------------------------------------------------------------------------------------------------------------------

Timing Summary Report

------------------------------------------------------------------------------------------------
| Timer Settings
| --------------
------------------------------------------------------------------------------------------------

  Enable Multi Corner Analysis               :  Yes
  Enable Pessimism Removal                   :  Yes
  Pessimism Removal Resolution               :  Nearest Common Node
  Enable Input Delay Default Clock           :  No
  Enable Preset / Clear Arcs                 :  No
  Disable Flight Delays                      :  No
  Ignore I/O Paths                           :  No
  Timing Early Launch at Borrowing Latches   :  No
  Borrow Time for Max Delay Exceptions       :  Yes
  Merge Timing Exceptions                    :  Yes
  Inter-SLR Compensation                     :  Conservative

  Corner  Analyze    Analyze    
  Name    Max Paths  Min Paths  
  ------  ---------  ---------  
  Slow    Yes        Yes        
  Fast    Yes        Yes        


------------------------------------------------------------------------------------------------
| Report Methodology
| ------------------
------------------------------------------------------------------------------------------------

Rule       Severity          Description                  Violations  
---------  ----------------  ---------------------------  ----------  
TIMING-17  Critical Warning  Non-clocked sequential cell  4           

Note: This report is based on the most recent report_methodology run and may not be up-to-date. Run report_methodology on the current design for the latest report.



check_timing report

Table of Contents
-----------------
1. checking no_clock (4)
2. checking constant_clock (0)
3. checking pulse_width_clock (0)
4. checking unconstrained_internal_endpoints (8)
5. checking no_input_delay (5)
6. checking no_output_delay (4)
7. checking multiple_clock (0)
8. checking generated_clocks (0)
9. checking loops (0)
10. checking partial_input_delay (0)
11. checking partial_output_delay (0)
12. checking latch_loops (0)

1. checking no_clock (4)
------------------------
 There are 4 register/latch pins with no clock driven by root clock pin: clk (HIGH)


2. checking constant_clock (0)
------------------------------
 There are 0 register/latch pins with constant_clock.


3. checking pulse_width_clock (0)
---------------------------------
 There are 0 register/latch pins which need pulse_width check


4. checking unconstrained_internal_endpoints (8)
------------------------------------------------
 There are 8 pins that are not constrained for maximum delay. (HIGH)

 There are 0 pins that are not constrained for maximum delay due to constant clock.


5. checking no_input_delay (5)
------------------------------
 There are 5 input ports with no input delay specified. (HIGH)

 There are 0 input ports with no input delay but user has a false path constraint.


6. checking no_output_delay (4)
-------------------------------
 There are 4 ports with no output delay specified. (HIGH)

 There are 0 ports with no output delay but user has a false path constraint

 There are 0 ports with no output delay but with a timing clock defined on it or propagating through it


7. checking multiple_clock (0)
------------------------------
 There are 0 register/latch pins with multiple clocks.


8. checking generated_clocks (0)
--------------------------------
 There are 0 generated clocks that are not connected to a clock source.


9. checking loops (0)
---------------------
 There are 0 combinational loops in the design.


10. checking partial_input_delay (0)
------------------------------------
 There are 0 input ports with partial input delay specified.


11. checking partial_output_delay (0)
-------------------------------------
 There are 0 ports with partial output delay specified.


12. checking latch_loops (0)
----------------------------
 There are 0 combinational latch loops in the design through latch input



------------------------------------------------------------------------------------------------
| Design Timing Summary
| ---------------------
------------------------------------------------------------------------------------------------

    WNS(ns)      TNS(ns)  TNS Failing Endpoints  TNS Total Endpoints      WHS(ns)      THS(ns)  THS Failing Endpoints  THS Total Endpoints     WPWS(ns)     TPWS(ns)  TPWS Failing Endpoints  TPWS Total Endpoints  
    -------      -------  ---------------------  -------------------      -------      -------  ---------------------  -------------------     --------     --------  ----------------------  --------------------  
        inf        0.000                      0                   12          inf        0.000                      0                   12           NA           NA                      NA                    NA  


There are no user specified timing constraints.


------------------------------------------------------------------------------------------------
| Clock Summary
| -------------
------------------------------------------------------------------------------------------------


------------------------------------------------------------------------------------------------
| Intra Clock Table
| -----------------
------------------------------------------------------------------------------------------------

Clock             WNS(ns)      TNS(ns)  TNS Failing Endpoints  TNS Total Endpoints      WHS(ns)      THS(ns)  THS Failing Endpoints  THS Total Endpoints     WPWS(ns)     TPWS(ns)  TPWS Failing Endpoints  TPWS Total Endpoints  
-----             -------      -------  ---------------------  -------------------      -------      -------  ---------------------  -------------------     --------     --------  ----------------------  --------------------  


------------------------------------------------------------------------------------------------
| Inter Clock Table
| -----------------
------------------------------------------------------------------------------------------------

From Clock    To Clock          WNS(ns)      TNS(ns)  TNS Failing Endpoints  TNS Total Endpoints      WHS(ns)      THS(ns)  THS Failing Endpoints  THS Total Endpoints  
----------    --------          -------      -------  ---------------------  -------------------      -------      -------  ---------------------  -------------------  


------------------------------------------------------------------------------------------------
| Other Path Groups Table
| -----------------------
------------------------------------------------------------------------------------------------

Path Group    From Clock    To Clock          WNS(ns)      TNS(ns)  TNS Failing Endpoints  TNS Total Endpoints      WHS(ns)      THS(ns)  THS Failing Endpoints  THS Total Endpoints  
----------    ----------    --------          -------      -------  ---------------------  -------------------      -------      -------  ---------------------  -------------------  


------------------------------------------------------------------------------------------------
| User Ignored Path Table
| -----------------------
------------------------------------------------------------------------------------------------

Path Group    From Clock    To Clock    
----------    ----------    --------    


------------------------------------------------------------------------------------------------
| Unconstrained Path Table
| ------------------------
------------------------------------------------------------------------------------------------

Path Group    From Clock    To Clock    
----------    ----------    --------    
(none)                                    


------------------------------------------------------------------------------------------------
| Timing Details
| --------------
------------------------------------------------------------------------------------------------


--------------------------------------------------------------------------------------
Path Group:  (none)
From Clock:  
  To Clock:  

Max Delay            12 Endpoints
Min Delay            12 Endpoints
--------------------------------------------------------------------------------------


Max Delay Paths
--------------------------------------------------------------------------------------
Slack:                    inf
  Source:                 q_reg[2]/C
                            (rising edge-triggered cell FDCE)
  Destination:            q[2]
                            (output port)
  Path Group:             (none)
  Path Type:              Max at Slow Process Corner
  Data Path Delay:        4.821ns  (logic 3.097ns (64.233%)  route 1.724ns (35.767%))
  Logic Levels:           2  (FDCE=1 OBUF=1)

    Location             Delay type                Incr(ns)  Path(ns)    Netlist Resource(s)
  -------------------------------------------------------------------    -------------------
    SLICE_X0Y4           FDCE                         0.000     0.000 r  q_reg[2]/C
    SLICE_X0Y4           FDCE (Prop_fdce_C_Q)         0.456     0.456 r  q_reg[2]/Q
                         net (fo=1, routed)           1.724     2.180    q_OBUF[2]
    V11                  OBUF (Prop_obuf_I_O)         2.641     4.821 r  q_OBUF[2]_inst/O
                         net (fo=0)                   0.000     4.821    q[2]
    V11                                                               r  q[2] (OUT)
  -------------------------------------------------------------------    -------------------

Slack:                    inf
  Source:                 q_reg[3]/C
                            (rising edge-triggered cell FDCE)
  Destination:            q[3]
                            (output port)
  Path Group:             (none)
  Path Type:              Max at Slow Process Corner
  Data Path Delay:        4.813ns  (logic 3.098ns (64.369%)  route 1.715ns (35.631%))
  Logic Levels:           2  (FDCE=1 OBUF=1)

    Location             Delay type                Incr(ns)  Path(ns)    Netlist Resource(s)
  -------------------------------------------------------------------    -------------------
    SLICE_X0Y4           FDCE                         0.000     0.000 r  q_reg[3]/C
    SLICE_X0Y4           FDCE (Prop_fdce_C_Q)         0.456     0.456 r  q_reg[3]/Q
                         net (fo=1, routed)           1.715     2.171    q_OBUF[3]
    V10                  OBUF (Prop_obuf_I_O)         2.642     4.813 r  q_OBUF[3]_inst/O
                         net (fo=0)                   0.000     4.813    q[3]
    V10                                                               r  q[3] (OUT)
  -------------------------------------------------------------------    -------------------

Slack:                    inf
  Source:                 q_reg[1]/C
                            (rising edge-triggered cell FDCE)
  Destination:            q[1]
                            (output port)
  Path Group:             (none)
  Path Type:              Max at Slow Process Corner
  Data Path Delay:        4.757ns  (logic 3.084ns (64.822%)  route 1.673ns (35.178%))
  Logic Levels:           2  (FDCE=1 OBUF=1)

    Location             Delay type                Incr(ns)  Path(ns)    Netlist Resource(s)
  -------------------------------------------------------------------    -------------------
    SLICE_X0Y4           FDCE                         0.000     0.000 r  q_reg[1]/C
    SLICE_X0Y4           FDCE (Prop_fdce_C_Q)         0.456     0.456 r  q_reg[1]/Q
                         net (fo=1, routed)           1.673     2.129    q_OBUF[1]
    U14                  OBUF (Prop_obuf_I_O)         2.628     4.757 r  q_OBUF[1]_inst/O
                         net (fo=0)                   0.000     4.757    q[1]
    U14                                                               r  q[1] (OUT)
  -------------------------------------------------------------------    -------------------

Slack:                    inf
  Source:                 q_reg[0]/C
                            (rising edge-triggered cell FDCE)
  Destination:            q[0]
                            (output port)
  Path Group:             (none)
  Path Type:              Max at Slow Process Corner
  Data Path Delay:        4.755ns  (logic 3.083ns (64.839%)  route 1.672ns (35.161%))
  Logic Levels:           2  (FDCE=1 OBUF=1)

    Location             Delay type                Incr(ns)  Path(ns)    Netlist Resource(s)
  -------------------------------------------------------------------    -------------------
    SLICE_X0Y4           FDCE                         0.000     0.000 r  q_reg[0]/C
    SLICE_X0Y4           FDCE (Prop_fdce_C_Q)         0.456     0.456 r  q_reg[0]/Q
                         net (fo=1, routed)           1.672     2.128    q_OBUF[0]
    V14                  OBUF (Prop_obuf_I_O)         2.627     4.755 r  q_OBUF[0]_inst/O
                         net (fo=0)                   0.000     4.755    q[0]
    V14                                                               r  q[0] (OUT)
  -------------------------------------------------------------------    -------------------

Slack:                    inf
  Source:                 d[1]
                            (input port)
  Destination:            q_reg[1]/D
  Path Group:             (none)
  Path Type:              Max at Slow Process Corner
  Data Path Delay:        2.061ns  (logic 0.970ns (47.045%)  route 1.091ns (52.955%))
  Logic Levels:           1  (IBUF=1)

    Location             Delay type                Incr(ns)  Path(ns)    Netlist Resource(s)
  -------------------------------------------------------------------    -------------------
    T10                                               0.000     0.000 r  d[1] (IN)
                         net (fo=0)                   0.000     0.000    d[1]
    T10                  IBUF (Prop_ibuf_I_O)         0.970     0.970 r  d_IBUF[1]_inst/O
                         net (fo=1, routed)           1.091     2.061    d_IBUF[1]
    SLICE_X0Y4           FDCE                                         r  q_reg[1]/D
  -------------------------------------------------------------------    -------------------

Slack:                    inf
  Source:                 d[0]
                            (input port)
  Destination:            q_reg[0]/D
  Path Group:             (none)
  Path Type:              Max at Slow Process Corner
  Data Path Delay:        2.058ns  (logic 0.966ns (46.938%)  route 1.092ns (53.062%))
  Logic Levels:           1  (IBUF=1)

    Location             Delay type                Incr(ns)  Path(ns)    Netlist Resource(s)
  -------------------------------------------------------------------    -------------------
    R10                                               0.000     0.000 r  d[0] (IN)
                         net (fo=0)                   0.000     0.000    d[0]
    R10                  IBUF (Prop_ibuf_I_O)         0.966     0.966 r  d_IBUF[0]_inst/O
                         net (fo=1, routed)           1.092     2.058    d_IBUF[0]
    SLICE_X0Y4           FDCE                                         r  q_reg[0]/D
  -------------------------------------------------------------------    -------------------

Slack:                    inf
  Source:                 d[2]
                            (input port)
  Destination:            q_reg[2]/D
  Path Group:             (none)
  Path Type:              Max at Slow Process Corner
  Data Path Delay:        2.015ns  (logic 0.976ns (48.446%)  route 1.039ns (51.554%))
  Logic Levels:           1  (IBUF=1)

    Location             Delay type                Incr(ns)  Path(ns)    Netlist Resource(s)
  -------------------------------------------------------------------    -------------------
    T9                                                0.000     0.000 r  d[2] (IN)
                         net (fo=0)                   0.000     0.000    d[2]
    T9                   IBUF (Prop_ibuf_I_O)         0.976     0.976 r  d_IBUF[2]_inst/O
                         net (fo=1, routed)           1.039     2.015    d_IBUF[2]
    SLICE_X0Y4           FDCE                                         r  q_reg[2]/D
  -------------------------------------------------------------------    -------------------

Slack:                    inf
  Source:                 d[3]
                            (input port)
  Destination:            q_reg[3]/D
  Path Group:             (none)
  Path Type:              Max at Slow Process Corner
  Data Path Delay:        2.005ns  (logic 0.965ns (48.127%)  route 1.040ns (51.873%))
  Logic Levels:           1  (IBUF=1)

    Location             Delay type                Incr(ns)  Path(ns)    Netlist Resource(s)
  -------------------------------------------------------------------    -------------------
    U13                                               0.000     0.000 r  d[3] (IN)
                         net (fo=0)                   0.000     0.000    d[3]
    U13                  IBUF (Prop_ibuf_I_O)         0.965     0.965 r  d_IBUF[3]_inst/O
                         net (fo=1, routed)           1.040     2.005    d_IBUF[3]
    SLICE_X0Y4           FDCE                                         r  q_reg[3]/D
  -------------------------------------------------------------------    -------------------

Slack:                    inf
  Source:                 reset
                            (input port)
  Destination:            q_reg[0]/CLR
  Path Group:             (none)
  Path Type:              Max at Slow Process Corner
  Data Path Delay:        1.866ns  (logic 0.966ns (51.766%)  route 0.900ns (48.234%))
  Logic Levels:           1  (IBUF=1)

    Location             Delay type                Incr(ns)  Path(ns)    Netlist Resource(s)
  -------------------------------------------------------------------    -------------------
    T13                                               0.000     0.000 f  reset (IN)
                         net (fo=0)                   0.000     0.000    reset
    T13                  IBUF (Prop_ibuf_I_O)         0.966     0.966 f  reset_IBUF_inst/O
                         net (fo=4, routed)           0.900     1.866    reset_IBUF
    SLICE_X0Y4           FDCE                                         f  q_reg[0]/CLR
  -------------------------------------------------------------------    -------------------

Slack:                    inf
  Source:                 reset
                            (input port)
  Destination:            q_reg[1]/CLR
  Path Group:             (none)
  Path Type:              Max at Slow Process Corner
  Data Path Delay:        1.866ns  (logic 0.966ns (51.766%)  route 0.900ns (48.234%))
  Logic Levels:           1  (IBUF=1)

    Location             Delay type                Incr(ns)  Path(ns)    Netlist Resource(s)
  -------------------------------------------------------------------    -------------------
    T13                                               0.000     0.000 f  reset (IN)
                         net (fo=0)                   0.000     0.000    reset
    T13                  IBUF (Prop_ibuf_I_O)         0.966     0.966 f  reset_IBUF_inst/O
                         net (fo=4, routed)           0.900     1.866    reset_IBUF
    SLICE_X0Y4           FDCE                                         f  q_reg[1]/CLR
  -------------------------------------------------------------------    -------------------





Min Delay Paths
--------------------------------------------------------------------------------------
Slack:                    inf
  Source:                 reset
                            (input port)
  Destination:            q_reg[0]/CLR
  Path Group:             (none)
  Path Type:              Min at Fast Process Corner
  Data Path Delay:        0.545ns  (logic 0.195ns (35.751%)  route 0.350ns (64.249%))
  Logic Levels:           1  (IBUF=1)

    Location             Delay type                Incr(ns)  Path(ns)    Netlist Resource(s)
  -------------------------------------------------------------------    -------------------
    T13                                               0.000     0.000 f  reset (IN)
                         net (fo=0)                   0.000     0.000    reset
    T13                  IBUF (Prop_ibuf_I_O)         0.195     0.195 f  reset_IBUF_inst/O
                         net (fo=4, routed)           0.350     0.545    reset_IBUF
    SLICE_X0Y4           FDCE                                         f  q_reg[0]/CLR
  -------------------------------------------------------------------    -------------------

Slack:                    inf
  Source:                 reset
                            (input port)
  Destination:            q_reg[1]/CLR
  Path Group:             (none)
  Path Type:              Min at Fast Process Corner
  Data Path Delay:        0.545ns  (logic 0.195ns (35.751%)  route 0.350ns (64.249%))
  Logic Levels:           1  (IBUF=1)

    Location             Delay type                Incr(ns)  Path(ns)    Netlist Resource(s)
  -------------------------------------------------------------------    -------------------
    T13                                               0.000     0.000 f  reset (IN)
                         net (fo=0)                   0.000     0.000    reset
    T13                  IBUF (Prop_ibuf_I_O)         0.195     0.195 f  reset_IBUF_inst/O
                         net (fo=4, routed)           0.350     0.545    reset_IBUF
    SLICE_X0Y4           FDCE                                         f  q_reg[1]/CLR
  -------------------------------------------------------------------    -------------------

Slack:                    inf
  Source:                 reset
                            (input port)
  Destination:            q_reg[2]/CLR
  Path Group:             (none)
  Path Type:              Min at Fast Process Corner
  Data Path Delay:        0.545ns  (logic 0.195ns (35.751%)  route 0.350ns (64.249%))
  Logic Levels:           1  (IBUF=1)

    Location             Delay type                Incr(ns)  Path(ns)    Netlist Resource(s)
  -------------------------------------------------------------------    -------------------
    T13                                               0.000     0.000 f  reset (IN)
                         net (fo=0)                   0.000     0.000    reset
    T13                  IBUF (Prop_ibuf_I_O)         0.195     0.195 f  reset_IBUF_inst/O
                         net (fo=4, routed)           0.350     0.545    reset_IBUF
    SLICE_X0Y4           FDCE                                         f  q_reg[2]/CLR
  -------------------------------------------------------------------    -------------------

Slack:                    inf
  Source:                 reset
                            (input port)
  Destination:            q_reg[3]/CLR
  Path Group:             (none)
  Path Type:              Min at Fast Process Corner
  Data Path Delay:        0.545ns  (logic 0.195ns (35.751%)  route 0.350ns (64.249%))
  Logic Levels:           1  (IBUF=1)

    Location             Delay type                Incr(ns)  Path(ns)    Netlist Resource(s)
  -------------------------------------------------------------------    -------------------
    T13                                               0.000     0.000 f  reset (IN)
                         net (fo=0)                   0.000     0.000    reset
    T13                  IBUF (Prop_ibuf_I_O)         0.195     0.195 f  reset_IBUF_inst/O
                         net (fo=4, routed)           0.350     0.545    reset_IBUF
    SLICE_X0Y4           FDCE                                         f  q_reg[3]/CLR
  -------------------------------------------------------------------    -------------------

Slack:                    inf
  Source:                 d[2]
                            (input port)
  Destination:            q_reg[2]/D
  Path Group:             (none)
  Path Type:              Min at Fast Process Corner
  Data Path Delay:        0.598ns  (logic 0.205ns (34.282%)  route 0.393ns (65.718%))
  Logic Levels:           1  (IBUF=1)

    Location             Delay type                Incr(ns)  Path(ns)    Netlist Resource(s)
  -------------------------------------------------------------------    -------------------
    T9                                                0.000     0.000 r  d[2] (IN)
                         net (fo=0)                   0.000     0.000    d[2]
    T9                   IBUF (Prop_ibuf_I_O)         0.205     0.205 r  d_IBUF[2]_inst/O
                         net (fo=1, routed)           0.393     0.598    d_IBUF[2]
    SLICE_X0Y4           FDCE                                         r  q_reg[2]/D
  -------------------------------------------------------------------    -------------------

Slack:                    inf
  Source:                 d[3]
                            (input port)
  Destination:            q_reg[3]/D
  Path Group:             (none)
  Path Type:              Min at Fast Process Corner
  Data Path Delay:        0.600ns  (logic 0.194ns (32.242%)  route 0.407ns (67.758%))
  Logic Levels:           1  (IBUF=1)

    Location             Delay type                Incr(ns)  Path(ns)    Netlist Resource(s)
  -------------------------------------------------------------------    -------------------
    U13                                               0.000     0.000 r  d[3] (IN)
                         net (fo=0)                   0.000     0.000    d[3]
    U13                  IBUF (Prop_ibuf_I_O)         0.194     0.194 r  d_IBUF[3]_inst/O
                         net (fo=1, routed)           0.407     0.600    d_IBUF[3]
    SLICE_X0Y4           FDCE                                         r  q_reg[3]/D
  -------------------------------------------------------------------    -------------------

Slack:                    inf
  Source:                 d[1]
                            (input port)
  Destination:            q_reg[1]/D
  Path Group:             (none)
  Path Type:              Min at Fast Process Corner
  Data Path Delay:        0.623ns  (logic 0.198ns (31.858%)  route 0.424ns (68.142%))
  Logic Levels:           1  (IBUF=1)

    Location             Delay type                Incr(ns)  Path(ns)    Netlist Resource(s)
  -------------------------------------------------------------------    -------------------
    T10                                               0.000     0.000 r  d[1] (IN)
                         net (fo=0)                   0.000     0.000    d[1]
    T10                  IBUF (Prop_ibuf_I_O)         0.198     0.198 r  d_IBUF[1]_inst/O
                         net (fo=1, routed)           0.424     0.623    d_IBUF[1]
    SLICE_X0Y4           FDCE                                         r  q_reg[1]/D
  -------------------------------------------------------------------    -------------------

Slack:                    inf
  Source:                 d[0]
                            (input port)
  Destination:            q_reg[0]/D
  Path Group:             (none)
  Path Type:              Min at Fast Process Corner
  Data Path Delay:        0.624ns  (logic 0.195ns (31.167%)  route 0.430ns (68.833%))
  Logic Levels:           1  (IBUF=1)

    Location             Delay type                Incr(ns)  Path(ns)    Netlist Resource(s)
  -------------------------------------------------------------------    -------------------
    R10                                               0.000     0.000 r  d[0] (IN)
                         net (fo=0)                   0.000     0.000    d[0]
    R10                  IBUF (Prop_ibuf_I_O)         0.195     0.195 r  d_IBUF[0]_inst/O
                         net (fo=1, routed)           0.430     0.624    d_IBUF[0]
    SLICE_X0Y4           FDCE                                         r  q_reg[0]/D
  -------------------------------------------------------------------    -------------------

Slack:                    inf
  Source:                 q_reg[0]/C
                            (rising edge-triggered cell FDCE)
  Destination:            q[0]
                            (output port)
  Path Group:             (none)
  Path Type:              Min at Fast Process Corner
  Data Path Delay:        1.608ns  (logic 1.285ns (79.915%)  route 0.323ns (20.085%))
  Logic Levels:           2  (FDCE=1 OBUF=1)

    Location             Delay type                Incr(ns)  Path(ns)    Netlist Resource(s)
  -------------------------------------------------------------------    -------------------
    SLICE_X0Y4           FDCE                         0.000     0.000 r  q_reg[0]/C
    SLICE_X0Y4           FDCE (Prop_fdce_C_Q)         0.141     0.141 r  q_reg[0]/Q
                         net (fo=1, routed)           0.323     0.464    q_OBUF[0]
    V14                  OBUF (Prop_obuf_I_O)         1.144     1.608 r  q_OBUF[0]_inst/O
                         net (fo=0)                   0.000     1.608    q[0]
    V14                                                               r  q[0] (OUT)
  -------------------------------------------------------------------    -------------------

Slack:                    inf
  Source:                 q_reg[1]/C
                            (rising edge-triggered cell FDCE)
  Destination:            q[1]
                            (output port)
  Path Group:             (none)
  Path Type:              Min at Fast Process Corner
  Data Path Delay:        1.630ns  (logic 1.286ns (78.867%)  route 0.344ns (21.133%))
  Logic Levels:           2  (FDCE=1 OBUF=1)

    Location             Delay type                Incr(ns)  Path(ns)    Netlist Resource(s)
  -------------------------------------------------------------------    -------------------
    SLICE_X0Y4           FDCE                         0.000     0.000 r  q_reg[1]/C
    SLICE_X0Y4           FDCE (Prop_fdce_C_Q)         0.141     0.141 r  q_reg[1]/Q
                         net (fo=1, routed)           0.344     0.485    q_OBUF[1]
    U14                  OBUF (Prop_obuf_I_O)         1.145     1.630 r  q_OBUF[1]_inst/O
                         net (fo=0)                   0.000     1.630    q[1]
    U14                                                               r  q[1] (OUT)
  -------------------------------------------------------------------    -------------------





