Copyright 1986-2022 Xilinx, Inc. All Rights Reserved. Copyright 2022-2024 Advanced Micro Devices, Inc. All Rights Reserved.
---------------------------------------------------------------------------------------------------------------------------------------------------------------------------------------------------------------------------------------------------
| Tool Version : Vivado v.2024.1 (win64) Build 5076996 Wed May 22 18:37:14 MDT 2024
| Date         : Sun Sep 22 23:34:05 2024
| Host         : DESKTOP-J74V7E8 running 64-bit major release  (build 9200)
| Command      : report_timing_summary -max_paths 10 -report_unconstrained -file four_bitsubtractor_timing_summary_routed.rpt -pb four_bitsubtractor_timing_summary_routed.pb -rpx four_bitsubtractor_timing_summary_routed.rpx -warn_on_violation
| Design       : four_bitsubtractor
| Device       : 7a50t-csg324
| Speed File   : -1  PRODUCTION 1.23 2018-06-13
| Design State : Routed
---------------------------------------------------------------------------------------------------------------------------------------------------------------------------------------------------------------------------------------------------

Timing Summary Report

------------------------------------------------------------------------------------------------
| Timer Settings
| --------------
------------------------------------------------------------------------------------------------

  Enable Multi Corner Analysis               :  Yes
  Enable Pessimism Removal                   :  Yes
  Pessimism Removal Resolution               :  Nearest Common Node
  Enable Input Delay Default Clock           :  No
  Enable Preset / Clear Arcs                 :  No
  Disable Flight Delays                      :  No
  Ignore I/O Paths                           :  No
  Timing Early Launch at Borrowing Latches   :  No
  Borrow Time for Max Delay Exceptions       :  Yes
  Merge Timing Exceptions                    :  Yes
  Inter-SLR Compensation                     :  Conservative

  Corner  Analyze    Analyze    
  Name    Max Paths  Min Paths  
  ------  ---------  ---------  
  Slow    Yes        Yes        
  Fast    Yes        Yes        


------------------------------------------------------------------------------------------------
| Report Methodology
| ------------------
------------------------------------------------------------------------------------------------

No report available as report_methodology has not been run prior. Run report_methodology on the current design for the summary of methodology violations.



check_timing report

Table of Contents
-----------------
1. checking no_clock (0)
2. checking constant_clock (0)
3. checking pulse_width_clock (0)
4. checking unconstrained_internal_endpoints (0)
5. checking no_input_delay (0)
6. checking no_output_delay (0)
7. checking multiple_clock (0)
8. checking generated_clocks (0)
9. checking loops (0)
10. checking partial_input_delay (0)
11. checking partial_output_delay (0)
12. checking latch_loops (0)

1. checking no_clock (0)
------------------------
 There are 0 register/latch pins with no clock.


2. checking constant_clock (0)
------------------------------
 There are 0 register/latch pins with constant_clock.


3. checking pulse_width_clock (0)
---------------------------------
 There are 0 register/latch pins which need pulse_width check


4. checking unconstrained_internal_endpoints (0)
------------------------------------------------
 There are 0 pins that are not constrained for maximum delay.

 There are 0 pins that are not constrained for maximum delay due to constant clock.


5. checking no_input_delay (0)
------------------------------
 There are 0 input ports with no input delay specified.

 There are 0 input ports with no input delay but user has a false path constraint.


6. checking no_output_delay (0)
-------------------------------
 There are 0 ports with no output delay specified.

 There are 0 ports with no output delay but user has a false path constraint

 There are 0 ports with no output delay but with a timing clock defined on it or propagating through it


7. checking multiple_clock (0)
------------------------------
 There are 0 register/latch pins with multiple clocks.


8. checking generated_clocks (0)
--------------------------------
 There are 0 generated clocks that are not connected to a clock source.


9. checking loops (0)
---------------------
 There are 0 combinational loops in the design.


10. checking partial_input_delay (0)
------------------------------------
 There are 0 input ports with partial input delay specified.


11. checking partial_output_delay (0)
-------------------------------------
 There are 0 ports with partial output delay specified.


12. checking latch_loops (0)
----------------------------
 There are 0 combinational latch loops in the design through latch input



------------------------------------------------------------------------------------------------
| Design Timing Summary
| ---------------------
------------------------------------------------------------------------------------------------

    WNS(ns)      TNS(ns)  TNS Failing Endpoints  TNS Total Endpoints      WHS(ns)      THS(ns)  THS Failing Endpoints  THS Total Endpoints     WPWS(ns)     TPWS(ns)  TPWS Failing Endpoints  TPWS Total Endpoints  
    -------      -------  ---------------------  -------------------      -------      -------  ---------------------  -------------------     --------     --------  ----------------------  --------------------  
        inf        0.000                      0                    5          inf        0.000                      0                    5           NA           NA                      NA                    NA  


There are no user specified timing constraints.


------------------------------------------------------------------------------------------------
| Clock Summary
| -------------
------------------------------------------------------------------------------------------------


------------------------------------------------------------------------------------------------
| Intra Clock Table
| -----------------
------------------------------------------------------------------------------------------------

Clock             WNS(ns)      TNS(ns)  TNS Failing Endpoints  TNS Total Endpoints      WHS(ns)      THS(ns)  THS Failing Endpoints  THS Total Endpoints     WPWS(ns)     TPWS(ns)  TPWS Failing Endpoints  TPWS Total Endpoints  
-----             -------      -------  ---------------------  -------------------      -------      -------  ---------------------  -------------------     --------     --------  ----------------------  --------------------  


------------------------------------------------------------------------------------------------
| Inter Clock Table
| -----------------
------------------------------------------------------------------------------------------------

From Clock    To Clock          WNS(ns)      TNS(ns)  TNS Failing Endpoints  TNS Total Endpoints      WHS(ns)      THS(ns)  THS Failing Endpoints  THS Total Endpoints  
----------    --------          -------      -------  ---------------------  -------------------      -------      -------  ---------------------  -------------------  


------------------------------------------------------------------------------------------------
| Other Path Groups Table
| -----------------------
------------------------------------------------------------------------------------------------

Path Group    From Clock    To Clock          WNS(ns)      TNS(ns)  TNS Failing Endpoints  TNS Total Endpoints      WHS(ns)      THS(ns)  THS Failing Endpoints  THS Total Endpoints  
----------    ----------    --------          -------      -------  ---------------------  -------------------      -------      -------  ---------------------  -------------------  


------------------------------------------------------------------------------------------------
| User Ignored Path Table
| -----------------------
------------------------------------------------------------------------------------------------

Path Group    From Clock    To Clock    
----------    ----------    --------    


------------------------------------------------------------------------------------------------
| Unconstrained Path Table
| ------------------------
------------------------------------------------------------------------------------------------

Path Group    From Clock    To Clock    
----------    ----------    --------    
(none)                                    


------------------------------------------------------------------------------------------------
| Timing Details
| --------------
------------------------------------------------------------------------------------------------


--------------------------------------------------------------------------------------
Path Group:  (none)
From Clock:  
  To Clock:  

Max Delay             5 Endpoints
Min Delay             5 Endpoints
--------------------------------------------------------------------------------------


Max Delay Paths
--------------------------------------------------------------------------------------
Slack:                    inf
  Source:                 A[0]
                            (input port)
  Destination:            Borrow
                            (output port)
  Path Group:             (none)
  Path Type:              Max at Slow Process Corner
  Data Path Delay:        8.079ns  (logic 4.079ns (50.492%)  route 4.000ns (49.508%))
  Logic Levels:           4  (IBUF=1 LUT3=1 LUT6=1 OBUF=1)

    Location             Delay type                Incr(ns)  Path(ns)    Netlist Resource(s)
  -------------------------------------------------------------------    -------------------
    R10                                               0.000     0.000 r  A[0] (IN)
                         net (fo=0)                   0.000     0.000    A[0]
    R10                  IBUF (Prop_ibuf_I_O)         0.966     0.966 r  A_IBUF[0]_inst/O
                         net (fo=4, routed)           1.456     2.422    A_IBUF[0]
    SLICE_X0Y6           LUT6 (Prop_lut6_I3_O)        0.124     2.546 r  Diff_OBUF[3]_inst_i_2/O
                         net (fo=2, routed)           0.667     3.213    C2
    SLICE_X0Y6           LUT3 (Prop_lut3_I0_O)        0.152     3.365 r  Borrow_OBUF_inst_i_1/O
                         net (fo=1, routed)           1.877     5.242    Borrow_OBUF
    T11                  OBUF (Prop_obuf_I_O)         2.837     8.079 r  Borrow_OBUF_inst/O
                         net (fo=0)                   0.000     8.079    Borrow
    T11                                                               r  Borrow (OUT)
  -------------------------------------------------------------------    -------------------

Slack:                    inf
  Source:                 A[0]
                            (input port)
  Destination:            Diff[3]
                            (output port)
  Path Group:             (none)
  Path Type:              Max at Slow Process Corner
  Data Path Delay:        7.687ns  (logic 3.841ns (49.966%)  route 3.846ns (50.034%))
  Logic Levels:           4  (IBUF=1 LUT3=1 LUT6=1 OBUF=1)

    Location             Delay type                Incr(ns)  Path(ns)    Netlist Resource(s)
  -------------------------------------------------------------------    -------------------
    R10                                               0.000     0.000 r  A[0] (IN)
                         net (fo=0)                   0.000     0.000    A[0]
    R10                  IBUF (Prop_ibuf_I_O)         0.966     0.966 r  A_IBUF[0]_inst/O
                         net (fo=4, routed)           1.456     2.422    A_IBUF[0]
    SLICE_X0Y6           LUT6 (Prop_lut6_I3_O)        0.124     2.546 r  Diff_OBUF[3]_inst_i_2/O
                         net (fo=2, routed)           0.667     3.213    C2
    SLICE_X0Y6           LUT3 (Prop_lut3_I2_O)        0.124     3.337 r  Diff_OBUF[3]_inst_i_1/O
                         net (fo=1, routed)           1.723     5.060    Diff_OBUF[3]
    U11                  OBUF (Prop_obuf_I_O)         2.627     7.687 r  Diff_OBUF[3]_inst/O
                         net (fo=0)                   0.000     7.687    Diff[3]
    U11                                                               r  Diff[3] (OUT)
  -------------------------------------------------------------------    -------------------

Slack:                    inf
  Source:                 A[0]
                            (input port)
  Destination:            Diff[2]
                            (output port)
  Path Group:             (none)
  Path Type:              Max at Slow Process Corner
  Data Path Delay:        7.065ns  (logic 3.747ns (53.034%)  route 3.318ns (46.966%))
  Logic Levels:           3  (IBUF=1 LUT6=1 OBUF=1)

    Location             Delay type                Incr(ns)  Path(ns)    Netlist Resource(s)
  -------------------------------------------------------------------    -------------------
    R10                                               0.000     0.000 r  A[0] (IN)
                         net (fo=0)                   0.000     0.000    A[0]
    R10                  IBUF (Prop_ibuf_I_O)         0.966     0.966 r  A_IBUF[0]_inst/O
                         net (fo=4, routed)           1.455     2.420    A_IBUF[0]
    SLICE_X0Y6           LUT6 (Prop_lut6_I2_O)        0.124     2.544 r  Diff_OBUF[2]_inst_i_1/O
                         net (fo=1, routed)           1.864     4.408    Diff_OBUF[2]
    U12                  OBUF (Prop_obuf_I_O)         2.657     7.065 r  Diff_OBUF[2]_inst/O
                         net (fo=0)                   0.000     7.065    Diff[2]
    U12                                                               r  Diff[2] (OUT)
  -------------------------------------------------------------------    -------------------

Slack:                    inf
  Source:                 B[0]
                            (input port)
  Destination:            Diff[0]
                            (output port)
  Path Group:             (none)
  Path Type:              Max at Slow Process Corner
  Data Path Delay:        7.005ns  (logic 3.960ns (56.530%)  route 3.045ns (43.470%))
  Logic Levels:           3  (IBUF=1 LUT2=1 OBUF=1)

    Location             Delay type                Incr(ns)  Path(ns)    Netlist Resource(s)
  -------------------------------------------------------------------    -------------------
    T13                                               0.000     0.000 r  B[0] (IN)
                         net (fo=0)                   0.000     0.000    B[0]
    T13                  IBUF (Prop_ibuf_I_O)         0.966     0.966 r  B_IBUF[0]_inst/O
                         net (fo=4, routed)           1.232     2.198    B_IBUF[0]
    SLICE_X0Y6           LUT2 (Prop_lut2_I0_O)        0.150     2.348 r  Diff_OBUF[0]_inst_i_1/O
                         net (fo=1, routed)           1.813     4.161    Diff_OBUF[0]
    V10                  OBUF (Prop_obuf_I_O)         2.844     7.005 r  Diff_OBUF[0]_inst/O
                         net (fo=0)                   0.000     7.005    Diff[0]
    V10                                                               r  Diff[0] (OUT)
  -------------------------------------------------------------------    -------------------

Slack:                    inf
  Source:                 A[1]
                            (input port)
  Destination:            Diff[1]
                            (output port)
  Path Group:             (none)
  Path Type:              Max at Slow Process Corner
  Data Path Delay:        6.868ns  (logic 3.748ns (54.571%)  route 3.120ns (45.429%))
  Logic Levels:           3  (IBUF=1 LUT4=1 OBUF=1)

    Location             Delay type                Incr(ns)  Path(ns)    Netlist Resource(s)
  -------------------------------------------------------------------    -------------------
    T10                                               0.000     0.000 r  A[1] (IN)
                         net (fo=0)                   0.000     0.000    A[1]
    T10                  IBUF (Prop_ibuf_I_O)         0.970     0.970 r  A_IBUF[1]_inst/O
                         net (fo=3, routed)           1.408     2.378    A_IBUF[1]
    SLICE_X0Y6           LUT4 (Prop_lut4_I1_O)        0.124     2.502 r  Diff_OBUF[1]_inst_i_1/O
                         net (fo=1, routed)           1.712     4.214    Diff_OBUF[1]
    V12                  OBUF (Prop_obuf_I_O)         2.654     6.868 r  Diff_OBUF[1]_inst/O
                         net (fo=0)                   0.000     6.868    Diff[1]
    V12                                                               r  Diff[1] (OUT)
  -------------------------------------------------------------------    -------------------





Min Delay Paths
--------------------------------------------------------------------------------------
Slack:                    inf
  Source:                 B[3]
                            (input port)
  Destination:            Diff[3]
                            (output port)
  Path Group:             (none)
  Path Type:              Min at Fast Process Corner
  Data Path Delay:        2.166ns  (logic 1.396ns (64.435%)  route 0.770ns (35.565%))
  Logic Levels:           3  (IBUF=1 LUT3=1 OBUF=1)

    Location             Delay type                Incr(ns)  Path(ns)    Netlist Resource(s)
  -------------------------------------------------------------------    -------------------
    V11                                               0.000     0.000 r  B[3] (IN)
                         net (fo=0)                   0.000     0.000    B[3]
    V11                  IBUF (Prop_ibuf_I_O)         0.207     0.207 r  B_IBUF[3]_inst/O
                         net (fo=2, routed)           0.420     0.627    B_IBUF[3]
    SLICE_X0Y6           LUT3 (Prop_lut3_I0_O)        0.045     0.672 r  Diff_OBUF[3]_inst_i_1/O
                         net (fo=1, routed)           0.350     1.022    Diff_OBUF[3]
    U11                  OBUF (Prop_obuf_I_O)         1.144     2.166 r  Diff_OBUF[3]_inst/O
                         net (fo=0)                   0.000     2.166    Diff[3]
    U11                                                               r  Diff[3] (OUT)
  -------------------------------------------------------------------    -------------------

Slack:                    inf
  Source:                 A[0]
                            (input port)
  Destination:            Diff[1]
                            (output port)
  Path Group:             (none)
  Path Type:              Min at Fast Process Corner
  Data Path Delay:        2.210ns  (logic 1.410ns (63.828%)  route 0.799ns (36.172%))
  Logic Levels:           3  (IBUF=1 LUT4=1 OBUF=1)

    Location             Delay type                Incr(ns)  Path(ns)    Netlist Resource(s)
  -------------------------------------------------------------------    -------------------
    R10                                               0.000     0.000 r  A[0] (IN)
                         net (fo=0)                   0.000     0.000    A[0]
    R10                  IBUF (Prop_ibuf_I_O)         0.195     0.195 r  A_IBUF[0]_inst/O
                         net (fo=4, routed)           0.443     0.637    A_IBUF[0]
    SLICE_X0Y6           LUT4 (Prop_lut4_I3_O)        0.045     0.682 r  Diff_OBUF[1]_inst_i_1/O
                         net (fo=1, routed)           0.357     1.039    Diff_OBUF[1]
    V12                  OBUF (Prop_obuf_I_O)         1.171     2.210 r  Diff_OBUF[1]_inst/O
                         net (fo=0)                   0.000     2.210    Diff[1]
    V12                                                               r  Diff[1] (OUT)
  -------------------------------------------------------------------    -------------------

Slack:                    inf
  Source:                 B[2]
                            (input port)
  Destination:            Diff[2]
                            (output port)
  Path Group:             (none)
  Path Type:              Min at Fast Process Corner
  Data Path Delay:        2.224ns  (logic 1.413ns (63.503%)  route 0.812ns (36.497%))
  Logic Levels:           3  (IBUF=1 LUT6=1 OBUF=1)

    Location             Delay type                Incr(ns)  Path(ns)    Netlist Resource(s)
  -------------------------------------------------------------------    -------------------
    U14                                               0.000     0.000 r  B[2] (IN)
                         net (fo=0)                   0.000     0.000    B[2]
    U14                  IBUF (Prop_ibuf_I_O)         0.194     0.194 r  B_IBUF[2]_inst/O
                         net (fo=2, routed)           0.403     0.597    B_IBUF[2]
    SLICE_X0Y6           LUT6 (Prop_lut6_I0_O)        0.045     0.642 r  Diff_OBUF[2]_inst_i_1/O
                         net (fo=1, routed)           0.409     1.051    Diff_OBUF[2]
    U12                  OBUF (Prop_obuf_I_O)         1.174     2.224 r  Diff_OBUF[2]_inst/O
                         net (fo=0)                   0.000     2.224    Diff[2]
    U12                                                               r  Diff[2] (OUT)
  -------------------------------------------------------------------    -------------------

Slack:                    inf
  Source:                 A[0]
                            (input port)
  Destination:            Diff[0]
                            (output port)
  Path Group:             (none)
  Path Type:              Min at Fast Process Corner
  Data Path Delay:        2.300ns  (logic 1.463ns (63.620%)  route 0.837ns (36.380%))
  Logic Levels:           3  (IBUF=1 LUT2=1 OBUF=1)

    Location             Delay type                Incr(ns)  Path(ns)    Netlist Resource(s)
  -------------------------------------------------------------------    -------------------
    R10                                               0.000     0.000 r  A[0] (IN)
                         net (fo=0)                   0.000     0.000    A[0]
    R10                  IBUF (Prop_ibuf_I_O)         0.195     0.195 r  A_IBUF[0]_inst/O
                         net (fo=4, routed)           0.443     0.637    A_IBUF[0]
    SLICE_X0Y6           LUT2 (Prop_lut2_I1_O)        0.048     0.685 r  Diff_OBUF[0]_inst_i_1/O
                         net (fo=1, routed)           0.394     1.079    Diff_OBUF[0]
    V10                  OBUF (Prop_obuf_I_O)         1.221     2.300 r  Diff_OBUF[0]_inst/O
                         net (fo=0)                   0.000     2.300    Diff[0]
    V10                                                               r  Diff[0] (OUT)
  -------------------------------------------------------------------    -------------------

Slack:                    inf
  Source:                 B[3]
                            (input port)
  Destination:            Borrow
                            (output port)
  Path Group:             (none)
  Path Type:              Min at Fast Process Corner
  Data Path Delay:        2.311ns  (logic 1.465ns (63.392%)  route 0.846ns (36.608%))
  Logic Levels:           3  (IBUF=1 LUT3=1 OBUF=1)

    Location             Delay type                Incr(ns)  Path(ns)    Netlist Resource(s)
  -------------------------------------------------------------------    -------------------
    V11                                               0.000     0.000 f  B[3] (IN)
                         net (fo=0)                   0.000     0.000    B[3]
    V11                  IBUF (Prop_ibuf_I_O)         0.207     0.207 f  B_IBUF[3]_inst/O
                         net (fo=2, routed)           0.420     0.627    B_IBUF[3]
    SLICE_X0Y6           LUT3 (Prop_lut3_I1_O)        0.045     0.672 r  Borrow_OBUF_inst_i_1/O
                         net (fo=1, routed)           0.426     1.098    Borrow_OBUF
    T11                  OBUF (Prop_obuf_I_O)         1.213     2.311 r  Borrow_OBUF_inst/O
                         net (fo=0)                   0.000     2.311    Borrow
    T11                                                               r  Borrow (OUT)
  -------------------------------------------------------------------    -------------------





