
*** Running vivado
    with args -log four_bitsubtractor.vdi -applog -m64 -product Vivado -messageDb vivado.pb -mode batch -source four_bitsubtractor.tcl -notrace



****** Vivado v2024.1 (64-bit)
  **** SW Build 5076996 on Wed May 22 18:37:14 MDT 2024
  **** IP Build 5075265 on Wed May 22 21:45:21 MDT 2024
  **** SharedData Build 5076995 on Wed May 22 18:29:18 MDT 2024
  **** Start of session at: Sun Sep 22 23:32:59 2024
    ** Copyright 1986-2022 Xilinx, Inc. All Rights Reserved.
    ** Copyright 2022-2024 Advanced Micro Devices, Inc. All Rights Reserved.

source four_bitsubtractor.tcl -notrace
create_project: Time (s): cpu = 00:00:08 ; elapsed = 00:00:09 . Memory (MB): peak = 515.312 ; gain = 198.691
Command: link_design -top four_bitsubtractor -part xc7a50tcsg324-1
Design is defaulting to srcset: sources_1
Design is defaulting to constrset: constrs_1
INFO: [Device 21-403] Loading part xc7a50tcsg324-1
INFO: [Device 21-9227] Part: xc7a50tcsg324-1 does not have CEAM library.
Netlist sorting complete. Time (s): cpu = 00:00:00 ; elapsed = 00:00:00 . Memory (MB): peak = 919.352 ; gain = 0.000
INFO: [Project 1-479] Netlist was created with Vivado 2024.1
INFO: [Project 1-570] Preparing netlist for logic optimization
Read ShapeDB Complete: Time (s): cpu = 00:00:00 ; elapsed = 00:00:00.002 . Memory (MB): peak = 1006.371 ; gain = 0.000
Netlist sorting complete. Time (s): cpu = 00:00:00 ; elapsed = 00:00:00 . Memory (MB): peak = 1006.996 ; gain = 0.000
INFO: [Project 1-111] Unisim Transformation Summary:
No Unisim elements were transformed.

5 Infos, 0 Warnings, 0 Critical Warnings and 0 Errors encountered.
link_design completed successfully
link_design: Time (s): cpu = 00:00:07 ; elapsed = 00:00:07 . Memory (MB): peak = 1035.887 ; gain = 520.574
Command: opt_design
Attempting to get a license for feature 'Implementation' and/or device 'xc7a50t'
INFO: [Common 17-349] Got license for feature 'Implementation' and/or device 'xc7a50t'
Running DRC as a precondition to command opt_design

Starting DRC Task
INFO: [DRC 23-27] Running DRC with 2 threads
INFO: [Project 1-461] DRC finished with 0 Errors
INFO: [Project 1-462] Please refer to the DRC report (report_drc) for more information.

Time (s): cpu = 00:00:02 ; elapsed = 00:00:01 . Memory (MB): peak = 1065.461 ; gain = 29.574

Starting Cache Timing Information Task
INFO: [Timing 38-35] Done setting XDC timing constraints.
Ending Cache Timing Information Task | Checksum: bb2dcd5c

Time (s): cpu = 00:00:08 ; elapsed = 00:00:09 . Memory (MB): peak = 1575.730 ; gain = 510.270

Starting Logic Optimization Task

Phase 1 Initialization

Phase 1.1 Core Generation And Design Setup
Phase 1.1 Core Generation And Design Setup | Checksum: bb2dcd5c

Time (s): cpu = 00:00:00 ; elapsed = 00:00:00.001 . Memory (MB): peak = 1952.293 ; gain = 0.000

Phase 1.2 Setup Constraints And Sort Netlist
Phase 1.2 Setup Constraints And Sort Netlist | Checksum: bb2dcd5c

Time (s): cpu = 00:00:00 ; elapsed = 00:00:00.002 . Memory (MB): peak = 1952.293 ; gain = 0.000
Phase 1 Initialization | Checksum: bb2dcd5c

Time (s): cpu = 00:00:00 ; elapsed = 00:00:00.002 . Memory (MB): peak = 1952.293 ; gain = 0.000

Phase 2 Timer Update And Timing Data Collection

Phase 2.1 Timer Update
Phase 2.1 Timer Update | Checksum: bb2dcd5c

Time (s): cpu = 00:00:00 ; elapsed = 00:00:00.006 . Memory (MB): peak = 1952.293 ; gain = 0.000

Phase 2.2 Timing Data Collection
Phase 2.2 Timing Data Collection | Checksum: bb2dcd5c

Time (s): cpu = 00:00:00 ; elapsed = 00:00:00.014 . Memory (MB): peak = 1952.293 ; gain = 0.000
Phase 2 Timer Update And Timing Data Collection | Checksum: bb2dcd5c

Time (s): cpu = 00:00:00 ; elapsed = 00:00:00.014 . Memory (MB): peak = 1952.293 ; gain = 0.000

Phase 3 Retarget
INFO: [Opt 31-1834] Total Chains To Be Transformed Were: 0 AND Number of Transformed insts Created are: 0
INFO: [Opt 31-138] Pushed 0 inverter(s) to 0 load pin(s).
INFO: [Opt 31-49] Retargeted 0 cell(s).
Phase 3 Retarget | Checksum: bb2dcd5c

Time (s): cpu = 00:00:00 ; elapsed = 00:00:00.054 . Memory (MB): peak = 1952.293 ; gain = 0.000
Retarget | Checksum: bb2dcd5c
INFO: [Opt 31-389] Phase Retarget created 0 cells and removed 0 cells

Phase 4 Constant propagation
INFO: [Opt 31-138] Pushed 0 inverter(s) to 0 load pin(s).
Phase 4 Constant propagation | Checksum: bb2dcd5c

Time (s): cpu = 00:00:00 ; elapsed = 00:00:00.055 . Memory (MB): peak = 1952.293 ; gain = 0.000
Constant propagation | Checksum: bb2dcd5c
INFO: [Opt 31-389] Phase Constant propagation created 0 cells and removed 0 cells

Phase 5 Sweep
Phase 5 Sweep | Checksum: bb2dcd5c

Time (s): cpu = 00:00:00 ; elapsed = 00:00:00.057 . Memory (MB): peak = 1952.293 ; gain = 0.000
Sweep | Checksum: bb2dcd5c
INFO: [Opt 31-389] Phase Sweep created 0 cells and removed 0 cells

Phase 6 BUFG optimization
Phase 6 BUFG optimization | Checksum: bb2dcd5c

Time (s): cpu = 00:00:00 ; elapsed = 00:00:00.100 . Memory (MB): peak = 1952.293 ; gain = 0.000
BUFG optimization | Checksum: bb2dcd5c
INFO: [Opt 31-662] Phase BUFG optimization created 0 cells of which 0 are BUFGs and removed 0 cells.

Phase 7 Shift Register Optimization
INFO: [Opt 31-1064] SRL Remap converted 0 SRLs to 0 registers and converted 0 registers of register chains to 0 SRLs
Phase 7 Shift Register Optimization | Checksum: bb2dcd5c

Time (s): cpu = 00:00:00 ; elapsed = 00:00:00.101 . Memory (MB): peak = 1952.293 ; gain = 0.000
Shift Register Optimization | Checksum: bb2dcd5c
INFO: [Opt 31-389] Phase Shift Register Optimization created 0 cells and removed 0 cells

Phase 8 Post Processing Netlist
Phase 8 Post Processing Netlist | Checksum: bb2dcd5c

Time (s): cpu = 00:00:00 ; elapsed = 00:00:00.102 . Memory (MB): peak = 1952.293 ; gain = 0.000
Post Processing Netlist | Checksum: bb2dcd5c
INFO: [Opt 31-389] Phase Post Processing Netlist created 0 cells and removed 0 cells

Phase 9 Finalization

Phase 9.1 Finalizing Design Cores and Updating Shapes
Phase 9.1 Finalizing Design Cores and Updating Shapes | Checksum: bb2dcd5c

Time (s): cpu = 00:00:00 ; elapsed = 00:00:00.103 . Memory (MB): peak = 1952.293 ; gain = 0.000

Phase 9.2 Verifying Netlist Connectivity

Starting Connectivity Check Task

Time (s): cpu = 00:00:00 ; elapsed = 00:00:00.001 . Memory (MB): peak = 1952.293 ; gain = 0.000
Phase 9.2 Verifying Netlist Connectivity | Checksum: bb2dcd5c

Time (s): cpu = 00:00:00 ; elapsed = 00:00:00.104 . Memory (MB): peak = 1952.293 ; gain = 0.000
Phase 9 Finalization | Checksum: bb2dcd5c

Time (s): cpu = 00:00:00 ; elapsed = 00:00:00.104 . Memory (MB): peak = 1952.293 ; gain = 0.000
Opt_design Change Summary
=========================


-------------------------------------------------------------------------------------------------------------------------
|  Phase                        |  #Cells created  |  #Cells Removed  |  #Constrained objects preventing optimizations  |
-------------------------------------------------------------------------------------------------------------------------
|  Retarget                     |               0  |               0  |                                              0  |
|  Constant propagation         |               0  |               0  |                                              0  |
|  Sweep                        |               0  |               0  |                                              0  |
|  BUFG optimization            |               0  |               0  |                                              0  |
|  Shift Register Optimization  |               0  |               0  |                                              0  |
|  Post Processing Netlist      |               0  |               0  |                                              0  |
-------------------------------------------------------------------------------------------------------------------------


Ending Logic Optimization Task | Checksum: bb2dcd5c

Time (s): cpu = 00:00:00 ; elapsed = 00:00:00.106 . Memory (MB): peak = 1952.293 ; gain = 0.000

Starting Power Optimization Task
INFO: [Pwropt 34-132] Skipping clock gating for clocks with a period < 2.00 ns.
Ending Power Optimization Task | Checksum: bb2dcd5c

Time (s): cpu = 00:00:00 ; elapsed = 00:00:00.010 . Memory (MB): peak = 1952.293 ; gain = 0.000

Starting Final Cleanup Task
Ending Final Cleanup Task | Checksum: bb2dcd5c

Time (s): cpu = 00:00:00 ; elapsed = 00:00:00 . Memory (MB): peak = 1952.293 ; gain = 0.000

Starting Netlist Obfuscation Task
Netlist sorting complete. Time (s): cpu = 00:00:00 ; elapsed = 00:00:00.001 . Memory (MB): peak = 1952.293 ; gain = 0.000
Ending Netlist Obfuscation Task | Checksum: bb2dcd5c

Time (s): cpu = 00:00:00 ; elapsed = 00:00:00.001 . Memory (MB): peak = 1952.293 ; gain = 0.000
INFO: [Common 17-83] Releasing license: Implementation
23 Infos, 0 Warnings, 0 Critical Warnings and 0 Errors encountered.
opt_design completed successfully
opt_design: Time (s): cpu = 00:00:14 ; elapsed = 00:00:14 . Memory (MB): peak = 1952.293 ; gain = 916.406
INFO: [Vivado 12-24828] Executing command : report_drc -file four_bitsubtractor_drc_opted.rpt -pb four_bitsubtractor_drc_opted.pb -rpx four_bitsubtractor_drc_opted.rpx
Command: report_drc -file four_bitsubtractor_drc_opted.rpt -pb four_bitsubtractor_drc_opted.pb -rpx four_bitsubtractor_drc_opted.rpx
INFO: [IP_Flow 19-234] Refreshing IP repositories
INFO: [IP_Flow 19-1704] No user IP repositories specified
INFO: [IP_Flow 19-2313] Loaded Vivado IP repository 'D:/Vivado/2024.1/data/ip'.
INFO: [DRC 23-27] Running DRC with 2 threads
INFO: [Vivado_Tcl 2-168] The results of DRC are in file C:/Users/Asus/Desktop/Vivado/four_bitaddsub_dupli/four_bit_sub/four_bit_sub.runs/impl_1/four_bitsubtractor_drc_opted.rpt.
report_drc completed successfully
Write ShapeDB Complete: Time (s): cpu = 00:00:00 ; elapsed = 00:00:00.002 . Memory (MB): peak = 1952.293 ; gain = 0.000
INFO: [Common 17-1381] The checkpoint 'C:/Users/Asus/Desktop/Vivado/four_bitaddsub_dupli/four_bit_sub/four_bit_sub.runs/impl_1/four_bitsubtractor_opt.dcp' has been generated.
Command: place_design
Attempting to get a license for feature 'Implementation' and/or device 'xc7a50t'
INFO: [Common 17-349] Got license for feature 'Implementation' and/or device 'xc7a50t'
INFO: [Common 17-83] Releasing license: Implementation
INFO: [DRC 23-27] Running DRC with 2 threads
INFO: [Vivado_Tcl 4-198] DRC finished with 0 Errors
INFO: [Vivado_Tcl 4-199] Please refer to the DRC report (report_drc) for more information.
Running DRC as a precondition to command place_design
INFO: [DRC 23-27] Running DRC with 2 threads
INFO: [Vivado_Tcl 4-198] DRC finished with 0 Errors
INFO: [Vivado_Tcl 4-199] Please refer to the DRC report (report_drc) for more information.
INFO: [Place 30-611] Multithreading enabled for place_design using a maximum of 2 CPUs

Starting Placer Task

Phase 1 Placer Initialization

Phase 1.1 Placer Initialization Netlist Sorting
Netlist sorting complete. Time (s): cpu = 00:00:00 ; elapsed = 00:00:00 . Memory (MB): peak = 1952.293 ; gain = 0.000
Phase 1.1 Placer Initialization Netlist Sorting | Checksum: 61fe6e41

Time (s): cpu = 00:00:00 ; elapsed = 00:00:00.001 . Memory (MB): peak = 1952.293 ; gain = 0.000
Netlist sorting complete. Time (s): cpu = 00:00:00 ; elapsed = 00:00:00 . Memory (MB): peak = 1952.293 ; gain = 0.000

Phase 1.2 IO Placement/ Clock Placement/ Build Placer Device
INFO: [Timing 38-35] Done setting XDC timing constraints.
Phase 1.2 IO Placement/ Clock Placement/ Build Placer Device | Checksum: f20094ec

Time (s): cpu = 00:00:00 ; elapsed = 00:00:00.085 . Memory (MB): peak = 1952.293 ; gain = 0.000

Phase 1.3 Build Placer Netlist Model
Phase 1.3 Build Placer Netlist Model | Checksum: 1844914a8

Time (s): cpu = 00:00:00 ; elapsed = 00:00:00.118 . Memory (MB): peak = 1952.293 ; gain = 0.000

Phase 1.4 Constrain Clocks/Macros
Phase 1.4 Constrain Clocks/Macros | Checksum: 1844914a8

Time (s): cpu = 00:00:00 ; elapsed = 00:00:00.120 . Memory (MB): peak = 1952.293 ; gain = 0.000
Phase 1 Placer Initialization | Checksum: 1844914a8

Time (s): cpu = 00:00:00 ; elapsed = 00:00:00.123 . Memory (MB): peak = 1952.293 ; gain = 0.000

Phase 2 Global Placement

Phase 2.1 Floorplanning
Phase 2.1 Floorplanning | Checksum: 1844914a8

Time (s): cpu = 00:00:00 ; elapsed = 00:00:00.126 . Memory (MB): peak = 1952.293 ; gain = 0.000

Phase 2.2 Update Timing before SLR Path Opt
Phase 2.2 Update Timing before SLR Path Opt | Checksum: 1844914a8

Time (s): cpu = 00:00:00 ; elapsed = 00:00:00.126 . Memory (MB): peak = 1952.293 ; gain = 0.000

Phase 2.3 Post-Processing in Floorplanning
Phase 2.3 Post-Processing in Floorplanning | Checksum: 1844914a8

Time (s): cpu = 00:00:00 ; elapsed = 00:00:00.127 . Memory (MB): peak = 1952.293 ; gain = 0.000

Phase 2.4 Global Placement Core
WARNING: [Place 46-29] Timing had been disabled during Placer and, therefore, physical synthesis in Placer will be skipped.
Phase 2.4 Global Placement Core | Checksum: 10b179727

Time (s): cpu = 00:00:00 ; elapsed = 00:00:00.497 . Memory (MB): peak = 1952.293 ; gain = 0.000
Phase 2 Global Placement | Checksum: 10b179727

Time (s): cpu = 00:00:00 ; elapsed = 00:00:00.501 . Memory (MB): peak = 1952.293 ; gain = 0.000

Phase 3 Detail Placement

Phase 3.1 Commit Multi Column Macros
Phase 3.1 Commit Multi Column Macros | Checksum: 10b179727

Time (s): cpu = 00:00:00 ; elapsed = 00:00:00.504 . Memory (MB): peak = 1952.293 ; gain = 0.000

Phase 3.2 Commit Most Macros & LUTRAMs
Phase 3.2 Commit Most Macros & LUTRAMs | Checksum: 1d3d91191

Time (s): cpu = 00:00:00 ; elapsed = 00:00:00.507 . Memory (MB): peak = 1952.293 ; gain = 0.000

Phase 3.3 Area Swap Optimization
Phase 3.3 Area Swap Optimization | Checksum: 11f39e770

Time (s): cpu = 00:00:00 ; elapsed = 00:00:00.520 . Memory (MB): peak = 1952.293 ; gain = 0.000

Phase 3.4 Pipeline Register Optimization
Phase 3.4 Pipeline Register Optimization | Checksum: 11f39e770

Time (s): cpu = 00:00:00 ; elapsed = 00:00:00.521 . Memory (MB): peak = 1952.293 ; gain = 0.000

Phase 3.5 Small Shape Detail Placement
Phase 3.5 Small Shape Detail Placement | Checksum: d712be8f

Time (s): cpu = 00:00:01 ; elapsed = 00:00:00.922 . Memory (MB): peak = 1952.293 ; gain = 0.000

Phase 3.6 Re-assign LUT pins
Phase 3.6 Re-assign LUT pins | Checksum: d712be8f

Time (s): cpu = 00:00:01 ; elapsed = 00:00:00.923 . Memory (MB): peak = 1952.293 ; gain = 0.000

Phase 3.7 Pipeline Register Optimization
Phase 3.7 Pipeline Register Optimization | Checksum: d712be8f

Time (s): cpu = 00:00:01 ; elapsed = 00:00:00.924 . Memory (MB): peak = 1952.293 ; gain = 0.000
Phase 3 Detail Placement | Checksum: d712be8f

Time (s): cpu = 00:00:01 ; elapsed = 00:00:00.925 . Memory (MB): peak = 1952.293 ; gain = 0.000

Phase 4 Post Placement Optimization and Clean-Up

Phase 4.1 Post Commit Optimization
Phase 4.1 Post Commit Optimization | Checksum: d712be8f

Time (s): cpu = 00:00:01 ; elapsed = 00:00:00.963 . Memory (MB): peak = 1952.293 ; gain = 0.000

Phase 4.2 Post Placement Cleanup
Phase 4.2 Post Placement Cleanup | Checksum: d712be8f

Time (s): cpu = 00:00:01 ; elapsed = 00:00:00.966 . Memory (MB): peak = 1952.293 ; gain = 0.000

Phase 4.3 Placer Reporting

Phase 4.3.1 Print Estimated Congestion
INFO: [Place 30-612] Post-Placement Estimated Congestion 
 ____________________________________________________
|           | Global Congestion | Short Congestion  |
| Direction | Region Size       | Region Size       |
|___________|___________________|___________________|
|      North|                1x1|                1x1|
|___________|___________________|___________________|
|      South|                1x1|                1x1|
|___________|___________________|___________________|
|       East|                1x1|                1x1|
|___________|___________________|___________________|
|       West|                1x1|                1x1|
|___________|___________________|___________________|

Phase 4.3.1 Print Estimated Congestion | Checksum: d712be8f

Time (s): cpu = 00:00:01 ; elapsed = 00:00:00.968 . Memory (MB): peak = 1952.293 ; gain = 0.000
Phase 4.3 Placer Reporting | Checksum: d712be8f

Time (s): cpu = 00:00:01 ; elapsed = 00:00:00.968 . Memory (MB): peak = 1952.293 ; gain = 0.000

Phase 4.4 Final Placement Cleanup
Netlist sorting complete. Time (s): cpu = 00:00:00 ; elapsed = 00:00:00 . Memory (MB): peak = 1952.293 ; gain = 0.000

Time (s): cpu = 00:00:01 ; elapsed = 00:00:00.969 . Memory (MB): peak = 1952.293 ; gain = 0.000
Phase 4 Post Placement Optimization and Clean-Up | Checksum: d712be8f

Time (s): cpu = 00:00:01 ; elapsed = 00:00:00.970 . Memory (MB): peak = 1952.293 ; gain = 0.000
Ending Placer Task | Checksum: cc3a861a

Time (s): cpu = 00:00:01 ; elapsed = 00:00:00.970 . Memory (MB): peak = 1952.293 ; gain = 0.000
41 Infos, 1 Warnings, 0 Critical Warnings and 0 Errors encountered.
place_design completed successfully
INFO: [Vivado 12-24838] Running report commands "report_control_sets, report_io, report_utilization" in parallel.
Running report generation with 2 threads.
INFO: [Vivado 12-24828] Executing command : report_utilization -file four_bitsubtractor_utilization_placed.rpt -pb four_bitsubtractor_utilization_placed.pb
INFO: [Vivado 12-24828] Executing command : report_control_sets -verbose -file four_bitsubtractor_control_sets_placed.rpt
report_control_sets: Time (s): cpu = 00:00:00 ; elapsed = 00:00:00.002 . Memory (MB): peak = 1952.293 ; gain = 0.000
INFO: [Vivado 12-24828] Executing command : report_io -file four_bitsubtractor_io_placed.rpt
report_io: Time (s): cpu = 00:00:00 ; elapsed = 00:00:00.061 . Memory (MB): peak = 1952.293 ; gain = 0.000
Write ShapeDB Complete: Time (s): cpu = 00:00:00 ; elapsed = 00:00:00.001 . Memory (MB): peak = 1952.293 ; gain = 0.000
Wrote PlaceDB: Time (s): cpu = 00:00:00 ; elapsed = 00:00:00.002 . Memory (MB): peak = 1952.293 ; gain = 0.000
Wrote PulsedLatchDB: Time (s): cpu = 00:00:00 ; elapsed = 00:00:00 . Memory (MB): peak = 1952.293 ; gain = 0.000
Writing XDEF routing.
Writing XDEF routing logical nets.
Writing XDEF routing special nets.
Wrote RouteStorage: Time (s): cpu = 00:00:00 ; elapsed = 00:00:00.153 . Memory (MB): peak = 1952.293 ; gain = 0.000
Wrote Netlist Cache: Time (s): cpu = 00:00:00 ; elapsed = 00:00:00 . Memory (MB): peak = 1952.293 ; gain = 0.000
Wrote Device Cache: Time (s): cpu = 00:00:00 ; elapsed = 00:00:00.007 . Memory (MB): peak = 1952.293 ; gain = 0.000
Write Physdb Complete: Time (s): cpu = 00:00:00 ; elapsed = 00:00:00.171 . Memory (MB): peak = 1952.293 ; gain = 0.000
INFO: [Common 17-1381] The checkpoint 'C:/Users/Asus/Desktop/Vivado/four_bitaddsub_dupli/four_bit_sub/four_bit_sub.runs/impl_1/four_bitsubtractor_placed.dcp' has been generated.
Command: phys_opt_design
Attempting to get a license for feature 'Implementation' and/or device 'xc7a50t'
INFO: [Common 17-349] Got license for feature 'Implementation' and/or device 'xc7a50t'

Starting Initial Update Timing Task

Time (s): cpu = 00:00:00 ; elapsed = 00:00:00.008 . Memory (MB): peak = 1952.293 ; gain = 0.000
INFO: [Vivado_Tcl 4-235] No timing constraint found. The netlist was not modified.
INFO: [Common 17-83] Releasing license: Implementation
49 Infos, 1 Warnings, 0 Critical Warnings and 0 Errors encountered.
phys_opt_design completed successfully
Write ShapeDB Complete: Time (s): cpu = 00:00:00 ; elapsed = 00:00:00.002 . Memory (MB): peak = 1964.008 ; gain = 0.000
Wrote PlaceDB: Time (s): cpu = 00:00:00 ; elapsed = 00:00:00.003 . Memory (MB): peak = 1964.008 ; gain = 0.000
Wrote PulsedLatchDB: Time (s): cpu = 00:00:00 ; elapsed = 00:00:00 . Memory (MB): peak = 1964.008 ; gain = 0.000
Writing XDEF routing.
Writing XDEF routing logical nets.
Writing XDEF routing special nets.
Wrote RouteStorage: Time (s): cpu = 00:00:00 ; elapsed = 00:00:00.028 . Memory (MB): peak = 1964.008 ; gain = 0.000
Wrote Netlist Cache: Time (s): cpu = 00:00:00 ; elapsed = 00:00:00 . Memory (MB): peak = 1964.008 ; gain = 0.000
Wrote Device Cache: Time (s): cpu = 00:00:00 ; elapsed = 00:00:00.008 . Memory (MB): peak = 1964.008 ; gain = 0.000
Write Physdb Complete: Time (s): cpu = 00:00:00 ; elapsed = 00:00:00.047 . Memory (MB): peak = 1964.008 ; gain = 0.000
INFO: [Common 17-1381] The checkpoint 'C:/Users/Asus/Desktop/Vivado/four_bitaddsub_dupli/four_bit_sub/four_bit_sub.runs/impl_1/four_bitsubtractor_physopt.dcp' has been generated.
Command: route_design
Attempting to get a license for feature 'Implementation' and/or device 'xc7a50t'
INFO: [Common 17-349] Got license for feature 'Implementation' and/or device 'xc7a50t'
Running DRC as a precondition to command route_design
INFO: [DRC 23-27] Running DRC with 2 threads
INFO: [Vivado_Tcl 4-198] DRC finished with 0 Errors
INFO: [Vivado_Tcl 4-199] Please refer to the DRC report (report_drc) for more information.


Starting Routing Task
INFO: [Route 35-254] Multithreading enabled for route_design using a maximum of 8 CPUs

Phase 1 Build RT Design
Checksum: PlaceDB: 6a3c17d9 ConstDB: 0 ShapeSum: 5b258779 RouteDB: 6d8e6c8
Post Restoration Checksum: NetGraph: a02a0db9 | NumContArr: a716e5c2 | Constraints: c2a8fa9d | Timing: c2a8fa9d
Phase 1 Build RT Design | Checksum: 2cc92e8b5

Time (s): cpu = 00:00:25 ; elapsed = 00:00:23 . Memory (MB): peak = 2042.230 ; gain = 65.645

Phase 2 Router Initialization
INFO: [Route 35-64] No timing constraints were detected. The router will operate in resource-optimization mode.

Phase 2.1 Fix Topology Constraints
Phase 2.1 Fix Topology Constraints | Checksum: 2cc92e8b5

Time (s): cpu = 00:00:25 ; elapsed = 00:00:23 . Memory (MB): peak = 2070.898 ; gain = 94.312

Phase 2.2 Pre Route Cleanup
Phase 2.2 Pre Route Cleanup | Checksum: 2cc92e8b5

Time (s): cpu = 00:00:25 ; elapsed = 00:00:23 . Memory (MB): peak = 2070.898 ; gain = 94.312
 Number of Nodes with overlaps = 0

Router Utilization Summary
  Global Vertical Routing Utilization    = 0 %
  Global Horizontal Routing Utilization  = 0 %
  Routable Net Status*
  *Does not include unroutable nets such as driverless and loadless.
  Run report_route_status for detailed report.
  Number of Failed Nets               = 14
    (Failed Nets is the sum of unrouted and partially routed nets)
  Number of Unrouted Nets             = 14
  Number of Partially Routed Nets     = 0
  Number of Node Overlaps             = 0

Phase 2 Router Initialization | Checksum: 2aca5a9fc

Time (s): cpu = 00:00:26 ; elapsed = 00:00:23 . Memory (MB): peak = 2112.145 ; gain = 135.559

Phase 3 Global Routing
Phase 3 Global Routing | Checksum: 2aca5a9fc

Time (s): cpu = 00:00:26 ; elapsed = 00:00:23 . Memory (MB): peak = 2112.145 ; gain = 135.559

Phase 4 Initial Routing

Phase 4.1 Initial Net Routing Pass
Phase 4.1 Initial Net Routing Pass | Checksum: 2464681a7

Time (s): cpu = 00:00:26 ; elapsed = 00:00:23 . Memory (MB): peak = 2112.145 ; gain = 135.559
Phase 4 Initial Routing | Checksum: 2464681a7

Time (s): cpu = 00:00:26 ; elapsed = 00:00:23 . Memory (MB): peak = 2112.145 ; gain = 135.559

Phase 5 Rip-up And Reroute

Phase 5.1 Global Iteration 0
 Number of Nodes with overlaps = 0
Phase 5.1 Global Iteration 0 | Checksum: 1bb8a4401

Time (s): cpu = 00:00:26 ; elapsed = 00:00:23 . Memory (MB): peak = 2112.145 ; gain = 135.559
Phase 5 Rip-up And Reroute | Checksum: 1bb8a4401

Time (s): cpu = 00:00:26 ; elapsed = 00:00:23 . Memory (MB): peak = 2112.145 ; gain = 135.559

Phase 6 Delay and Skew Optimization
Phase 6 Delay and Skew Optimization | Checksum: 1bb8a4401

Time (s): cpu = 00:00:26 ; elapsed = 00:00:23 . Memory (MB): peak = 2112.145 ; gain = 135.559

Phase 7 Post Hold Fix

Phase 7.1 Hold Fix Iter
Phase 7.1 Hold Fix Iter | Checksum: 1bb8a4401

Time (s): cpu = 00:00:26 ; elapsed = 00:00:23 . Memory (MB): peak = 2112.145 ; gain = 135.559
Phase 7 Post Hold Fix | Checksum: 1bb8a4401

Time (s): cpu = 00:00:26 ; elapsed = 00:00:23 . Memory (MB): peak = 2112.145 ; gain = 135.559

Phase 8 Route finalize

Router Utilization Summary
  Global Vertical Routing Utilization    = 0.00374711 %
  Global Horizontal Routing Utilization  = 0.00377408 %
  Routable Net Status*
  *Does not include unroutable nets such as driverless and loadless.
  Run report_route_status for detailed report.
  Number of Failed Nets               = 0
    (Failed Nets is the sum of unrouted and partially routed nets)
  Number of Unrouted Nets             = 0
  Number of Partially Routed Nets     = 0
  Number of Node Overlaps             = 0


--GLOBAL Congestion:
Utilization threshold used for congestion level computation: 0.85
Congestion Report
North Dir 1x1 Area, Max Cong = 0.900901%, No Congested Regions.
South Dir 1x1 Area, Max Cong = 16.2162%, No Congested Regions.
East Dir 1x1 Area, Max Cong = 5.88235%, No Congested Regions.
West Dir 1x1 Area, Max Cong = 11.7647%, No Congested Regions.

------------------------------
Reporting congestion hotspots
------------------------------
Direction: North
----------------
Congested clusters found at Level 0
Effective congestion level: 0 Aspect Ratio: 1 Sparse Ratio: 0
Direction: South
----------------
Congested clusters found at Level 0
Effective congestion level: 0 Aspect Ratio: 1 Sparse Ratio: 0
Direction: East
----------------
Congested clusters found at Level 0
Effective congestion level: 0 Aspect Ratio: 1 Sparse Ratio: 0
Direction: West
----------------
Congested clusters found at Level 0
Effective congestion level: 0 Aspect Ratio: 1 Sparse Ratio: 0

Phase 8 Route finalize | Checksum: 1bb8a4401

Time (s): cpu = 00:00:26 ; elapsed = 00:00:23 . Memory (MB): peak = 2112.145 ; gain = 135.559

Phase 9 Verifying routed nets

 Verification completed successfully
Phase 9 Verifying routed nets | Checksum: 1bb8a4401

Time (s): cpu = 00:00:26 ; elapsed = 00:00:23 . Memory (MB): peak = 2112.145 ; gain = 135.559

Phase 10 Depositing Routes
Phase 10 Depositing Routes | Checksum: 28018e376

Time (s): cpu = 00:00:26 ; elapsed = 00:00:23 . Memory (MB): peak = 2112.145 ; gain = 135.559

Phase 11 Post Process Routing
Phase 11 Post Process Routing | Checksum: 28018e376

Time (s): cpu = 00:00:26 ; elapsed = 00:00:23 . Memory (MB): peak = 2112.145 ; gain = 135.559
Total Elapsed time in route_design: 23.148 secs

Phase 12 Post-Route Event Processing
Phase 12 Post-Route Event Processing | Checksum: 16784d4ac

Time (s): cpu = 00:00:26 ; elapsed = 00:00:23 . Memory (MB): peak = 2112.145 ; gain = 135.559
INFO: [Route 35-16] Router Completed Successfully
Ending Routing Task | Checksum: 16784d4ac

Time (s): cpu = 00:00:26 ; elapsed = 00:00:23 . Memory (MB): peak = 2112.145 ; gain = 135.559

Routing Is Done.
INFO: [Common 17-83] Releasing license: Implementation
58 Infos, 1 Warnings, 0 Critical Warnings and 0 Errors encountered.
route_design completed successfully
route_design: Time (s): cpu = 00:00:28 ; elapsed = 00:00:24 . Memory (MB): peak = 2112.145 ; gain = 148.137
INFO: [Vivado 12-24828] Executing command : report_drc -file four_bitsubtractor_drc_routed.rpt -pb four_bitsubtractor_drc_routed.pb -rpx four_bitsubtractor_drc_routed.rpx
Command: report_drc -file four_bitsubtractor_drc_routed.rpt -pb four_bitsubtractor_drc_routed.pb -rpx four_bitsubtractor_drc_routed.rpx
INFO: [IP_Flow 19-1839] IP Catalog is up to date.
INFO: [DRC 23-27] Running DRC with 2 threads
INFO: [Vivado_Tcl 2-168] The results of DRC are in file C:/Users/Asus/Desktop/Vivado/four_bitaddsub_dupli/four_bit_sub/four_bit_sub.runs/impl_1/four_bitsubtractor_drc_routed.rpt.
report_drc completed successfully
INFO: [Vivado 12-24828] Executing command : report_methodology -file four_bitsubtractor_methodology_drc_routed.rpt -pb four_bitsubtractor_methodology_drc_routed.pb -rpx four_bitsubtractor_methodology_drc_routed.rpx
Command: report_methodology -file four_bitsubtractor_methodology_drc_routed.rpt -pb four_bitsubtractor_methodology_drc_routed.pb -rpx four_bitsubtractor_methodology_drc_routed.rpx
INFO: [Timing 38-35] Done setting XDC timing constraints.
INFO: [DRC 23-133] Running Methodology with 2 threads
INFO: [Vivado_Tcl 2-1520] The results of Report Methodology are in file C:/Users/Asus/Desktop/Vivado/four_bitaddsub_dupli/four_bit_sub/four_bit_sub.runs/impl_1/four_bitsubtractor_methodology_drc_routed.rpt.
report_methodology completed successfully
INFO: [Vivado 12-24828] Executing command : report_timing_summary -max_paths 10 -report_unconstrained -file four_bitsubtractor_timing_summary_routed.rpt -pb four_bitsubtractor_timing_summary_routed.pb -rpx four_bitsubtractor_timing_summary_routed.rpx -warn_on_violation 
INFO: [Timing 38-35] Done setting XDC timing constraints.
INFO: [Timing 38-91] UpdateTimingParams: Speed grade: -1, Delay Type: min_max.
INFO: [Timing 38-191] Multithreading enabled for timing update using a maximum of 2 CPUs
WARNING: [Timing 38-313] There are no user specified timing constraints. Timing constraints are needed for proper timing analysis.
INFO: [Vivado 12-24838] Running report commands "report_incremental_reuse, report_route_status" in parallel.
Running report generation with 2 threads.
INFO: [Vivado 12-24828] Executing command : report_route_status -file four_bitsubtractor_route_status.rpt -pb four_bitsubtractor_route_status.pb
INFO: [Vivado 12-24828] Executing command : report_incremental_reuse -file four_bitsubtractor_incremental_reuse_routed.rpt
INFO: [Vivado_Tcl 4-1062] Incremental flow is disabled. No incremental reuse Info to report.
INFO: [Vivado 12-24828] Executing command : report_power -file four_bitsubtractor_power_routed.rpt -pb four_bitsubtractor_power_summary_routed.pb -rpx four_bitsubtractor_power_routed.rpx
Command: report_power -file four_bitsubtractor_power_routed.rpt -pb four_bitsubtractor_power_summary_routed.pb -rpx four_bitsubtractor_power_routed.rpx
WARNING: [Power 33-232] No user defined clocks were found in the design! Power estimation will be inaccurate until this is corrected.
Resolution: Please specify clocks using create_clock/create_generated_clock for sequential elements. For pure combinatorial circuits, please specify a virtual clock, otherwise the vectorless estimation might be inaccurate
Running Vector-less Activity Propagation...

Finished Running Vector-less Activity Propagation
75 Infos, 3 Warnings, 0 Critical Warnings and 0 Errors encountered.
report_power completed successfully
INFO: [Vivado 12-24828] Executing command : report_clock_utilization -file four_bitsubtractor_clock_utilization_routed.rpt
WARNING: [Device 21-9320] Failed to find the Oracle tile group with name 'HSR_BOUNDARY_TOP'. This is required for Clock regions and Virtual grid.
WARNING: [Device 21-2174] Failed to initialize Virtual grid.
INFO: [Vivado 12-24828] Executing command : report_bus_skew -warn_on_violation -file four_bitsubtractor_bus_skew_routed.rpt -pb four_bitsubtractor_bus_skew_routed.pb -rpx four_bitsubtractor_bus_skew_routed.rpx
INFO: [Timing 38-91] UpdateTimingParams: Speed grade: -1, Delay Type: min_max.
INFO: [Timing 38-191] Multithreading enabled for timing update using a maximum of 2 CPUs
Write ShapeDB Complete: Time (s): cpu = 00:00:00 ; elapsed = 00:00:00.001 . Memory (MB): peak = 2112.145 ; gain = 0.000
Wrote PlaceDB: Time (s): cpu = 00:00:00 ; elapsed = 00:00:00.004 . Memory (MB): peak = 2112.145 ; gain = 0.000
Wrote PulsedLatchDB: Time (s): cpu = 00:00:00 ; elapsed = 00:00:00 . Memory (MB): peak = 2112.145 ; gain = 0.000
Writing XDEF routing.
Writing XDEF routing logical nets.
Writing XDEF routing special nets.
Wrote RouteStorage: Time (s): cpu = 00:00:00 ; elapsed = 00:00:00.026 . Memory (MB): peak = 2112.145 ; gain = 0.000
Wrote Netlist Cache: Time (s): cpu = 00:00:00 ; elapsed = 00:00:00 . Memory (MB): peak = 2112.145 ; gain = 0.000
Wrote Device Cache: Time (s): cpu = 00:00:00 ; elapsed = 00:00:00.011 . Memory (MB): peak = 2112.145 ; gain = 0.000
Write Physdb Complete: Time (s): cpu = 00:00:00 ; elapsed = 00:00:00.048 . Memory (MB): peak = 2112.145 ; gain = 0.000
INFO: [Common 17-1381] The checkpoint 'C:/Users/Asus/Desktop/Vivado/four_bitaddsub_dupli/four_bit_sub/four_bit_sub.runs/impl_1/four_bitsubtractor_routed.dcp' has been generated.
INFO: [Common 17-206] Exiting Vivado at Sun Sep 22 23:34:06 2024...
