Copyright 1986-2022 Xilinx, Inc. All Rights Reserved. Copyright 2022-2024 Advanced Micro Devices, Inc. All Rights Reserved.
---------------------------------------------------------------------------------------------------------------------------------------------------------------------------------------------------------
| Tool Version : Vivado v.2024.1 (win64) Build 5076996 Wed May 22 18:37:14 MDT 2024
| Date         : Sun Dec 22 23:09:31 2024
| Host         : DESKTOP-J74V7E8 running 64-bit major release  (build 9200)
| Command      : report_timing_summary -max_paths 10 -report_unconstrained -file siso_timing_summary_routed.rpt -pb siso_timing_summary_routed.pb -rpx siso_timing_summary_routed.rpx -warn_on_violation
| Design       : siso
| Device       : 7a50t-csg324
| Speed File   : -1  PRODUCTION 1.23 2018-06-13
| Design State : Routed
---------------------------------------------------------------------------------------------------------------------------------------------------------------------------------------------------------

Timing Summary Report

------------------------------------------------------------------------------------------------
| Timer Settings
| --------------
------------------------------------------------------------------------------------------------

  Enable Multi Corner Analysis               :  Yes
  Enable Pessimism Removal                   :  Yes
  Pessimism Removal Resolution               :  Nearest Common Node
  Enable Input Delay Default Clock           :  No
  Enable Preset / Clear Arcs                 :  No
  Disable Flight Delays                      :  No
  Ignore I/O Paths                           :  No
  Timing Early Launch at Borrowing Latches   :  No
  Borrow Time for Max Delay Exceptions       :  Yes
  Merge Timing Exceptions                    :  Yes
  Inter-SLR Compensation                     :  Conservative

  Corner  Analyze    Analyze    
  Name    Max Paths  Min Paths  
  ------  ---------  ---------  
  Slow    Yes        Yes        
  Fast    Yes        Yes        


------------------------------------------------------------------------------------------------
| Report Methodology
| ------------------
------------------------------------------------------------------------------------------------

Rule       Severity          Description                  Violations  
---------  ----------------  ---------------------------  ----------  
TIMING-17  Critical Warning  Non-clocked sequential cell  3           

Note: This report is based on the most recent report_methodology run and may not be up-to-date. Run report_methodology on the current design for the latest report.



check_timing report

Table of Contents
-----------------
1. checking no_clock (3)
2. checking constant_clock (0)
3. checking pulse_width_clock (0)
4. checking unconstrained_internal_endpoints (6)
5. checking no_input_delay (2)
6. checking no_output_delay (1)
7. checking multiple_clock (0)
8. checking generated_clocks (0)
9. checking loops (0)
10. checking partial_input_delay (0)
11. checking partial_output_delay (0)
12. checking latch_loops (0)

1. checking no_clock (3)
------------------------
 There are 3 register/latch pins with no clock driven by root clock pin: clk (HIGH)


2. checking constant_clock (0)
------------------------------
 There are 0 register/latch pins with constant_clock.


3. checking pulse_width_clock (0)
---------------------------------
 There are 0 register/latch pins which need pulse_width check


4. checking unconstrained_internal_endpoints (6)
------------------------------------------------
 There are 6 pins that are not constrained for maximum delay. (HIGH)

 There are 0 pins that are not constrained for maximum delay due to constant clock.


5. checking no_input_delay (2)
------------------------------
 There are 2 input ports with no input delay specified. (HIGH)

 There are 0 input ports with no input delay but user has a false path constraint.


6. checking no_output_delay (1)
-------------------------------
 There is 1 port with no output delay specified. (HIGH)

 There are 0 ports with no output delay but user has a false path constraint

 There are 0 ports with no output delay but with a timing clock defined on it or propagating through it


7. checking multiple_clock (0)
------------------------------
 There are 0 register/latch pins with multiple clocks.


8. checking generated_clocks (0)
--------------------------------
 There are 0 generated clocks that are not connected to a clock source.


9. checking loops (0)
---------------------
 There are 0 combinational loops in the design.


10. checking partial_input_delay (0)
------------------------------------
 There are 0 input ports with partial input delay specified.


11. checking partial_output_delay (0)
-------------------------------------
 There are 0 ports with partial output delay specified.


12. checking latch_loops (0)
----------------------------
 There are 0 combinational latch loops in the design through latch input



------------------------------------------------------------------------------------------------
| Design Timing Summary
| ---------------------
------------------------------------------------------------------------------------------------

    WNS(ns)      TNS(ns)  TNS Failing Endpoints  TNS Total Endpoints      WHS(ns)      THS(ns)  THS Failing Endpoints  THS Total Endpoints     WPWS(ns)     TPWS(ns)  TPWS Failing Endpoints  TPWS Total Endpoints  
    -------      -------  ---------------------  -------------------      -------      -------  ---------------------  -------------------     --------     --------  ----------------------  --------------------  
        inf        0.000                      0                    7          inf        0.000                      0                    7           NA           NA                      NA                    NA  


There are no user specified timing constraints.


------------------------------------------------------------------------------------------------
| Clock Summary
| -------------
------------------------------------------------------------------------------------------------


------------------------------------------------------------------------------------------------
| Intra Clock Table
| -----------------
------------------------------------------------------------------------------------------------

Clock             WNS(ns)      TNS(ns)  TNS Failing Endpoints  TNS Total Endpoints      WHS(ns)      THS(ns)  THS Failing Endpoints  THS Total Endpoints     WPWS(ns)     TPWS(ns)  TPWS Failing Endpoints  TPWS Total Endpoints  
-----             -------      -------  ---------------------  -------------------      -------      -------  ---------------------  -------------------     --------     --------  ----------------------  --------------------  


------------------------------------------------------------------------------------------------
| Inter Clock Table
| -----------------
------------------------------------------------------------------------------------------------

From Clock    To Clock          WNS(ns)      TNS(ns)  TNS Failing Endpoints  TNS Total Endpoints      WHS(ns)      THS(ns)  THS Failing Endpoints  THS Total Endpoints  
----------    --------          -------      -------  ---------------------  -------------------      -------      -------  ---------------------  -------------------  


------------------------------------------------------------------------------------------------
| Other Path Groups Table
| -----------------------
------------------------------------------------------------------------------------------------

Path Group    From Clock    To Clock          WNS(ns)      TNS(ns)  TNS Failing Endpoints  TNS Total Endpoints      WHS(ns)      THS(ns)  THS Failing Endpoints  THS Total Endpoints  
----------    ----------    --------          -------      -------  ---------------------  -------------------      -------      -------  ---------------------  -------------------  


------------------------------------------------------------------------------------------------
| User Ignored Path Table
| -----------------------
------------------------------------------------------------------------------------------------

Path Group    From Clock    To Clock    
----------    ----------    --------    


------------------------------------------------------------------------------------------------
| Unconstrained Path Table
| ------------------------
------------------------------------------------------------------------------------------------

Path Group    From Clock    To Clock    
----------    ----------    --------    
(none)                                    


------------------------------------------------------------------------------------------------
| Timing Details
| --------------
------------------------------------------------------------------------------------------------


--------------------------------------------------------------------------------------
Path Group:  (none)
From Clock:  
  To Clock:  

Max Delay             7 Endpoints
Min Delay             7 Endpoints
--------------------------------------------------------------------------------------


Max Delay Paths
--------------------------------------------------------------------------------------
Slack:                    inf
  Source:                 q_reg/C
                            (rising edge-triggered cell FDCE)
  Destination:            q
                            (output port)
  Path Group:             (none)
  Path Type:              Max at Slow Process Corner
  Data Path Delay:        5.094ns  (logic 3.288ns (64.551%)  route 1.806ns (35.449%))
  Logic Levels:           2  (FDCE=1 OBUF=1)

    Location             Delay type                Incr(ns)  Path(ns)    Netlist Resource(s)
  -------------------------------------------------------------------    -------------------
    SLICE_X2Y1           FDCE                         0.000     0.000 r  q_reg/C
    SLICE_X2Y1           FDCE (Prop_fdce_C_Q)         0.478     0.478 r  q_reg/Q
                         net (fo=1, routed)           1.806     2.284    q_OBUF
    T9                   OBUF (Prop_obuf_I_O)         2.810     5.094 r  q_OBUF_inst/O
                         net (fo=0)                   0.000     5.094    q
    T9                                                                r  q (OUT)
  -------------------------------------------------------------------    -------------------

Slack:                    inf
  Source:                 reset
                            (input port)
  Destination:            temp_reg[3]/CE
  Path Group:             (none)
  Path Type:              Max at Slow Process Corner
  Data Path Delay:        2.554ns  (logic 1.094ns (42.818%)  route 1.461ns (57.182%))
  Logic Levels:           2  (IBUF=1 LUT1=1)

    Location             Delay type                Incr(ns)  Path(ns)    Netlist Resource(s)
  -------------------------------------------------------------------    -------------------
    T10                                               0.000     0.000 f  reset (IN)
                         net (fo=0)                   0.000     0.000    reset
    T10                  IBUF (Prop_ibuf_I_O)         0.970     0.970 f  reset_IBUF_inst/O
                         net (fo=2, routed)           1.071     2.041    reset_IBUF
    SLICE_X1Y1           LUT1 (Prop_lut1_I0_O)        0.124     2.165 r  temp_reg[0]_srl3_i_1/O
                         net (fo=2, routed)           0.390     2.554    p_0_in
    SLICE_X1Y1           FDRE                                         r  temp_reg[3]/CE
  -------------------------------------------------------------------    -------------------

Slack:                    inf
  Source:                 reset
                            (input port)
  Destination:            temp_reg[0]_srl3/CE
  Path Group:             (none)
  Path Type:              Max at Slow Process Corner
  Data Path Delay:        2.498ns  (logic 1.094ns (43.784%)  route 1.404ns (56.216%))
  Logic Levels:           2  (IBUF=1 LUT1=1)

    Location             Delay type                Incr(ns)  Path(ns)    Netlist Resource(s)
  -------------------------------------------------------------------    -------------------
    T10                                               0.000     0.000 f  reset (IN)
                         net (fo=0)                   0.000     0.000    reset
    T10                  IBUF (Prop_ibuf_I_O)         0.970     0.970 f  reset_IBUF_inst/O
                         net (fo=2, routed)           1.071     2.041    reset_IBUF
    SLICE_X1Y1           LUT1 (Prop_lut1_I0_O)        0.124     2.165 r  temp_reg[0]_srl3_i_1/O
                         net (fo=2, routed)           0.333     2.498    p_0_in
    SLICE_X2Y1           SRL16E                                       r  temp_reg[0]_srl3/CE
  -------------------------------------------------------------------    -------------------

Slack:                    inf
  Source:                 reset
                            (input port)
  Destination:            q_reg/CLR
  Path Group:             (none)
  Path Type:              Max at Slow Process Corner
  Data Path Delay:        2.163ns  (logic 0.970ns (44.831%)  route 1.193ns (55.169%))
  Logic Levels:           1  (IBUF=1)

    Location             Delay type                Incr(ns)  Path(ns)    Netlist Resource(s)
  -------------------------------------------------------------------    -------------------
    T10                                               0.000     0.000 f  reset (IN)
                         net (fo=0)                   0.000     0.000    reset
    T10                  IBUF (Prop_ibuf_I_O)         0.970     0.970 f  reset_IBUF_inst/O
                         net (fo=2, routed)           1.193     2.163    reset_IBUF
    SLICE_X2Y1           FDCE                                         f  q_reg/CLR
  -------------------------------------------------------------------    -------------------

Slack:                    inf
  Source:                 d
                            (input port)
  Destination:            temp_reg[3]/D
  Path Group:             (none)
  Path Type:              Max at Slow Process Corner
  Data Path Delay:        1.862ns  (logic 0.966ns (51.874%)  route 0.896ns (48.126%))
  Logic Levels:           1  (IBUF=1)

    Location             Delay type                Incr(ns)  Path(ns)    Netlist Resource(s)
  -------------------------------------------------------------------    -------------------
    R10                                               0.000     0.000 r  d (IN)
                         net (fo=0)                   0.000     0.000    d
    R10                  IBUF (Prop_ibuf_I_O)         0.966     0.966 r  d_IBUF_inst/O
                         net (fo=1, routed)           0.896     1.862    d_IBUF
    SLICE_X1Y1           FDRE                                         r  temp_reg[3]/D
  -------------------------------------------------------------------    -------------------

Slack:                    inf
  Source:                 temp_reg[0]_srl3/CLK
                            (rising edge-triggered cell SRL16E)
  Destination:            q_reg/D
  Path Group:             (none)
  Path Type:              Max at Slow Process Corner
  Data Path Delay:        1.617ns  (logic 1.617ns (100.000%)  route 0.000ns (0.000%))
  Logic Levels:           1  (SRL16E=1)

    Location             Delay type                Incr(ns)  Path(ns)    Netlist Resource(s)
  -------------------------------------------------------------------    -------------------
    SLICE_X2Y1           SRL16E                       0.000     0.000 r  temp_reg[0]_srl3/CLK
    SLICE_X2Y1           SRL16E (Prop_srl16e_CLK_Q)
                                                      1.617     1.617 r  temp_reg[0]_srl3/Q
                         net (fo=1, routed)           0.000     1.617    temp_reg[0]_srl3_n_0
    SLICE_X2Y1           FDCE                                         r  q_reg/D
  -------------------------------------------------------------------    -------------------

Slack:                    inf
  Source:                 temp_reg[3]/C
                            (rising edge-triggered cell FDRE)
  Destination:            temp_reg[0]_srl3/D
  Path Group:             (none)
  Path Type:              Max at Slow Process Corner
  Data Path Delay:        0.920ns  (logic 0.456ns (49.559%)  route 0.464ns (50.441%))
  Logic Levels:           1  (FDRE=1)

    Location             Delay type                Incr(ns)  Path(ns)    Netlist Resource(s)
  -------------------------------------------------------------------    -------------------
    SLICE_X1Y1           FDRE                         0.000     0.000 r  temp_reg[3]/C
    SLICE_X1Y1           FDRE (Prop_fdre_C_Q)         0.456     0.456 r  temp_reg[3]/Q
                         net (fo=1, routed)           0.464     0.920    temp_reg_n_0_[3]
    SLICE_X2Y1           SRL16E                                       r  temp_reg[0]_srl3/D
  -------------------------------------------------------------------    -------------------





Min Delay Paths
--------------------------------------------------------------------------------------
Slack:                    inf
  Source:                 temp_reg[3]/C
                            (rising edge-triggered cell FDRE)
  Destination:            temp_reg[0]_srl3/D
  Path Group:             (none)
  Path Type:              Min at Fast Process Corner
  Data Path Delay:        0.301ns  (logic 0.141ns (46.827%)  route 0.160ns (53.173%))
  Logic Levels:           1  (FDRE=1)

    Location             Delay type                Incr(ns)  Path(ns)    Netlist Resource(s)
  -------------------------------------------------------------------    -------------------
    SLICE_X1Y1           FDRE                         0.000     0.000 r  temp_reg[3]/C
    SLICE_X1Y1           FDRE (Prop_fdre_C_Q)         0.141     0.141 r  temp_reg[3]/Q
                         net (fo=1, routed)           0.160     0.301    temp_reg_n_0_[3]
    SLICE_X2Y1           SRL16E                                       r  temp_reg[0]_srl3/D
  -------------------------------------------------------------------    -------------------

Slack:                    inf
  Source:                 temp_reg[0]_srl3/CLK
                            (rising edge-triggered cell SRL16E)
  Destination:            q_reg/D
  Path Group:             (none)
  Path Type:              Min at Fast Process Corner
  Data Path Delay:        0.488ns  (logic 0.488ns (100.000%)  route 0.000ns (0.000%))
  Logic Levels:           1  (SRL16E=1)

    Location             Delay type                Incr(ns)  Path(ns)    Netlist Resource(s)
  -------------------------------------------------------------------    -------------------
    SLICE_X2Y1           SRL16E                       0.000     0.000 r  temp_reg[0]_srl3/CLK
    SLICE_X2Y1           SRL16E (Prop_srl16e_CLK_Q)
                                                      0.488     0.488 r  temp_reg[0]_srl3/Q
                         net (fo=1, routed)           0.000     0.488    temp_reg[0]_srl3_n_0
    SLICE_X2Y1           FDCE                                         r  q_reg/D
  -------------------------------------------------------------------    -------------------

Slack:                    inf
  Source:                 d
                            (input port)
  Destination:            temp_reg[3]/D
  Path Group:             (none)
  Path Type:              Min at Fast Process Corner
  Data Path Delay:        0.545ns  (logic 0.195ns (35.733%)  route 0.350ns (64.267%))
  Logic Levels:           1  (IBUF=1)

    Location             Delay type                Incr(ns)  Path(ns)    Netlist Resource(s)
  -------------------------------------------------------------------    -------------------
    R10                                               0.000     0.000 r  d (IN)
                         net (fo=0)                   0.000     0.000    d
    R10                  IBUF (Prop_ibuf_I_O)         0.195     0.195 r  d_IBUF_inst/O
                         net (fo=1, routed)           0.350     0.545    d_IBUF
    SLICE_X1Y1           FDRE                                         r  temp_reg[3]/D
  -------------------------------------------------------------------    -------------------

Slack:                    inf
  Source:                 reset
                            (input port)
  Destination:            q_reg/CLR
  Path Group:             (none)
  Path Type:              Min at Fast Process Corner
  Data Path Delay:        0.670ns  (logic 0.198ns (29.631%)  route 0.471ns (70.369%))
  Logic Levels:           1  (IBUF=1)

    Location             Delay type                Incr(ns)  Path(ns)    Netlist Resource(s)
  -------------------------------------------------------------------    -------------------
    T10                                               0.000     0.000 f  reset (IN)
                         net (fo=0)                   0.000     0.000    reset
    T10                  IBUF (Prop_ibuf_I_O)         0.198     0.198 f  reset_IBUF_inst/O
                         net (fo=2, routed)           0.471     0.670    reset_IBUF
    SLICE_X2Y1           FDCE                                         f  q_reg/CLR
  -------------------------------------------------------------------    -------------------

Slack:                    inf
  Source:                 reset
                            (input port)
  Destination:            temp_reg[0]_srl3/CE
  Path Group:             (none)
  Path Type:              Min at Fast Process Corner
  Data Path Delay:        0.763ns  (logic 0.243ns (31.922%)  route 0.519ns (68.078%))
  Logic Levels:           2  (IBUF=1 LUT1=1)

    Location             Delay type                Incr(ns)  Path(ns)    Netlist Resource(s)
  -------------------------------------------------------------------    -------------------
    T10                                               0.000     0.000 f  reset (IN)
                         net (fo=0)                   0.000     0.000    reset
    T10                  IBUF (Prop_ibuf_I_O)         0.198     0.198 f  reset_IBUF_inst/O
                         net (fo=2, routed)           0.408     0.606    reset_IBUF
    SLICE_X1Y1           LUT1 (Prop_lut1_I0_O)        0.045     0.651 r  temp_reg[0]_srl3_i_1/O
                         net (fo=2, routed)           0.111     0.763    p_0_in
    SLICE_X2Y1           SRL16E                                       r  temp_reg[0]_srl3/CE
  -------------------------------------------------------------------    -------------------

Slack:                    inf
  Source:                 reset
                            (input port)
  Destination:            temp_reg[3]/CE
  Path Group:             (none)
  Path Type:              Min at Fast Process Corner
  Data Path Delay:        0.778ns  (logic 0.243ns (31.291%)  route 0.535ns (68.709%))
  Logic Levels:           2  (IBUF=1 LUT1=1)

    Location             Delay type                Incr(ns)  Path(ns)    Netlist Resource(s)
  -------------------------------------------------------------------    -------------------
    T10                                               0.000     0.000 f  reset (IN)
                         net (fo=0)                   0.000     0.000    reset
    T10                  IBUF (Prop_ibuf_I_O)         0.198     0.198 f  reset_IBUF_inst/O
                         net (fo=2, routed)           0.408     0.606    reset_IBUF
    SLICE_X1Y1           LUT1 (Prop_lut1_I0_O)        0.045     0.651 r  temp_reg[0]_srl3_i_1/O
                         net (fo=2, routed)           0.127     0.778    p_0_in
    SLICE_X1Y1           FDRE                                         r  temp_reg[3]/CE
  -------------------------------------------------------------------    -------------------

Slack:                    inf
  Source:                 q_reg/C
                            (rising edge-triggered cell FDCE)
  Destination:            q
                            (output port)
  Path Group:             (none)
  Path Type:              Min at Fast Process Corner
  Data Path Delay:        1.738ns  (logic 1.357ns (78.046%)  route 0.382ns (21.954%))
  Logic Levels:           2  (FDCE=1 OBUF=1)

    Location             Delay type                Incr(ns)  Path(ns)    Netlist Resource(s)
  -------------------------------------------------------------------    -------------------
    SLICE_X2Y1           FDCE                         0.000     0.000 r  q_reg/C
    SLICE_X2Y1           FDCE (Prop_fdce_C_Q)         0.148     0.148 r  q_reg/Q
                         net (fo=1, routed)           0.382     0.530    q_OBUF
    T9                   OBUF (Prop_obuf_I_O)         1.209     1.738 r  q_OBUF_inst/O
                         net (fo=0)                   0.000     1.738    q
    T9                                                                r  q (OUT)
  -------------------------------------------------------------------    -------------------





