Copyright 1986-2022 Xilinx, Inc. All Rights Reserved. Copyright 2022-2024 Advanced Micro Devices, Inc. All Rights Reserved.
------------------------------------------------------------------------------------------------------------------------------------------------------------------------------------------------------
| Tool Version : Vivado v.2024.1 (win64) Build 5076996 Wed May 22 18:37:14 MDT 2024
| Date         : Mon Dec 30 00:01:31 2024
| Host         : DESKTOP-J74V7E8 running 64-bit major release  (build 9200)
| Command      : report_timing_summary -max_paths 10 -report_unconstrained -file alu_timing_summary_routed.rpt -pb alu_timing_summary_routed.pb -rpx alu_timing_summary_routed.rpx -warn_on_violation
| Design       : alu
| Device       : 7a50t-csg324
| Speed File   : -1  PRODUCTION 1.23 2018-06-13
| Design State : Routed
------------------------------------------------------------------------------------------------------------------------------------------------------------------------------------------------------

Timing Summary Report

------------------------------------------------------------------------------------------------
| Timer Settings
| --------------
------------------------------------------------------------------------------------------------

  Enable Multi Corner Analysis               :  Yes
  Enable Pessimism Removal                   :  Yes
  Pessimism Removal Resolution               :  Nearest Common Node
  Enable Input Delay Default Clock           :  No
  Enable Preset / Clear Arcs                 :  No
  Disable Flight Delays                      :  No
  Ignore I/O Paths                           :  No
  Timing Early Launch at Borrowing Latches   :  No
  Borrow Time for Max Delay Exceptions       :  Yes
  Merge Timing Exceptions                    :  Yes
  Inter-SLR Compensation                     :  Conservative

  Corner  Analyze    Analyze    
  Name    Max Paths  Min Paths  
  ------  ---------  ---------  
  Slow    Yes        Yes        
  Fast    Yes        Yes        


------------------------------------------------------------------------------------------------
| Report Methodology
| ------------------
------------------------------------------------------------------------------------------------

Rule       Severity  Description                     Violations  
---------  --------  ------------------------------  ----------  
TIMING-20  Warning   Non-clocked latch               10          
LATCH-1    Advisory  Existing latches in the design  1           

Note: This report is based on the most recent report_methodology run and may not be up-to-date. Run report_methodology on the current design for the latest report.



check_timing report

Table of Contents
-----------------
1. checking no_clock (40)
2. checking constant_clock (0)
3. checking pulse_width_clock (0)
4. checking unconstrained_internal_endpoints (10)
5. checking no_input_delay (16)
6. checking no_output_delay (9)
7. checking multiple_clock (0)
8. checking generated_clocks (0)
9. checking loops (0)
10. checking partial_input_delay (0)
11. checking partial_output_delay (0)
12. checking latch_loops (0)

1. checking no_clock (40)
-------------------------
 There are 10 register/latch pins with no clock driven by root clock pin: alu_sel[0] (HIGH)

 There are 10 register/latch pins with no clock driven by root clock pin: alu_sel[1] (HIGH)

 There are 10 register/latch pins with no clock driven by root clock pin: alu_sel[2] (HIGH)

 There are 10 register/latch pins with no clock driven by root clock pin: alu_sel[3] (HIGH)


2. checking constant_clock (0)
------------------------------
 There are 0 register/latch pins with constant_clock.


3. checking pulse_width_clock (0)
---------------------------------
 There are 0 register/latch pins which need pulse_width check


4. checking unconstrained_internal_endpoints (10)
-------------------------------------------------
 There are 10 pins that are not constrained for maximum delay. (HIGH)

 There are 0 pins that are not constrained for maximum delay due to constant clock.


5. checking no_input_delay (16)
-------------------------------
 There are 16 input ports with no input delay specified. (HIGH)

 There are 0 input ports with no input delay but user has a false path constraint.


6. checking no_output_delay (9)
-------------------------------
 There are 9 ports with no output delay specified. (HIGH)

 There are 0 ports with no output delay but user has a false path constraint

 There are 0 ports with no output delay but with a timing clock defined on it or propagating through it


7. checking multiple_clock (0)
------------------------------
 There are 0 register/latch pins with multiple clocks.


8. checking generated_clocks (0)
--------------------------------
 There are 0 generated clocks that are not connected to a clock source.


9. checking loops (0)
---------------------
 There are 0 combinational loops in the design.


10. checking partial_input_delay (0)
------------------------------------
 There are 0 input ports with partial input delay specified.


11. checking partial_output_delay (0)
-------------------------------------
 There are 0 ports with partial output delay specified.


12. checking latch_loops (0)
----------------------------
 There are 0 combinational latch loops in the design through latch input



------------------------------------------------------------------------------------------------
| Design Timing Summary
| ---------------------
------------------------------------------------------------------------------------------------

    WNS(ns)      TNS(ns)  TNS Failing Endpoints  TNS Total Endpoints      WHS(ns)      THS(ns)  THS Failing Endpoints  THS Total Endpoints     WPWS(ns)     TPWS(ns)  TPWS Failing Endpoints  TPWS Total Endpoints  
    -------      -------  ---------------------  -------------------      -------      -------  ---------------------  -------------------     --------     --------  ----------------------  --------------------  
        inf        0.000                      0                   19          inf        0.000                      0                   19           NA           NA                      NA                    NA  


There are no user specified timing constraints.


------------------------------------------------------------------------------------------------
| Clock Summary
| -------------
------------------------------------------------------------------------------------------------


------------------------------------------------------------------------------------------------
| Intra Clock Table
| -----------------
------------------------------------------------------------------------------------------------

Clock             WNS(ns)      TNS(ns)  TNS Failing Endpoints  TNS Total Endpoints      WHS(ns)      THS(ns)  THS Failing Endpoints  THS Total Endpoints     WPWS(ns)     TPWS(ns)  TPWS Failing Endpoints  TPWS Total Endpoints  
-----             -------      -------  ---------------------  -------------------      -------      -------  ---------------------  -------------------     --------     --------  ----------------------  --------------------  


------------------------------------------------------------------------------------------------
| Inter Clock Table
| -----------------
------------------------------------------------------------------------------------------------

From Clock    To Clock          WNS(ns)      TNS(ns)  TNS Failing Endpoints  TNS Total Endpoints      WHS(ns)      THS(ns)  THS Failing Endpoints  THS Total Endpoints  
----------    --------          -------      -------  ---------------------  -------------------      -------      -------  ---------------------  -------------------  


------------------------------------------------------------------------------------------------
| Other Path Groups Table
| -----------------------
------------------------------------------------------------------------------------------------

Path Group    From Clock    To Clock          WNS(ns)      TNS(ns)  TNS Failing Endpoints  TNS Total Endpoints      WHS(ns)      THS(ns)  THS Failing Endpoints  THS Total Endpoints  
----------    ----------    --------          -------      -------  ---------------------  -------------------      -------      -------  ---------------------  -------------------  


------------------------------------------------------------------------------------------------
| User Ignored Path Table
| -----------------------
------------------------------------------------------------------------------------------------

Path Group    From Clock    To Clock    
----------    ----------    --------    


------------------------------------------------------------------------------------------------
| Unconstrained Path Table
| ------------------------
------------------------------------------------------------------------------------------------

Path Group    From Clock    To Clock    
----------    ----------    --------    
(none)                                    


------------------------------------------------------------------------------------------------
| Timing Details
| --------------
------------------------------------------------------------------------------------------------


--------------------------------------------------------------------------------------
Path Group:  (none)
From Clock:  
  To Clock:  

Max Delay            19 Endpoints
Min Delay            19 Endpoints
--------------------------------------------------------------------------------------


Max Delay Paths
--------------------------------------------------------------------------------------
Slack:                    inf
  Source:                 a[1]
                            (input port)
  Destination:            alu_out[5]
                            (output port)
  Path Group:             (none)
  Path Type:              Max at Slow Process Corner
  Data Path Delay:        10.861ns  (logic 5.026ns (46.278%)  route 5.835ns (53.722%))
  Logic Levels:           7  (CARRY4=2 IBUF=1 LUT2=1 LUT6=2 OBUF=1)

    Location             Delay type                Incr(ns)  Path(ns)    Netlist Resource(s)
  -------------------------------------------------------------------    -------------------
    T10                                               0.000     0.000 r  a[1] (IN)
                         net (fo=0)                   0.000     0.000    a[1]
    T10                  IBUF (Prop_ibuf_I_O)         0.970     0.970 r  a_IBUF[1]_inst/O
                         net (fo=16, routed)          2.262     3.231    a_IBUF[1]
    SLICE_X3Y12          LUT2 (Prop_lut2_I0_O)        0.124     3.355 r  alu_out_OBUF[3]_inst_i_10/O
                         net (fo=1, routed)           0.000     3.355    alu_out_OBUF[3]_inst_i_10_n_0
    SLICE_X3Y12          CARRY4 (Prop_carry4_S[1]_CO[3])
                                                      0.550     3.905 r  alu_out_OBUF[3]_inst_i_7/CO[3]
                         net (fo=1, routed)           0.000     3.905    alu_out_OBUF[3]_inst_i_7_n_0
    SLICE_X3Y13          CARRY4 (Prop_carry4_CI_O[1])
                                                      0.334     4.239 r  alu_out_OBUF[7]_inst_i_7/O[1]
                         net (fo=1, routed)           0.804     5.044    data2[5]
    SLICE_X4Y13          LUT6 (Prop_lut6_I5_O)        0.303     5.347 r  alu_out_OBUF[5]_inst_i_3/O
                         net (fo=1, routed)           0.667     6.013    alu_out_OBUF[5]_inst_i_3_n_0
    SLICE_X4Y13          LUT6 (Prop_lut6_I2_O)        0.124     6.137 r  alu_out_OBUF[5]_inst_i_1/O
                         net (fo=1, routed)           2.102     8.240    alu_out_OBUF[5]
    R17                  OBUF (Prop_obuf_I_O)         2.622    10.861 r  alu_out_OBUF[5]_inst/O
                         net (fo=0)                   0.000    10.861    alu_out[5]
    R17                                                               r  alu_out[5] (OUT)
  -------------------------------------------------------------------    -------------------

Slack:                    inf
  Source:                 a[1]
                            (input port)
  Destination:            alu_out[6]
                            (output port)
  Path Group:             (none)
  Path Type:              Max at Slow Process Corner
  Data Path Delay:        10.649ns  (logic 4.935ns (46.341%)  route 5.714ns (53.659%))
  Logic Levels:           7  (CARRY4=2 IBUF=1 LUT2=1 LUT6=2 OBUF=1)

    Location             Delay type                Incr(ns)  Path(ns)    Netlist Resource(s)
  -------------------------------------------------------------------    -------------------
    T10                                               0.000     0.000 r  a[1] (IN)
                         net (fo=0)                   0.000     0.000    a[1]
    T10                  IBUF (Prop_ibuf_I_O)         0.970     0.970 r  a_IBUF[1]_inst/O
                         net (fo=16, routed)          2.262     3.231    a_IBUF[1]
    SLICE_X3Y12          LUT2 (Prop_lut2_I0_O)        0.124     3.355 r  alu_out_OBUF[3]_inst_i_10/O
                         net (fo=1, routed)           0.000     3.355    alu_out_OBUF[3]_inst_i_10_n_0
    SLICE_X3Y12          CARRY4 (Prop_carry4_S[1]_CO[3])
                                                      0.550     3.905 r  alu_out_OBUF[3]_inst_i_7/CO[3]
                         net (fo=1, routed)           0.000     3.905    alu_out_OBUF[3]_inst_i_7_n_0
    SLICE_X3Y13          CARRY4 (Prop_carry4_CI_O[2])
                                                      0.239     4.144 r  alu_out_OBUF[7]_inst_i_7/O[2]
                         net (fo=1, routed)           0.835     4.979    data2[6]
    SLICE_X2Y15          LUT6 (Prop_lut6_I5_O)        0.302     5.281 r  alu_out_OBUF[6]_inst_i_3/O
                         net (fo=1, routed)           0.670     5.951    alu_out_OBUF[6]_inst_i_3_n_0
    SLICE_X2Y15          LUT6 (Prop_lut6_I2_O)        0.124     6.075 r  alu_out_OBUF[6]_inst_i_1/O
                         net (fo=1, routed)           1.948     8.023    alu_out_OBUF[6]
    P17                  OBUF (Prop_obuf_I_O)         2.626    10.649 r  alu_out_OBUF[6]_inst/O
                         net (fo=0)                   0.000    10.649    alu_out[6]
    P17                                                               r  alu_out[6] (OUT)
  -------------------------------------------------------------------    -------------------

Slack:                    inf
  Source:                 b[2]
                            (input port)
  Destination:            alu_out[0]
                            (output port)
  Path Group:             (none)
  Path Type:              Max at Slow Process Corner
  Data Path Delay:        10.638ns  (logic 4.114ns (38.678%)  route 6.523ns (61.322%))
  Logic Levels:           6  (IBUF=1 LUT2=1 LUT6=3 OBUF=1)

    Location             Delay type                Incr(ns)  Path(ns)    Netlist Resource(s)
  -------------------------------------------------------------------    -------------------
    U12                                               0.000     0.000 r  b[2] (IN)
                         net (fo=0)                   0.000     0.000    b[2]
    U12                  IBUF (Prop_ibuf_I_O)         0.994     0.994 r  b_IBUF[2]_inst/O
                         net (fo=8, routed)           2.020     3.014    b_IBUF[2]
    SLICE_X2Y13          LUT2 (Prop_lut2_I0_O)        0.124     3.138 f  alu_out_OBUF[0]_inst_i_12/O
                         net (fo=1, routed)           0.945     4.083    alu_out_OBUF[0]_inst_i_12_n_0
    SLICE_X2Y12          LUT6 (Prop_lut6_I2_O)        0.124     4.207 r  alu_out_OBUF[0]_inst_i_7/O
                         net (fo=1, routed)           0.805     5.012    alu_out_OBUF[0]_inst_i_7_n_0
    SLICE_X2Y11          LUT6 (Prop_lut6_I3_O)        0.124     5.136 r  alu_out_OBUF[0]_inst_i_3/O
                         net (fo=1, routed)           0.842     5.978    alu_out_OBUF[0]_inst_i_3_n_0
    SLICE_X2Y11          LUT6 (Prop_lut6_I1_O)        0.124     6.102 r  alu_out_OBUF[0]_inst_i_1/O
                         net (fo=1, routed)           1.911     8.013    alu_out_OBUF[0]
    R16                  OBUF (Prop_obuf_I_O)         2.624    10.638 r  alu_out_OBUF[0]_inst/O
                         net (fo=0)                   0.000    10.638    alu_out[0]
    R16                                                               r  alu_out[0] (OUT)
  -------------------------------------------------------------------    -------------------

Slack:                    inf
  Source:                 a[1]
                            (input port)
  Destination:            alu_out[3]
                            (output port)
  Path Group:             (none)
  Path Type:              Max at Slow Process Corner
  Data Path Delay:        10.500ns  (logic 4.780ns (45.524%)  route 5.720ns (54.476%))
  Logic Levels:           6  (CARRY4=1 IBUF=1 LUT2=1 LUT6=2 OBUF=1)

    Location             Delay type                Incr(ns)  Path(ns)    Netlist Resource(s)
  -------------------------------------------------------------------    -------------------
    T10                                               0.000     0.000 r  a[1] (IN)
                         net (fo=0)                   0.000     0.000    a[1]
    T10                  IBUF (Prop_ibuf_I_O)         0.970     0.970 r  a_IBUF[1]_inst/O
                         net (fo=16, routed)          2.262     3.231    a_IBUF[1]
    SLICE_X3Y12          LUT2 (Prop_lut2_I0_O)        0.124     3.355 r  alu_out_OBUF[3]_inst_i_10/O
                         net (fo=1, routed)           0.000     3.355    alu_out_OBUF[3]_inst_i_10_n_0
    SLICE_X3Y12          CARRY4 (Prop_carry4_S[1]_O[3])
                                                      0.640     3.995 r  alu_out_OBUF[3]_inst_i_7/O[3]
                         net (fo=1, routed)           0.881     4.877    data2[3]
    SLICE_X2Y12          LUT6 (Prop_lut6_I5_O)        0.306     5.183 r  alu_out_OBUF[3]_inst_i_3/O
                         net (fo=1, routed)           0.660     5.843    alu_out_OBUF[3]_inst_i_3_n_0
    SLICE_X2Y14          LUT6 (Prop_lut6_I2_O)        0.124     5.967 r  alu_out_OBUF[3]_inst_i_1/O
                         net (fo=1, routed)           1.917     7.884    alu_out_OBUF[3]
    R15                  OBUF (Prop_obuf_I_O)         2.617    10.500 r  alu_out_OBUF[3]_inst/O
                         net (fo=0)                   0.000    10.500    alu_out[3]
    R15                                                               r  alu_out[3] (OUT)
  -------------------------------------------------------------------    -------------------

Slack:                    inf
  Source:                 a[1]
                            (input port)
  Destination:            alu_out[2]
                            (output port)
  Path Group:             (none)
  Path Type:              Max at Slow Process Corner
  Data Path Delay:        10.495ns  (logic 4.730ns (45.065%)  route 5.766ns (54.935%))
  Logic Levels:           6  (CARRY4=1 IBUF=1 LUT2=1 LUT6=2 OBUF=1)

    Location             Delay type                Incr(ns)  Path(ns)    Netlist Resource(s)
  -------------------------------------------------------------------    -------------------
    T10                                               0.000     0.000 r  a[1] (IN)
                         net (fo=0)                   0.000     0.000    a[1]
    T10                  IBUF (Prop_ibuf_I_O)         0.970     0.970 r  a_IBUF[1]_inst/O
                         net (fo=16, routed)          2.262     3.231    a_IBUF[1]
    SLICE_X3Y12          LUT2 (Prop_lut2_I0_O)        0.124     3.355 r  alu_out_OBUF[3]_inst_i_10/O
                         net (fo=1, routed)           0.000     3.355    alu_out_OBUF[3]_inst_i_10_n_0
    SLICE_X3Y12          CARRY4 (Prop_carry4_S[1]_O[2])
                                                      0.580     3.935 r  alu_out_OBUF[3]_inst_i_7/O[2]
                         net (fo=1, routed)           0.800     4.735    data2[2]
    SLICE_X2Y12          LUT6 (Prop_lut6_I5_O)        0.302     5.037 r  alu_out_OBUF[2]_inst_i_3/O
                         net (fo=1, routed)           0.793     5.830    alu_out_OBUF[2]_inst_i_3_n_0
    SLICE_X2Y13          LUT6 (Prop_lut6_I2_O)        0.124     5.954 r  alu_out_OBUF[2]_inst_i_1/O
                         net (fo=1, routed)           1.911     7.865    alu_out_OBUF[2]
    T14                  OBUF (Prop_obuf_I_O)         2.630    10.495 r  alu_out_OBUF[2]_inst/O
                         net (fo=0)                   0.000    10.495    alu_out[2]
    T14                                                               r  alu_out[2] (OUT)
  -------------------------------------------------------------------    -------------------

Slack:                    inf
  Source:                 a[1]
                            (input port)
  Destination:            alu_out[4]
                            (output port)
  Path Group:             (none)
  Path Type:              Max at Slow Process Corner
  Data Path Delay:        10.492ns  (logic 4.899ns (46.696%)  route 5.593ns (53.304%))
  Logic Levels:           7  (CARRY4=2 IBUF=1 LUT2=1 LUT6=2 OBUF=1)

    Location             Delay type                Incr(ns)  Path(ns)    Netlist Resource(s)
  -------------------------------------------------------------------    -------------------
    T10                                               0.000     0.000 r  a[1] (IN)
                         net (fo=0)                   0.000     0.000    a[1]
    T10                  IBUF (Prop_ibuf_I_O)         0.970     0.970 r  a_IBUF[1]_inst/O
                         net (fo=16, routed)          2.262     3.231    a_IBUF[1]
    SLICE_X3Y12          LUT2 (Prop_lut2_I0_O)        0.124     3.355 r  alu_out_OBUF[3]_inst_i_10/O
                         net (fo=1, routed)           0.000     3.355    alu_out_OBUF[3]_inst_i_10_n_0
    SLICE_X3Y12          CARRY4 (Prop_carry4_S[1]_CO[3])
                                                      0.550     3.905 r  alu_out_OBUF[3]_inst_i_7/CO[3]
                         net (fo=1, routed)           0.000     3.905    alu_out_OBUF[3]_inst_i_7_n_0
    SLICE_X3Y13          CARRY4 (Prop_carry4_CI_O[0])
                                                      0.222     4.127 r  alu_out_OBUF[7]_inst_i_7/O[0]
                         net (fo=1, routed)           0.575     4.702    data2[4]
    SLICE_X3Y14          LUT6 (Prop_lut6_I5_O)        0.299     5.001 r  alu_out_OBUF[4]_inst_i_3/O
                         net (fo=1, routed)           0.845     5.846    alu_out_OBUF[4]_inst_i_3_n_0
    SLICE_X3Y14          LUT6 (Prop_lut6_I2_O)        0.124     5.970 r  alu_out_OBUF[4]_inst_i_1/O
                         net (fo=1, routed)           1.912     7.881    alu_out_OBUF[4]
    P15                  OBUF (Prop_obuf_I_O)         2.611    10.492 r  alu_out_OBUF[4]_inst/O
                         net (fo=0)                   0.000    10.492    alu_out[4]
    P15                                                               r  alu_out[4] (OUT)
  -------------------------------------------------------------------    -------------------

Slack:                    inf
  Source:                 a[1]
                            (input port)
  Destination:            alu_out[7]
                            (output port)
  Path Group:             (none)
  Path Type:              Max at Slow Process Corner
  Data Path Delay:        10.321ns  (logic 5.010ns (48.544%)  route 5.311ns (51.456%))
  Logic Levels:           7  (CARRY4=2 IBUF=1 LUT2=1 LUT6=2 OBUF=1)

    Location             Delay type                Incr(ns)  Path(ns)    Netlist Resource(s)
  -------------------------------------------------------------------    -------------------
    T10                                               0.000     0.000 r  a[1] (IN)
                         net (fo=0)                   0.000     0.000    a[1]
    T10                  IBUF (Prop_ibuf_I_O)         0.970     0.970 r  a_IBUF[1]_inst/O
                         net (fo=16, routed)          2.262     3.231    a_IBUF[1]
    SLICE_X3Y12          LUT2 (Prop_lut2_I0_O)        0.124     3.355 r  alu_out_OBUF[3]_inst_i_10/O
                         net (fo=1, routed)           0.000     3.355    alu_out_OBUF[3]_inst_i_10_n_0
    SLICE_X3Y12          CARRY4 (Prop_carry4_S[1]_CO[3])
                                                      0.550     3.905 r  alu_out_OBUF[3]_inst_i_7/CO[3]
                         net (fo=1, routed)           0.000     3.905    alu_out_OBUF[3]_inst_i_7_n_0
    SLICE_X3Y13          CARRY4 (Prop_carry4_CI_O[3])
                                                      0.313     4.218 r  alu_out_OBUF[7]_inst_i_7/O[3]
                         net (fo=1, routed)           0.433     4.651    data2[7]
    SLICE_X1Y15          LUT6 (Prop_lut6_I5_O)        0.306     4.957 r  alu_out_OBUF[7]_inst_i_3/O
                         net (fo=1, routed)           0.667     5.624    alu_out_OBUF[7]_inst_i_3_n_0
    SLICE_X1Y15          LUT6 (Prop_lut6_I2_O)        0.124     5.748 r  alu_out_OBUF[7]_inst_i_1/O
                         net (fo=1, routed)           1.950     7.698    alu_out_OBUF[7]
    N16                  OBUF (Prop_obuf_I_O)         2.624    10.321 r  alu_out_OBUF[7]_inst/O
                         net (fo=0)                   0.000    10.321    alu_out[7]
    N16                                                               r  alu_out[7] (OUT)
  -------------------------------------------------------------------    -------------------

Slack:                    inf
  Source:                 a[1]
                            (input port)
  Destination:            alu_out[1]
                            (output port)
  Path Group:             (none)
  Path Type:              Max at Slow Process Corner
  Data Path Delay:        10.243ns  (logic 4.377ns (42.732%)  route 5.866ns (57.268%))
  Logic Levels:           6  (CARRY4=1 IBUF=1 LUT2=1 LUT6=2 OBUF=1)

    Location             Delay type                Incr(ns)  Path(ns)    Netlist Resource(s)
  -------------------------------------------------------------------    -------------------
    T10                                               0.000     0.000 r  a[1] (IN)
                         net (fo=0)                   0.000     0.000    a[1]
    T10                  IBUF (Prop_ibuf_I_O)         0.970     0.970 r  a_IBUF[1]_inst/O
                         net (fo=16, routed)          2.262     3.231    a_IBUF[1]
    SLICE_X3Y12          LUT2 (Prop_lut2_I0_O)        0.124     3.355 r  alu_out_OBUF[3]_inst_i_10/O
                         net (fo=1, routed)           0.000     3.355    alu_out_OBUF[3]_inst_i_10_n_0
    SLICE_X3Y12          CARRY4 (Prop_carry4_S[1]_O[1])
                                                      0.227     3.582 r  alu_out_OBUF[3]_inst_i_7/O[1]
                         net (fo=1, routed)           0.971     4.553    data2[1]
    SLICE_X0Y12          LUT6 (Prop_lut6_I5_O)        0.303     4.856 r  alu_out_OBUF[1]_inst_i_3/O
                         net (fo=1, routed)           0.574     5.430    alu_out_OBUF[1]_inst_i_3_n_0
    SLICE_X0Y11          LUT6 (Prop_lut6_I2_O)        0.124     5.554 r  alu_out_OBUF[1]_inst_i_1/O
                         net (fo=1, routed)           2.059     7.613    alu_out_OBUF[1]
    T15                  OBUF (Prop_obuf_I_O)         2.629    10.243 r  alu_out_OBUF[1]_inst/O
                         net (fo=0)                   0.000    10.243    alu_out[1]
    T15                                                               r  alu_out[1] (OUT)
  -------------------------------------------------------------------    -------------------

Slack:                    inf
  Source:                 carry_out_reg/G
                            (positive level-sensitive latch)
  Destination:            carry_out
                            (output port)
  Path Group:             (none)
  Path Type:              Max at Slow Process Corner
  Data Path Delay:        5.316ns  (logic 3.184ns (59.882%)  route 2.133ns (40.118%))
  Logic Levels:           2  (LDCE=1 OBUF=1)

    Location             Delay type                Incr(ns)  Path(ns)    Netlist Resource(s)
  -------------------------------------------------------------------    -------------------
    SLICE_X0Y14          LDCE                         0.000     0.000 r  carry_out_reg/G
    SLICE_X0Y14          LDCE (EnToQ_ldce_G_Q)        0.559     0.559 r  carry_out_reg/Q
                         net (fo=1, routed)           2.133     2.692    carry_out_OBUF
    N15                  OBUF (Prop_obuf_I_O)         2.625     5.316 r  carry_out_OBUF_inst/O
                         net (fo=0)                   0.000     5.316    carry_out
    N15                                                               r  carry_out (OUT)
  -------------------------------------------------------------------    -------------------

Slack:                    inf
  Source:                 a[3]
                            (input port)
  Destination:            temp1_reg[8]/D
  Path Group:             (none)
  Path Type:              Max at Slow Process Corner
  Data Path Delay:        3.904ns  (logic 1.875ns (48.020%)  route 2.029ns (51.980%))
  Logic Levels:           5  (CARRY4=3 IBUF=1 LUT2=1)

    Location             Delay type                Incr(ns)  Path(ns)    Netlist Resource(s)
  -------------------------------------------------------------------    -------------------
    U13                                               0.000     0.000 r  a[3] (IN)
                         net (fo=0)                   0.000     0.000    a[3]
    U13                  IBUF (Prop_ibuf_I_O)         0.965     0.965 r  a_IBUF[3]_inst/O
                         net (fo=15, routed)          2.029     2.994    a_IBUF[3]
    SLICE_X1Y12          LUT2 (Prop_lut2_I0_O)        0.124     3.118 r  temp1_reg[3]_i_2/O
                         net (fo=1, routed)           0.000     3.118    temp1_reg[3]_i_2_n_0
    SLICE_X1Y12          CARRY4 (Prop_carry4_S[3]_CO[3])
                                                      0.401     3.519 r  temp1_reg[3]_i_1/CO[3]
                         net (fo=1, routed)           0.000     3.519    temp1_reg[3]_i_1_n_0
    SLICE_X1Y13          CARRY4 (Prop_carry4_CI_CO[3])
                                                      0.114     3.633 r  temp1_reg[7]_i_1/CO[3]
                         net (fo=1, routed)           0.000     3.633    temp1_reg[7]_i_1_n_0
    SLICE_X1Y14          CARRY4 (Prop_carry4_CI_CO[0])
                                                      0.271     3.904 r  temp1_reg[8]_i_1/CO[0]
                         net (fo=1, routed)           0.000     3.904    plusOp[8]
    SLICE_X1Y14          LDCE                                         r  temp1_reg[8]/D
  -------------------------------------------------------------------    -------------------





Min Delay Paths
--------------------------------------------------------------------------------------
Slack:                    inf
  Source:                 temp1_reg[8]/G
                            (positive level-sensitive latch)
  Destination:            carry_out_reg/D
  Path Group:             (none)
  Path Type:              Min at Fast Process Corner
  Data Path Delay:        0.334ns  (logic 0.158ns (47.287%)  route 0.176ns (52.713%))
  Logic Levels:           1  (LDCE=1)

    Location             Delay type                Incr(ns)  Path(ns)    Netlist Resource(s)
  -------------------------------------------------------------------    -------------------
    SLICE_X1Y14          LDCE                         0.000     0.000 r  temp1_reg[8]/G
    SLICE_X1Y14          LDCE (EnToQ_ldce_G_Q)        0.158     0.158 r  temp1_reg[8]/Q
                         net (fo=1, routed)           0.176     0.334    temp1[8]
    SLICE_X0Y14          LDCE                                         r  carry_out_reg/D
  -------------------------------------------------------------------    -------------------

Slack:                    inf
  Source:                 b[5]
                            (input port)
  Destination:            temp1_reg[5]/D
  Path Group:             (none)
  Path Type:              Min at Fast Process Corner
  Data Path Delay:        0.639ns  (logic 0.304ns (47.610%)  route 0.335ns (52.390%))
  Logic Levels:           3  (CARRY4=1 IBUF=1 LUT2=1)

    Location             Delay type                Incr(ns)  Path(ns)    Netlist Resource(s)
  -------------------------------------------------------------------    -------------------
    V17                                               0.000     0.000 r  b[5] (IN)
                         net (fo=0)                   0.000     0.000    b[5]
    V17                  IBUF (Prop_ibuf_I_O)         0.194     0.194 r  b_IBUF[5]_inst/O
                         net (fo=8, routed)           0.335     0.529    b_IBUF[5]
    SLICE_X1Y13          LUT2 (Prop_lut2_I1_O)        0.045     0.574 r  temp1_reg[7]_i_4/O
                         net (fo=1, routed)           0.000     0.574    temp1_reg[7]_i_4_n_0
    SLICE_X1Y13          CARRY4 (Prop_carry4_S[1]_O[1])
                                                      0.065     0.639 r  temp1_reg[7]_i_1/O[1]
                         net (fo=1, routed)           0.000     0.639    plusOp[5]
    SLICE_X1Y13          LDCE                                         r  temp1_reg[5]/D
  -------------------------------------------------------------------    -------------------

Slack:                    inf
  Source:                 b[5]
                            (input port)
  Destination:            temp1_reg[6]/D
  Path Group:             (none)
  Path Type:              Min at Fast Process Corner
  Data Path Delay:        0.726ns  (logic 0.391ns (53.888%)  route 0.335ns (46.112%))
  Logic Levels:           3  (CARRY4=1 IBUF=1 LUT2=1)

    Location             Delay type                Incr(ns)  Path(ns)    Netlist Resource(s)
  -------------------------------------------------------------------    -------------------
    V17                                               0.000     0.000 r  b[5] (IN)
                         net (fo=0)                   0.000     0.000    b[5]
    V17                  IBUF (Prop_ibuf_I_O)         0.194     0.194 r  b_IBUF[5]_inst/O
                         net (fo=8, routed)           0.335     0.529    b_IBUF[5]
    SLICE_X1Y13          LUT2 (Prop_lut2_I1_O)        0.045     0.574 r  temp1_reg[7]_i_4/O
                         net (fo=1, routed)           0.000     0.574    temp1_reg[7]_i_4_n_0
    SLICE_X1Y13          CARRY4 (Prop_carry4_S[1]_O[2])
                                                      0.152     0.726 r  temp1_reg[7]_i_1/O[2]
                         net (fo=1, routed)           0.000     0.726    plusOp[6]
    SLICE_X1Y13          LDCE                                         r  temp1_reg[6]/D
  -------------------------------------------------------------------    -------------------

Slack:                    inf
  Source:                 b[5]
                            (input port)
  Destination:            temp1_reg[7]/D
  Path Group:             (none)
  Path Type:              Min at Fast Process Corner
  Data Path Delay:        0.746ns  (logic 0.411ns (55.124%)  route 0.335ns (44.876%))
  Logic Levels:           3  (CARRY4=1 IBUF=1 LUT2=1)

    Location             Delay type                Incr(ns)  Path(ns)    Netlist Resource(s)
  -------------------------------------------------------------------    -------------------
    V17                                               0.000     0.000 r  b[5] (IN)
                         net (fo=0)                   0.000     0.000    b[5]
    V17                  IBUF (Prop_ibuf_I_O)         0.194     0.194 r  b_IBUF[5]_inst/O
                         net (fo=8, routed)           0.335     0.529    b_IBUF[5]
    SLICE_X1Y13          LUT2 (Prop_lut2_I1_O)        0.045     0.574 r  temp1_reg[7]_i_4/O
                         net (fo=1, routed)           0.000     0.574    temp1_reg[7]_i_4_n_0
    SLICE_X1Y13          CARRY4 (Prop_carry4_S[1]_O[3])
                                                      0.172     0.746 r  temp1_reg[7]_i_1/O[3]
                         net (fo=1, routed)           0.000     0.746    plusOp[7]
    SLICE_X1Y13          LDCE                                         r  temp1_reg[7]/D
  -------------------------------------------------------------------    -------------------

Slack:                    inf
  Source:                 b[5]
                            (input port)
  Destination:            temp1_reg[8]/D
  Path Group:             (none)
  Path Type:              Min at Fast Process Corner
  Data Path Delay:        0.805ns  (logic 0.470ns (58.413%)  route 0.335ns (41.587%))
  Logic Levels:           4  (CARRY4=2 IBUF=1 LUT2=1)

    Location             Delay type                Incr(ns)  Path(ns)    Netlist Resource(s)
  -------------------------------------------------------------------    -------------------
    V17                                               0.000     0.000 r  b[5] (IN)
                         net (fo=0)                   0.000     0.000    b[5]
    V17                  IBUF (Prop_ibuf_I_O)         0.194     0.194 r  b_IBUF[5]_inst/O
                         net (fo=8, routed)           0.335     0.529    b_IBUF[5]
    SLICE_X1Y13          LUT2 (Prop_lut2_I1_O)        0.045     0.574 r  temp1_reg[7]_i_4/O
                         net (fo=1, routed)           0.000     0.574    temp1_reg[7]_i_4_n_0
    SLICE_X1Y13          CARRY4 (Prop_carry4_S[1]_CO[3])
                                                      0.155     0.729 r  temp1_reg[7]_i_1/CO[3]
                         net (fo=1, routed)           0.000     0.729    temp1_reg[7]_i_1_n_0
    SLICE_X1Y14          CARRY4 (Prop_carry4_CI_CO[0])
                                                      0.076     0.805 r  temp1_reg[8]_i_1/CO[0]
                         net (fo=1, routed)           0.000     0.805    plusOp[8]
    SLICE_X1Y14          LDCE                                         r  temp1_reg[8]/D
  -------------------------------------------------------------------    -------------------

Slack:                    inf
  Source:                 a[2]
                            (input port)
  Destination:            temp1_reg[2]/D
  Path Group:             (none)
  Path Type:              Min at Fast Process Corner
  Data Path Delay:        0.823ns  (logic 0.316ns (38.381%)  route 0.507ns (61.619%))
  Logic Levels:           3  (CARRY4=1 IBUF=1 LUT2=1)

    Location             Delay type                Incr(ns)  Path(ns)    Netlist Resource(s)
  -------------------------------------------------------------------    -------------------
    T9                                                0.000     0.000 r  a[2] (IN)
                         net (fo=0)                   0.000     0.000    a[2]
    T9                   IBUF (Prop_ibuf_I_O)         0.205     0.205 r  a_IBUF[2]_inst/O
                         net (fo=16, routed)          0.507     0.712    a_IBUF[2]
    SLICE_X1Y12          LUT2 (Prop_lut2_I0_O)        0.045     0.757 r  temp1_reg[3]_i_3/O
                         net (fo=1, routed)           0.000     0.757    temp1_reg[3]_i_3_n_0
    SLICE_X1Y12          CARRY4 (Prop_carry4_S[2]_O[2])
                                                      0.066     0.823 r  temp1_reg[3]_i_1/O[2]
                         net (fo=1, routed)           0.000     0.823    plusOp[2]
    SLICE_X1Y12          LDCE                                         r  temp1_reg[2]/D
  -------------------------------------------------------------------    -------------------

Slack:                    inf
  Source:                 b[4]
                            (input port)
  Destination:            temp1_reg[4]/D
  Path Group:             (none)
  Path Type:              Min at Fast Process Corner
  Data Path Delay:        0.831ns  (logic 0.311ns (37.376%)  route 0.520ns (62.624%))
  Logic Levels:           3  (CARRY4=1 IBUF=1 LUT2=1)

    Location             Delay type                Incr(ns)  Path(ns)    Netlist Resource(s)
  -------------------------------------------------------------------    -------------------
    T11                                               0.000     0.000 r  b[4] (IN)
                         net (fo=0)                   0.000     0.000    b[4]
    T11                  IBUF (Prop_ibuf_I_O)         0.196     0.196 r  b_IBUF[4]_inst/O
                         net (fo=8, routed)           0.520     0.716    b_IBUF[4]
    SLICE_X1Y13          LUT2 (Prop_lut2_I1_O)        0.045     0.761 r  temp1_reg[7]_i_5/O
                         net (fo=1, routed)           0.000     0.761    temp1_reg[7]_i_5_n_0
    SLICE_X1Y13          CARRY4 (Prop_carry4_S[0]_O[0])
                                                      0.070     0.831 r  temp1_reg[7]_i_1/O[0]
                         net (fo=1, routed)           0.000     0.831    plusOp[4]
    SLICE_X1Y13          LDCE                                         r  temp1_reg[4]/D
  -------------------------------------------------------------------    -------------------

Slack:                    inf
  Source:                 b[3]
                            (input port)
  Destination:            temp1_reg[3]/D
  Path Group:             (none)
  Path Type:              Min at Fast Process Corner
  Data Path Delay:        0.841ns  (logic 0.301ns (35.797%)  route 0.540ns (64.203%))
  Logic Levels:           3  (CARRY4=1 IBUF=1 LUT2=1)

    Location             Delay type                Incr(ns)  Path(ns)    Netlist Resource(s)
  -------------------------------------------------------------------    -------------------
    U11                                               0.000     0.000 r  b[3] (IN)
                         net (fo=0)                   0.000     0.000    b[3]
    U11                  IBUF (Prop_ibuf_I_O)         0.193     0.193 r  b_IBUF[3]_inst/O
                         net (fo=8, routed)           0.540     0.733    b_IBUF[3]
    SLICE_X1Y12          LUT2 (Prop_lut2_I1_O)        0.045     0.778 r  temp1_reg[3]_i_2/O
                         net (fo=1, routed)           0.000     0.778    temp1_reg[3]_i_2_n_0
    SLICE_X1Y12          CARRY4 (Prop_carry4_S[3]_O[3])
                                                      0.063     0.841 r  temp1_reg[3]_i_1/O[3]
                         net (fo=1, routed)           0.000     0.841    plusOp[3]
    SLICE_X1Y12          LDCE                                         r  temp1_reg[3]/D
  -------------------------------------------------------------------    -------------------

Slack:                    inf
  Source:                 b[1]
                            (input port)
  Destination:            temp1_reg[1]/D
  Path Group:             (none)
  Path Type:              Min at Fast Process Corner
  Data Path Delay:        0.865ns  (logic 0.330ns (38.124%)  route 0.535ns (61.876%))
  Logic Levels:           3  (CARRY4=1 IBUF=1 LUT2=1)

    Location             Delay type                Incr(ns)  Path(ns)    Netlist Resource(s)
  -------------------------------------------------------------------    -------------------
    V12                                               0.000     0.000 r  b[1] (IN)
                         net (fo=0)                   0.000     0.000    b[1]
    V12                  IBUF (Prop_ibuf_I_O)         0.220     0.220 r  b_IBUF[1]_inst/O
                         net (fo=8, routed)           0.535     0.755    b_IBUF[1]
    SLICE_X1Y12          LUT2 (Prop_lut2_I1_O)        0.045     0.800 r  temp1_reg[3]_i_4/O
                         net (fo=1, routed)           0.000     0.800    temp1_reg[3]_i_4_n_0
    SLICE_X1Y12          CARRY4 (Prop_carry4_S[1]_O[1])
                                                      0.065     0.865 r  temp1_reg[3]_i_1/O[1]
                         net (fo=1, routed)           0.000     0.865    plusOp[1]
    SLICE_X1Y12          LDCE                                         r  temp1_reg[1]/D
  -------------------------------------------------------------------    -------------------

Slack:                    inf
  Source:                 b[0]
                            (input port)
  Destination:            temp1_reg[0]/D
  Path Group:             (none)
  Path Type:              Min at Fast Process Corner
  Data Path Delay:        0.947ns  (logic 0.323ns (34.132%)  route 0.623ns (65.868%))
  Logic Levels:           3  (CARRY4=1 IBUF=1 LUT2=1)

    Location             Delay type                Incr(ns)  Path(ns)    Netlist Resource(s)
  -------------------------------------------------------------------    -------------------
    V10                                               0.000     0.000 r  b[0] (IN)
                         net (fo=0)                   0.000     0.000    b[0]
    V10                  IBUF (Prop_ibuf_I_O)         0.208     0.208 r  b_IBUF[0]_inst/O
                         net (fo=8, routed)           0.623     0.832    b_IBUF[0]
    SLICE_X1Y12          LUT2 (Prop_lut2_I1_O)        0.045     0.877 r  temp1_reg[3]_i_5/O
                         net (fo=1, routed)           0.000     0.877    temp1_reg[3]_i_5_n_0
    SLICE_X1Y12          CARRY4 (Prop_carry4_S[0]_O[0])
                                                      0.070     0.947 r  temp1_reg[3]_i_1/O[0]
                         net (fo=1, routed)           0.000     0.947    plusOp[0]
    SLICE_X1Y12          LDCE                                         r  temp1_reg[0]/D
  -------------------------------------------------------------------    -------------------





