Copyright 1986-2022 Xilinx, Inc. All Rights Reserved. Copyright 2022-2024 Advanced Micro Devices, Inc. All Rights Reserved.
------------------------------------------------------------------------------------------------------------------------------------------------------------------------------------------------------------------------
| Tool Version : Vivado v.2024.1 (win64) Build 5076996 Wed May 22 18:37:14 MDT 2024
| Date         : Mon Sep 30 01:13:13 2024
| Host         : DESKTOP-J74V7E8 running 64-bit major release  (build 9200)
| Command      : report_timing_summary -max_paths 10 -report_unconstrained -file demux_1_4_timing_summary_routed.rpt -pb demux_1_4_timing_summary_routed.pb -rpx demux_1_4_timing_summary_routed.rpx -warn_on_violation
| Design       : demux_1_4
| Device       : 7a50t-csg324
| Speed File   : -1  PRODUCTION 1.23 2018-06-13
| Design State : Routed
------------------------------------------------------------------------------------------------------------------------------------------------------------------------------------------------------------------------

Timing Summary Report

------------------------------------------------------------------------------------------------
| Timer Settings
| --------------
------------------------------------------------------------------------------------------------

  Enable Multi Corner Analysis               :  Yes
  Enable Pessimism Removal                   :  Yes
  Pessimism Removal Resolution               :  Nearest Common Node
  Enable Input Delay Default Clock           :  No
  Enable Preset / Clear Arcs                 :  No
  Disable Flight Delays                      :  No
  Ignore I/O Paths                           :  No
  Timing Early Launch at Borrowing Latches   :  No
  Borrow Time for Max Delay Exceptions       :  Yes
  Merge Timing Exceptions                    :  Yes
  Inter-SLR Compensation                     :  Conservative

  Corner  Analyze    Analyze    
  Name    Max Paths  Min Paths  
  ------  ---------  ---------  
  Slow    Yes        Yes        
  Fast    Yes        Yes        


------------------------------------------------------------------------------------------------
| Report Methodology
| ------------------
------------------------------------------------------------------------------------------------

No report available as report_methodology has not been run prior. Run report_methodology on the current design for the summary of methodology violations.



check_timing report

Table of Contents
-----------------
1. checking no_clock (0)
2. checking constant_clock (0)
3. checking pulse_width_clock (0)
4. checking unconstrained_internal_endpoints (0)
5. checking no_input_delay (0)
6. checking no_output_delay (0)
7. checking multiple_clock (0)
8. checking generated_clocks (0)
9. checking loops (0)
10. checking partial_input_delay (0)
11. checking partial_output_delay (0)
12. checking latch_loops (0)

1. checking no_clock (0)
------------------------
 There are 0 register/latch pins with no clock.


2. checking constant_clock (0)
------------------------------
 There are 0 register/latch pins with constant_clock.


3. checking pulse_width_clock (0)
---------------------------------
 There are 0 register/latch pins which need pulse_width check


4. checking unconstrained_internal_endpoints (0)
------------------------------------------------
 There are 0 pins that are not constrained for maximum delay.

 There are 0 pins that are not constrained for maximum delay due to constant clock.


5. checking no_input_delay (0)
------------------------------
 There are 0 input ports with no input delay specified.

 There are 0 input ports with no input delay but user has a false path constraint.


6. checking no_output_delay (0)
-------------------------------
 There are 0 ports with no output delay specified.

 There are 0 ports with no output delay but user has a false path constraint

 There are 0 ports with no output delay but with a timing clock defined on it or propagating through it


7. checking multiple_clock (0)
------------------------------
 There are 0 register/latch pins with multiple clocks.


8. checking generated_clocks (0)
--------------------------------
 There are 0 generated clocks that are not connected to a clock source.


9. checking loops (0)
---------------------
 There are 0 combinational loops in the design.


10. checking partial_input_delay (0)
------------------------------------
 There are 0 input ports with partial input delay specified.


11. checking partial_output_delay (0)
-------------------------------------
 There are 0 ports with partial output delay specified.


12. checking latch_loops (0)
----------------------------
 There are 0 combinational latch loops in the design through latch input



------------------------------------------------------------------------------------------------
| Design Timing Summary
| ---------------------
------------------------------------------------------------------------------------------------

    WNS(ns)      TNS(ns)  TNS Failing Endpoints  TNS Total Endpoints      WHS(ns)      THS(ns)  THS Failing Endpoints  THS Total Endpoints     WPWS(ns)     TPWS(ns)  TPWS Failing Endpoints  TPWS Total Endpoints  
    -------      -------  ---------------------  -------------------      -------      -------  ---------------------  -------------------     --------     --------  ----------------------  --------------------  
        inf        0.000                      0                    4          inf        0.000                      0                    4           NA           NA                      NA                    NA  


There are no user specified timing constraints.


------------------------------------------------------------------------------------------------
| Clock Summary
| -------------
------------------------------------------------------------------------------------------------


------------------------------------------------------------------------------------------------
| Intra Clock Table
| -----------------
------------------------------------------------------------------------------------------------

Clock             WNS(ns)      TNS(ns)  TNS Failing Endpoints  TNS Total Endpoints      WHS(ns)      THS(ns)  THS Failing Endpoints  THS Total Endpoints     WPWS(ns)     TPWS(ns)  TPWS Failing Endpoints  TPWS Total Endpoints  
-----             -------      -------  ---------------------  -------------------      -------      -------  ---------------------  -------------------     --------     --------  ----------------------  --------------------  


------------------------------------------------------------------------------------------------
| Inter Clock Table
| -----------------
------------------------------------------------------------------------------------------------

From Clock    To Clock          WNS(ns)      TNS(ns)  TNS Failing Endpoints  TNS Total Endpoints      WHS(ns)      THS(ns)  THS Failing Endpoints  THS Total Endpoints  
----------    --------          -------      -------  ---------------------  -------------------      -------      -------  ---------------------  -------------------  


------------------------------------------------------------------------------------------------
| Other Path Groups Table
| -----------------------
------------------------------------------------------------------------------------------------

Path Group    From Clock    To Clock          WNS(ns)      TNS(ns)  TNS Failing Endpoints  TNS Total Endpoints      WHS(ns)      THS(ns)  THS Failing Endpoints  THS Total Endpoints  
----------    ----------    --------          -------      -------  ---------------------  -------------------      -------      -------  ---------------------  -------------------  


------------------------------------------------------------------------------------------------
| User Ignored Path Table
| -----------------------
------------------------------------------------------------------------------------------------

Path Group    From Clock    To Clock    
----------    ----------    --------    


------------------------------------------------------------------------------------------------
| Unconstrained Path Table
| ------------------------
------------------------------------------------------------------------------------------------

Path Group    From Clock    To Clock    
----------    ----------    --------    
(none)                                    


------------------------------------------------------------------------------------------------
| Timing Details
| --------------
------------------------------------------------------------------------------------------------


--------------------------------------------------------------------------------------
Path Group:  (none)
From Clock:  
  To Clock:  

Max Delay             4 Endpoints
Min Delay             4 Endpoints
--------------------------------------------------------------------------------------


Max Delay Paths
--------------------------------------------------------------------------------------
Slack:                    inf
  Source:                 i
                            (input port)
  Destination:            o[0]
                            (output port)
  Path Group:             (none)
  Path Type:              Max at Slow Process Corner
  Data Path Delay:        7.018ns  (logic 3.964ns (56.483%)  route 3.054ns (43.517%))
  Logic Levels:           3  (IBUF=1 LUT3=1 OBUF=1)

    Location             Delay type                Incr(ns)  Path(ns)    Netlist Resource(s)
  -------------------------------------------------------------------    -------------------
    T9                                                0.000     0.000 r  i (IN)
                         net (fo=0)                   0.000     0.000    i
    T9                   IBUF (Prop_ibuf_I_O)         0.976     0.976 r  i_IBUF_inst/O
                         net (fo=4, routed)           1.375     2.351    i_IBUF
    SLICE_X0Y3           LUT3 (Prop_lut3_I0_O)        0.152     2.503 r  o_OBUF[0]_inst_i_1/O
                         net (fo=1, routed)           1.679     4.182    o_OBUF[0]
    U13                  OBUF (Prop_obuf_I_O)         2.836     7.018 r  o_OBUF[0]_inst/O
                         net (fo=0)                   0.000     7.018    o[0]
    U13                                                               r  o[0] (OUT)
  -------------------------------------------------------------------    -------------------

Slack:                    inf
  Source:                 s[0]
                            (input port)
  Destination:            o[3]
                            (output port)
  Path Group:             (none)
  Path Type:              Max at Slow Process Corner
  Data Path Delay:        6.937ns  (logic 3.946ns (56.875%)  route 2.992ns (43.125%))
  Logic Levels:           3  (IBUF=1 LUT3=1 OBUF=1)

    Location             Delay type                Incr(ns)  Path(ns)    Netlist Resource(s)
  -------------------------------------------------------------------    -------------------
    R10                                               0.000     0.000 r  s[0] (IN)
                         net (fo=0)                   0.000     0.000    s[0]
    R10                  IBUF (Prop_ibuf_I_O)         0.966     0.966 r  s_IBUF[0]_inst/O
                         net (fo=4, routed)           1.266     2.232    s_IBUF[0]
    SLICE_X0Y3           LUT3 (Prop_lut3_I1_O)        0.150     2.382 r  o_OBUF[3]_inst_i_1/O
                         net (fo=1, routed)           1.726     4.107    o_OBUF[3]
    U14                  OBUF (Prop_obuf_I_O)         2.830     6.937 r  o_OBUF[3]_inst/O
                         net (fo=0)                   0.000     6.937    o[3]
    U14                                                               r  o[3] (OUT)
  -------------------------------------------------------------------    -------------------

Slack:                    inf
  Source:                 i
                            (input port)
  Destination:            o[2]
                            (output port)
  Path Group:             (none)
  Path Type:              Max at Slow Process Corner
  Data Path Delay:        6.774ns  (logic 3.727ns (55.028%)  route 3.046ns (44.972%))
  Logic Levels:           3  (IBUF=1 LUT3=1 OBUF=1)

    Location             Delay type                Incr(ns)  Path(ns)    Netlist Resource(s)
  -------------------------------------------------------------------    -------------------
    T9                                                0.000     0.000 r  i (IN)
                         net (fo=0)                   0.000     0.000    i
    T9                   IBUF (Prop_ibuf_I_O)         0.976     0.976 r  i_IBUF_inst/O
                         net (fo=4, routed)           1.375     2.351    i_IBUF
    SLICE_X0Y3           LUT3 (Prop_lut3_I1_O)        0.124     2.475 r  o_OBUF[2]_inst_i_1/O
                         net (fo=1, routed)           1.671     4.146    o_OBUF[2]
    V14                  OBUF (Prop_obuf_I_O)         2.627     6.774 r  o_OBUF[2]_inst/O
                         net (fo=0)                   0.000     6.774    o[2]
    V14                                                               r  o[2] (OUT)
  -------------------------------------------------------------------    -------------------

Slack:                    inf
  Source:                 s[0]
                            (input port)
  Destination:            o[1]
                            (output port)
  Path Group:             (none)
  Path Type:              Max at Slow Process Corner
  Data Path Delay:        6.652ns  (logic 3.719ns (55.901%)  route 2.933ns (44.099%))
  Logic Levels:           3  (IBUF=1 LUT3=1 OBUF=1)

    Location             Delay type                Incr(ns)  Path(ns)    Netlist Resource(s)
  -------------------------------------------------------------------    -------------------
    R10                                               0.000     0.000 r  s[0] (IN)
                         net (fo=0)                   0.000     0.000    s[0]
    R10                  IBUF (Prop_ibuf_I_O)         0.966     0.966 r  s_IBUF[0]_inst/O
                         net (fo=4, routed)           1.266     2.232    s_IBUF[0]
    SLICE_X0Y3           LUT3 (Prop_lut3_I0_O)        0.124     2.356 r  o_OBUF[1]_inst_i_1/O
                         net (fo=1, routed)           1.668     4.023    o_OBUF[1]
    T13                  OBUF (Prop_obuf_I_O)         2.629     6.652 r  o_OBUF[1]_inst/O
                         net (fo=0)                   0.000     6.652    o[1]
    T13                                                               r  o[1] (OUT)
  -------------------------------------------------------------------    -------------------





Min Delay Paths
--------------------------------------------------------------------------------------
Slack:                    inf
  Source:                 s[1]
                            (input port)
  Destination:            o[1]
                            (output port)
  Path Group:             (none)
  Path Type:              Min at Fast Process Corner
  Data Path Delay:        2.112ns  (logic 1.389ns (65.769%)  route 0.723ns (34.231%))
  Logic Levels:           3  (IBUF=1 LUT3=1 OBUF=1)

    Location             Delay type                Incr(ns)  Path(ns)    Netlist Resource(s)
  -------------------------------------------------------------------    -------------------
    T10                                               0.000     0.000 f  s[1] (IN)
                         net (fo=0)                   0.000     0.000    s[1]
    T10                  IBUF (Prop_ibuf_I_O)         0.198     0.198 f  s_IBUF[1]_inst/O
                         net (fo=4, routed)           0.404     0.603    s_IBUF[1]
    SLICE_X0Y3           LUT3 (Prop_lut3_I2_O)        0.045     0.648 r  o_OBUF[1]_inst_i_1/O
                         net (fo=1, routed)           0.319     0.966    o_OBUF[1]
    T13                  OBUF (Prop_obuf_I_O)         1.146     2.112 r  o_OBUF[1]_inst/O
                         net (fo=0)                   0.000     2.112    o[1]
    T13                                                               r  o[1] (OUT)
  -------------------------------------------------------------------    -------------------

Slack:                    inf
  Source:                 s[1]
                            (input port)
  Destination:            o[2]
                            (output port)
  Path Group:             (none)
  Path Type:              Min at Fast Process Corner
  Data Path Delay:        2.135ns  (logic 1.388ns (64.978%)  route 0.748ns (35.022%))
  Logic Levels:           3  (IBUF=1 LUT3=1 OBUF=1)

    Location             Delay type                Incr(ns)  Path(ns)    Netlist Resource(s)
  -------------------------------------------------------------------    -------------------
    T10                                               0.000     0.000 r  s[1] (IN)
                         net (fo=0)                   0.000     0.000    s[1]
    T10                  IBUF (Prop_ibuf_I_O)         0.198     0.198 r  s_IBUF[1]_inst/O
                         net (fo=4, routed)           0.405     0.604    s_IBUF[1]
    SLICE_X0Y3           LUT3 (Prop_lut3_I2_O)        0.045     0.649 r  o_OBUF[2]_inst_i_1/O
                         net (fo=1, routed)           0.342     0.991    o_OBUF[2]
    V14                  OBUF (Prop_obuf_I_O)         1.144     2.135 r  o_OBUF[2]_inst/O
                         net (fo=0)                   0.000     2.135    o[2]
    V14                                                               r  o[2] (OUT)
  -------------------------------------------------------------------    -------------------

Slack:                    inf
  Source:                 s[1]
                            (input port)
  Destination:            o[0]
                            (output port)
  Path Group:             (none)
  Path Type:              Min at Fast Process Corner
  Data Path Delay:        2.211ns  (logic 1.459ns (65.971%)  route 0.752ns (34.029%))
  Logic Levels:           3  (IBUF=1 LUT3=1 OBUF=1)

    Location             Delay type                Incr(ns)  Path(ns)    Netlist Resource(s)
  -------------------------------------------------------------------    -------------------
    T10                                               0.000     0.000 f  s[1] (IN)
                         net (fo=0)                   0.000     0.000    s[1]
    T10                  IBUF (Prop_ibuf_I_O)         0.198     0.198 f  s_IBUF[1]_inst/O
                         net (fo=4, routed)           0.405     0.604    s_IBUF[1]
    SLICE_X0Y3           LUT3 (Prop_lut3_I2_O)        0.049     0.653 r  o_OBUF[0]_inst_i_1/O
                         net (fo=1, routed)           0.347     1.000    o_OBUF[0]
    U13                  OBUF (Prop_obuf_I_O)         1.211     2.211 r  o_OBUF[0]_inst/O
                         net (fo=0)                   0.000     2.211    o[0]
    U13                                                               r  o[0] (OUT)
  -------------------------------------------------------------------    -------------------

Slack:                    inf
  Source:                 s[1]
                            (input port)
  Destination:            o[3]
                            (output port)
  Path Group:             (none)
  Path Type:              Min at Fast Process Corner
  Data Path Delay:        2.214ns  (logic 1.453ns (65.622%)  route 0.761ns (34.378%))
  Logic Levels:           3  (IBUF=1 LUT3=1 OBUF=1)

    Location             Delay type                Incr(ns)  Path(ns)    Netlist Resource(s)
  -------------------------------------------------------------------    -------------------
    T10                                               0.000     0.000 r  s[1] (IN)
                         net (fo=0)                   0.000     0.000    s[1]
    T10                  IBUF (Prop_ibuf_I_O)         0.198     0.198 r  s_IBUF[1]_inst/O
                         net (fo=4, routed)           0.404     0.603    s_IBUF[1]
    SLICE_X0Y3           LUT3 (Prop_lut3_I0_O)        0.048     0.651 r  o_OBUF[3]_inst_i_1/O
                         net (fo=1, routed)           0.357     1.008    o_OBUF[3]
    U14                  OBUF (Prop_obuf_I_O)         1.207     2.214 r  o_OBUF[3]_inst/O
                         net (fo=0)                   0.000     2.214    o[3]
    U14                                                               r  o[3] (OUT)
  -------------------------------------------------------------------    -------------------





