Copyright 1986-2022 Xilinx, Inc. All Rights Reserved. Copyright 2022-2024 Advanced Micro Devices, Inc. All Rights Reserved.
---------------------------------------------------------------------------------------------------------------------------------------------------------------------------------------------------------
| Tool Version : Vivado v.2024.1 (win64) Build 5076996 Wed May 22 18:37:14 MDT 2024
| Date         : Sun Dec 22 21:10:33 2024
| Host         : DESKTOP-J74V7E8 running 64-bit major release  (build 9200)
| Command      : report_timing_summary -max_paths 10 -report_unconstrained -file sipo_timing_summary_routed.rpt -pb sipo_timing_summary_routed.pb -rpx sipo_timing_summary_routed.rpx -warn_on_violation
| Design       : sipo
| Device       : 7a50t-csg324
| Speed File   : -1  PRODUCTION 1.23 2018-06-13
| Design State : Routed
---------------------------------------------------------------------------------------------------------------------------------------------------------------------------------------------------------

Timing Summary Report

------------------------------------------------------------------------------------------------
| Timer Settings
| --------------
------------------------------------------------------------------------------------------------

  Enable Multi Corner Analysis               :  Yes
  Enable Pessimism Removal                   :  Yes
  Pessimism Removal Resolution               :  Nearest Common Node
  Enable Input Delay Default Clock           :  No
  Enable Preset / Clear Arcs                 :  No
  Disable Flight Delays                      :  No
  Ignore I/O Paths                           :  No
  Timing Early Launch at Borrowing Latches   :  No
  Borrow Time for Max Delay Exceptions       :  Yes
  Merge Timing Exceptions                    :  Yes
  Inter-SLR Compensation                     :  Conservative

  Corner  Analyze    Analyze    
  Name    Max Paths  Min Paths  
  ------  ---------  ---------  
  Slow    Yes        Yes        
  Fast    Yes        Yes        


------------------------------------------------------------------------------------------------
| Report Methodology
| ------------------
------------------------------------------------------------------------------------------------

Rule       Severity          Description                  Violations  
---------  ----------------  ---------------------------  ----------  
TIMING-17  Critical Warning  Non-clocked sequential cell  4           

Note: This report is based on the most recent report_methodology run and may not be up-to-date. Run report_methodology on the current design for the latest report.



check_timing report

Table of Contents
-----------------
1. checking no_clock (4)
2. checking constant_clock (0)
3. checking pulse_width_clock (0)
4. checking unconstrained_internal_endpoints (6)
5. checking no_input_delay (2)
6. checking no_output_delay (4)
7. checking multiple_clock (0)
8. checking generated_clocks (0)
9. checking loops (0)
10. checking partial_input_delay (0)
11. checking partial_output_delay (0)
12. checking latch_loops (0)

1. checking no_clock (4)
------------------------
 There are 4 register/latch pins with no clock driven by root clock pin: clk (HIGH)


2. checking constant_clock (0)
------------------------------
 There are 0 register/latch pins with constant_clock.


3. checking pulse_width_clock (0)
---------------------------------
 There are 0 register/latch pins which need pulse_width check


4. checking unconstrained_internal_endpoints (6)
------------------------------------------------
 There are 6 pins that are not constrained for maximum delay. (HIGH)

 There are 0 pins that are not constrained for maximum delay due to constant clock.


5. checking no_input_delay (2)
------------------------------
 There are 2 input ports with no input delay specified. (HIGH)

 There are 0 input ports with no input delay but user has a false path constraint.


6. checking no_output_delay (4)
-------------------------------
 There are 4 ports with no output delay specified. (HIGH)

 There are 0 ports with no output delay but user has a false path constraint

 There are 0 ports with no output delay but with a timing clock defined on it or propagating through it


7. checking multiple_clock (0)
------------------------------
 There are 0 register/latch pins with multiple clocks.


8. checking generated_clocks (0)
--------------------------------
 There are 0 generated clocks that are not connected to a clock source.


9. checking loops (0)
---------------------
 There are 0 combinational loops in the design.


10. checking partial_input_delay (0)
------------------------------------
 There are 0 input ports with partial input delay specified.


11. checking partial_output_delay (0)
-------------------------------------
 There are 0 ports with partial output delay specified.


12. checking latch_loops (0)
----------------------------
 There are 0 combinational latch loops in the design through latch input



------------------------------------------------------------------------------------------------
| Design Timing Summary
| ---------------------
------------------------------------------------------------------------------------------------

    WNS(ns)      TNS(ns)  TNS Failing Endpoints  TNS Total Endpoints      WHS(ns)      THS(ns)  THS Failing Endpoints  THS Total Endpoints     WPWS(ns)     TPWS(ns)  TPWS Failing Endpoints  TPWS Total Endpoints  
    -------      -------  ---------------------  -------------------      -------      -------  ---------------------  -------------------     --------     --------  ----------------------  --------------------  
        inf        0.000                      0                   10          inf        0.000                      0                   10           NA           NA                      NA                    NA  


There are no user specified timing constraints.


------------------------------------------------------------------------------------------------
| Clock Summary
| -------------
------------------------------------------------------------------------------------------------


------------------------------------------------------------------------------------------------
| Intra Clock Table
| -----------------
------------------------------------------------------------------------------------------------

Clock             WNS(ns)      TNS(ns)  TNS Failing Endpoints  TNS Total Endpoints      WHS(ns)      THS(ns)  THS Failing Endpoints  THS Total Endpoints     WPWS(ns)     TPWS(ns)  TPWS Failing Endpoints  TPWS Total Endpoints  
-----             -------      -------  ---------------------  -------------------      -------      -------  ---------------------  -------------------     --------     --------  ----------------------  --------------------  


------------------------------------------------------------------------------------------------
| Inter Clock Table
| -----------------
------------------------------------------------------------------------------------------------

From Clock    To Clock          WNS(ns)      TNS(ns)  TNS Failing Endpoints  TNS Total Endpoints      WHS(ns)      THS(ns)  THS Failing Endpoints  THS Total Endpoints  
----------    --------          -------      -------  ---------------------  -------------------      -------      -------  ---------------------  -------------------  


------------------------------------------------------------------------------------------------
| Other Path Groups Table
| -----------------------
------------------------------------------------------------------------------------------------

Path Group    From Clock    To Clock          WNS(ns)      TNS(ns)  TNS Failing Endpoints  TNS Total Endpoints      WHS(ns)      THS(ns)  THS Failing Endpoints  THS Total Endpoints  
----------    ----------    --------          -------      -------  ---------------------  -------------------      -------      -------  ---------------------  -------------------  


------------------------------------------------------------------------------------------------
| User Ignored Path Table
| -----------------------
------------------------------------------------------------------------------------------------

Path Group    From Clock    To Clock    
----------    ----------    --------    


------------------------------------------------------------------------------------------------
| Unconstrained Path Table
| ------------------------
------------------------------------------------------------------------------------------------

Path Group    From Clock    To Clock    
----------    ----------    --------    
(none)                                    


------------------------------------------------------------------------------------------------
| Timing Details
| --------------
------------------------------------------------------------------------------------------------


--------------------------------------------------------------------------------------
Path Group:  (none)
From Clock:  
  To Clock:  

Max Delay            10 Endpoints
Min Delay            10 Endpoints
--------------------------------------------------------------------------------------


Max Delay Paths
--------------------------------------------------------------------------------------
Slack:                    inf
  Source:                 temp_reg[2]/C
                            (rising edge-triggered cell FDRE)
  Destination:            q[2]
                            (output port)
  Path Group:             (none)
  Path Type:              Max at Slow Process Corner
  Data Path Delay:        4.937ns  (logic 3.223ns (65.280%)  route 1.714ns (34.720%))
  Logic Levels:           2  (FDRE=1 OBUF=1)

    Location             Delay type                Incr(ns)  Path(ns)    Netlist Resource(s)
  -------------------------------------------------------------------    -------------------
    SLICE_X0Y3           FDRE                         0.000     0.000 r  temp_reg[2]/C
    SLICE_X0Y3           FDRE (Prop_fdre_C_Q)         0.419     0.419 r  temp_reg[2]/Q
                         net (fo=3, routed)           1.714     2.133    q_OBUF[2]
    T13                  OBUF (Prop_obuf_I_O)         2.804     4.937 r  q_OBUF[2]_inst/O
                         net (fo=0)                   0.000     4.937    q[2]
    T13                                                               r  q[2] (OUT)
  -------------------------------------------------------------------    -------------------

Slack:                    inf
  Source:                 temp_reg[3]/C
                            (rising edge-triggered cell FDRE)
  Destination:            q[3]
                            (output port)
  Path Group:             (none)
  Path Type:              Max at Slow Process Corner
  Data Path Delay:        4.908ns  (logic 3.083ns (62.826%)  route 1.824ns (37.174%))
  Logic Levels:           2  (FDRE=1 OBUF=1)

    Location             Delay type                Incr(ns)  Path(ns)    Netlist Resource(s)
  -------------------------------------------------------------------    -------------------
    SLICE_X0Y2           FDRE                         0.000     0.000 r  temp_reg[3]/C
    SLICE_X0Y2           FDRE (Prop_fdre_C_Q)         0.456     0.456 r  temp_reg[3]/Q
                         net (fo=2, routed)           1.824     2.280    q_OBUF[3]
    V14                  OBUF (Prop_obuf_I_O)         2.627     4.908 r  q_OBUF[3]_inst/O
                         net (fo=0)                   0.000     4.908    q[3]
    V14                                                               r  q[3] (OUT)
  -------------------------------------------------------------------    -------------------

Slack:                    inf
  Source:                 temp_reg[1]/C
                            (rising edge-triggered cell FDRE)
  Destination:            q[1]
                            (output port)
  Path Group:             (none)
  Path Type:              Max at Slow Process Corner
  Data Path Delay:        4.640ns  (logic 3.084ns (66.457%)  route 1.556ns (33.543%))
  Logic Levels:           2  (FDRE=1 OBUF=1)

    Location             Delay type                Incr(ns)  Path(ns)    Netlist Resource(s)
  -------------------------------------------------------------------    -------------------
    SLICE_X0Y3           FDRE                         0.000     0.000 r  temp_reg[1]/C
    SLICE_X0Y3           FDRE (Prop_fdre_C_Q)         0.456     0.456 r  temp_reg[1]/Q
                         net (fo=3, routed)           1.556     2.012    q_OBUF[1]
    U13                  OBUF (Prop_obuf_I_O)         2.628     4.640 r  q_OBUF[1]_inst/O
                         net (fo=0)                   0.000     4.640    q[1]
    U13                                                               r  q[1] (OUT)
  -------------------------------------------------------------------    -------------------

Slack:                    inf
  Source:                 temp_reg[0]/C
                            (rising edge-triggered cell FDRE)
  Destination:            q[0]
                            (output port)
  Path Group:             (none)
  Path Type:              Max at Slow Process Corner
  Data Path Delay:        4.628ns  (logic 3.095ns (66.874%)  route 1.533ns (33.126%))
  Logic Levels:           2  (FDRE=1 OBUF=1)

    Location             Delay type                Incr(ns)  Path(ns)    Netlist Resource(s)
  -------------------------------------------------------------------    -------------------
    SLICE_X0Y2           FDRE                         0.000     0.000 r  temp_reg[0]/C
    SLICE_X0Y2           FDRE (Prop_fdre_C_Q)         0.456     0.456 r  temp_reg[0]/Q
                         net (fo=1, routed)           1.533     1.989    q_OBUF[0]
    T9                   OBUF (Prop_obuf_I_O)         2.639     4.628 r  q_OBUF[0]_inst/O
                         net (fo=0)                   0.000     4.628    q[0]
    T9                                                                r  q[0] (OUT)
  -------------------------------------------------------------------    -------------------

Slack:                    inf
  Source:                 reset
                            (input port)
  Destination:            temp_reg[0]/CE
  Path Group:             (none)
  Path Type:              Max at Slow Process Corner
  Data Path Delay:        2.718ns  (logic 1.094ns (40.241%)  route 1.624ns (59.759%))
  Logic Levels:           2  (IBUF=1 LUT1=1)

    Location             Delay type                Incr(ns)  Path(ns)    Netlist Resource(s)
  -------------------------------------------------------------------    -------------------
    T10                                               0.000     0.000 f  reset (IN)
                         net (fo=0)                   0.000     0.000    reset
    T10                  IBUF (Prop_ibuf_I_O)         0.970     0.970 f  reset_IBUF_inst/O
                         net (fo=3, routed)           1.222     2.192    reset_IBUF
    SLICE_X0Y2           LUT1 (Prop_lut1_I0_O)        0.124     2.316 r  temp[3]_i_1/O
                         net (fo=2, routed)           0.402     2.718    p_0_in
    SLICE_X0Y2           FDRE                                         r  temp_reg[0]/CE
  -------------------------------------------------------------------    -------------------

Slack:                    inf
  Source:                 reset
                            (input port)
  Destination:            temp_reg[3]/CE
  Path Group:             (none)
  Path Type:              Max at Slow Process Corner
  Data Path Delay:        2.718ns  (logic 1.094ns (40.241%)  route 1.624ns (59.759%))
  Logic Levels:           2  (IBUF=1 LUT1=1)

    Location             Delay type                Incr(ns)  Path(ns)    Netlist Resource(s)
  -------------------------------------------------------------------    -------------------
    T10                                               0.000     0.000 f  reset (IN)
                         net (fo=0)                   0.000     0.000    reset
    T10                  IBUF (Prop_ibuf_I_O)         0.970     0.970 f  reset_IBUF_inst/O
                         net (fo=3, routed)           1.222     2.192    reset_IBUF
    SLICE_X0Y2           LUT1 (Prop_lut1_I0_O)        0.124     2.316 r  temp[3]_i_1/O
                         net (fo=2, routed)           0.402     2.718    p_0_in
    SLICE_X0Y2           FDRE                                         r  temp_reg[3]/CE
  -------------------------------------------------------------------    -------------------

Slack:                    inf
  Source:                 reset
                            (input port)
  Destination:            temp_reg[1]/D
  Path Group:             (none)
  Path Type:              Max at Slow Process Corner
  Data Path Delay:        2.226ns  (logic 1.094ns (49.119%)  route 1.133ns (50.881%))
  Logic Levels:           2  (IBUF=1 LUT3=1)

    Location             Delay type                Incr(ns)  Path(ns)    Netlist Resource(s)
  -------------------------------------------------------------------    -------------------
    T10                                               0.000     0.000 r  reset (IN)
                         net (fo=0)                   0.000     0.000    reset
    T10                  IBUF (Prop_ibuf_I_O)         0.970     0.970 r  reset_IBUF_inst/O
                         net (fo=3, routed)           1.133     2.102    reset_IBUF
    SLICE_X0Y3           LUT3 (Prop_lut3_I1_O)        0.124     2.226 r  temp[1]_i_1/O
                         net (fo=1, routed)           0.000     2.226    temp[1]_i_1_n_0
    SLICE_X0Y3           FDRE                                         r  temp_reg[1]/D
  -------------------------------------------------------------------    -------------------

Slack:                    inf
  Source:                 reset
                            (input port)
  Destination:            temp_reg[2]/D
  Path Group:             (none)
  Path Type:              Max at Slow Process Corner
  Data Path Delay:        2.220ns  (logic 1.088ns (48.982%)  route 1.133ns (51.018%))
  Logic Levels:           2  (IBUF=1 LUT3=1)

    Location             Delay type                Incr(ns)  Path(ns)    Netlist Resource(s)
  -------------------------------------------------------------------    -------------------
    T10                                               0.000     0.000 r  reset (IN)
                         net (fo=0)                   0.000     0.000    reset
    T10                  IBUF (Prop_ibuf_I_O)         0.970     0.970 r  reset_IBUF_inst/O
                         net (fo=3, routed)           1.133     2.102    reset_IBUF
    SLICE_X0Y3           LUT3 (Prop_lut3_I1_O)        0.118     2.220 r  temp[2]_i_1/O
                         net (fo=1, routed)           0.000     2.220    temp[2]_i_1_n_0
    SLICE_X0Y3           FDRE                                         r  temp_reg[2]/D
  -------------------------------------------------------------------    -------------------

Slack:                    inf
  Source:                 d
                            (input port)
  Destination:            temp_reg[3]/D
  Path Group:             (none)
  Path Type:              Max at Slow Process Corner
  Data Path Delay:        2.049ns  (logic 0.966ns (47.124%)  route 1.084ns (52.876%))
  Logic Levels:           1  (IBUF=1)

    Location             Delay type                Incr(ns)  Path(ns)    Netlist Resource(s)
  -------------------------------------------------------------------    -------------------
    R10                                               0.000     0.000 r  d (IN)
                         net (fo=0)                   0.000     0.000    d
    R10                  IBUF (Prop_ibuf_I_O)         0.966     0.966 r  d_IBUF_inst/O
                         net (fo=1, routed)           1.084     2.049    d_IBUF
    SLICE_X0Y2           FDRE                                         r  temp_reg[3]/D
  -------------------------------------------------------------------    -------------------

Slack:                    inf
  Source:                 temp_reg[1]/C
                            (rising edge-triggered cell FDRE)
  Destination:            temp_reg[0]/D
  Path Group:             (none)
  Path Type:              Max at Slow Process Corner
  Data Path Delay:        0.820ns  (logic 0.456ns (55.627%)  route 0.364ns (44.373%))
  Logic Levels:           1  (FDRE=1)

    Location             Delay type                Incr(ns)  Path(ns)    Netlist Resource(s)
  -------------------------------------------------------------------    -------------------
    SLICE_X0Y3           FDRE                         0.000     0.000 r  temp_reg[1]/C
    SLICE_X0Y3           FDRE (Prop_fdre_C_Q)         0.456     0.456 r  temp_reg[1]/Q
                         net (fo=3, routed)           0.364     0.820    q_OBUF[1]
    SLICE_X0Y2           FDRE                                         r  temp_reg[0]/D
  -------------------------------------------------------------------    -------------------





Min Delay Paths
--------------------------------------------------------------------------------------
Slack:                    inf
  Source:                 temp_reg[1]/C
                            (rising edge-triggered cell FDRE)
  Destination:            temp_reg[0]/D
  Path Group:             (none)
  Path Type:              Min at Fast Process Corner
  Data Path Delay:        0.284ns  (logic 0.141ns (49.693%)  route 0.143ns (50.307%))
  Logic Levels:           1  (FDRE=1)

    Location             Delay type                Incr(ns)  Path(ns)    Netlist Resource(s)
  -------------------------------------------------------------------    -------------------
    SLICE_X0Y3           FDRE                         0.000     0.000 r  temp_reg[1]/C
    SLICE_X0Y3           FDRE (Prop_fdre_C_Q)         0.141     0.141 r  temp_reg[1]/Q
                         net (fo=3, routed)           0.143     0.284    q_OBUF[1]
    SLICE_X0Y2           FDRE                                         r  temp_reg[0]/D
  -------------------------------------------------------------------    -------------------

Slack:                    inf
  Source:                 temp_reg[1]/C
                            (rising edge-triggered cell FDRE)
  Destination:            temp_reg[1]/D
  Path Group:             (none)
  Path Type:              Min at Fast Process Corner
  Data Path Delay:        0.383ns  (logic 0.186ns (48.573%)  route 0.197ns (51.427%))
  Logic Levels:           2  (FDRE=1 LUT3=1)

    Location             Delay type                Incr(ns)  Path(ns)    Netlist Resource(s)
  -------------------------------------------------------------------    -------------------
    SLICE_X0Y3           FDRE                         0.000     0.000 r  temp_reg[1]/C
    SLICE_X0Y3           FDRE (Prop_fdre_C_Q)         0.141     0.141 r  temp_reg[1]/Q
                         net (fo=3, routed)           0.197     0.338    q_OBUF[1]
    SLICE_X0Y3           LUT3 (Prop_lut3_I2_O)        0.045     0.383 r  temp[1]_i_1/O
                         net (fo=1, routed)           0.000     0.383    temp[1]_i_1_n_0
    SLICE_X0Y3           FDRE                                         r  temp_reg[1]/D
  -------------------------------------------------------------------    -------------------

Slack:                    inf
  Source:                 temp_reg[3]/C
                            (rising edge-triggered cell FDRE)
  Destination:            temp_reg[2]/D
  Path Group:             (none)
  Path Type:              Min at Fast Process Corner
  Data Path Delay:        0.401ns  (logic 0.187ns (46.634%)  route 0.214ns (53.366%))
  Logic Levels:           2  (FDRE=1 LUT3=1)

    Location             Delay type                Incr(ns)  Path(ns)    Netlist Resource(s)
  -------------------------------------------------------------------    -------------------
    SLICE_X0Y2           FDRE                         0.000     0.000 r  temp_reg[3]/C
    SLICE_X0Y2           FDRE (Prop_fdre_C_Q)         0.141     0.141 r  temp_reg[3]/Q
                         net (fo=2, routed)           0.214     0.355    q_OBUF[3]
    SLICE_X0Y3           LUT3 (Prop_lut3_I0_O)        0.046     0.401 r  temp[2]_i_1/O
                         net (fo=1, routed)           0.000     0.401    temp[2]_i_1_n_0
    SLICE_X0Y3           FDRE                                         r  temp_reg[2]/D
  -------------------------------------------------------------------    -------------------

Slack:                    inf
  Source:                 d
                            (input port)
  Destination:            temp_reg[3]/D
  Path Group:             (none)
  Path Type:              Min at Fast Process Corner
  Data Path Delay:        0.620ns  (logic 0.195ns (31.375%)  route 0.426ns (68.625%))
  Logic Levels:           1  (IBUF=1)

    Location             Delay type                Incr(ns)  Path(ns)    Netlist Resource(s)
  -------------------------------------------------------------------    -------------------
    R10                                               0.000     0.000 r  d (IN)
                         net (fo=0)                   0.000     0.000    d
    R10                  IBUF (Prop_ibuf_I_O)         0.195     0.195 r  d_IBUF_inst/O
                         net (fo=1, routed)           0.426     0.620    d_IBUF
    SLICE_X0Y2           FDRE                                         r  temp_reg[3]/D
  -------------------------------------------------------------------    -------------------

Slack:                    inf
  Source:                 reset
                            (input port)
  Destination:            temp_reg[0]/CE
  Path Group:             (none)
  Path Type:              Min at Fast Process Corner
  Data Path Delay:        0.847ns  (logic 0.243ns (28.756%)  route 0.603ns (71.244%))
  Logic Levels:           2  (IBUF=1 LUT1=1)

    Location             Delay type                Incr(ns)  Path(ns)    Netlist Resource(s)
  -------------------------------------------------------------------    -------------------
    T10                                               0.000     0.000 f  reset (IN)
                         net (fo=0)                   0.000     0.000    reset
    T10                  IBUF (Prop_ibuf_I_O)         0.198     0.198 f  reset_IBUF_inst/O
                         net (fo=3, routed)           0.473     0.671    reset_IBUF
    SLICE_X0Y2           LUT1 (Prop_lut1_I0_O)        0.045     0.716 r  temp[3]_i_1/O
                         net (fo=2, routed)           0.130     0.847    p_0_in
    SLICE_X0Y2           FDRE                                         r  temp_reg[0]/CE
  -------------------------------------------------------------------    -------------------

Slack:                    inf
  Source:                 reset
                            (input port)
  Destination:            temp_reg[3]/CE
  Path Group:             (none)
  Path Type:              Min at Fast Process Corner
  Data Path Delay:        0.847ns  (logic 0.243ns (28.756%)  route 0.603ns (71.244%))
  Logic Levels:           2  (IBUF=1 LUT1=1)

    Location             Delay type                Incr(ns)  Path(ns)    Netlist Resource(s)
  -------------------------------------------------------------------    -------------------
    T10                                               0.000     0.000 f  reset (IN)
                         net (fo=0)                   0.000     0.000    reset
    T10                  IBUF (Prop_ibuf_I_O)         0.198     0.198 f  reset_IBUF_inst/O
                         net (fo=3, routed)           0.473     0.671    reset_IBUF
    SLICE_X0Y2           LUT1 (Prop_lut1_I0_O)        0.045     0.716 r  temp[3]_i_1/O
                         net (fo=2, routed)           0.130     0.847    p_0_in
    SLICE_X0Y2           FDRE                                         r  temp_reg[3]/CE
  -------------------------------------------------------------------    -------------------

Slack:                    inf
  Source:                 temp_reg[0]/C
                            (rising edge-triggered cell FDRE)
  Destination:            q[0]
                            (output port)
  Path Group:             (none)
  Path Type:              Min at Fast Process Corner
  Data Path Delay:        1.583ns  (logic 1.297ns (81.924%)  route 0.286ns (18.076%))
  Logic Levels:           2  (FDRE=1 OBUF=1)

    Location             Delay type                Incr(ns)  Path(ns)    Netlist Resource(s)
  -------------------------------------------------------------------    -------------------
    SLICE_X0Y2           FDRE                         0.000     0.000 r  temp_reg[0]/C
    SLICE_X0Y2           FDRE (Prop_fdre_C_Q)         0.141     0.141 r  temp_reg[0]/Q
                         net (fo=1, routed)           0.286     0.427    q_OBUF[0]
    T9                   OBUF (Prop_obuf_I_O)         1.156     1.583 r  q_OBUF[0]_inst/O
                         net (fo=0)                   0.000     1.583    q[0]
    T9                                                                r  q[0] (OUT)
  -------------------------------------------------------------------    -------------------

Slack:                    inf
  Source:                 temp_reg[1]/C
                            (rising edge-triggered cell FDRE)
  Destination:            q[1]
                            (output port)
  Path Group:             (none)
  Path Type:              Min at Fast Process Corner
  Data Path Delay:        1.595ns  (logic 1.285ns (80.602%)  route 0.309ns (19.398%))
  Logic Levels:           2  (FDRE=1 OBUF=1)

    Location             Delay type                Incr(ns)  Path(ns)    Netlist Resource(s)
  -------------------------------------------------------------------    -------------------
    SLICE_X0Y3           FDRE                         0.000     0.000 r  temp_reg[1]/C
    SLICE_X0Y3           FDRE (Prop_fdre_C_Q)         0.141     0.141 r  temp_reg[1]/Q
                         net (fo=3, routed)           0.309     0.450    q_OBUF[1]
    U13                  OBUF (Prop_obuf_I_O)         1.144     1.595 r  q_OBUF[1]_inst/O
                         net (fo=0)                   0.000     1.595    q[1]
    U13                                                               r  q[1] (OUT)
  -------------------------------------------------------------------    -------------------

Slack:                    inf
  Source:                 temp_reg[2]/C
                            (rising edge-triggered cell FDRE)
  Destination:            q[2]
                            (output port)
  Path Group:             (none)
  Path Type:              Min at Fast Process Corner
  Data Path Delay:        1.690ns  (logic 1.328ns (78.571%)  route 0.362ns (21.429%))
  Logic Levels:           2  (FDRE=1 OBUF=1)

    Location             Delay type                Incr(ns)  Path(ns)    Netlist Resource(s)
  -------------------------------------------------------------------    -------------------
    SLICE_X0Y3           FDRE                         0.000     0.000 r  temp_reg[2]/C
    SLICE_X0Y3           FDRE (Prop_fdre_C_Q)         0.128     0.128 r  temp_reg[2]/Q
                         net (fo=3, routed)           0.362     0.490    q_OBUF[2]
    T13                  OBUF (Prop_obuf_I_O)         1.200     1.690 r  q_OBUF[2]_inst/O
                         net (fo=0)                   0.000     1.690    q[2]
    T13                                                               r  q[2] (OUT)
  -------------------------------------------------------------------    -------------------

Slack:                    inf
  Source:                 temp_reg[3]/C
                            (rising edge-triggered cell FDRE)
  Destination:            q[3]
                            (output port)
  Path Group:             (none)
  Path Type:              Min at Fast Process Corner
  Data Path Delay:        1.694ns  (logic 1.285ns (75.840%)  route 0.409ns (24.160%))
  Logic Levels:           2  (FDRE=1 OBUF=1)

    Location             Delay type                Incr(ns)  Path(ns)    Netlist Resource(s)
  -------------------------------------------------------------------    -------------------
    SLICE_X0Y2           FDRE                         0.000     0.000 r  temp_reg[3]/C
    SLICE_X0Y2           FDRE (Prop_fdre_C_Q)         0.141     0.141 r  temp_reg[3]/Q
                         net (fo=2, routed)           0.409     0.550    q_OBUF[3]
    V14                  OBUF (Prop_obuf_I_O)         1.144     1.694 r  q_OBUF[3]_inst/O
                         net (fo=0)                   0.000     1.694    q[3]
    V14                                                               r  q[3] (OUT)
  -------------------------------------------------------------------    -------------------





