Copyright 1986-2022 Xilinx, Inc. All Rights Reserved. Copyright 2022-2024 Advanced Micro Devices, Inc. All Rights Reserved.
---------------------------------------------------------------------------------------------------------------------------------------------------------------------------------------------------------------------------------------
| Tool Version : Vivado v.2024.1 (win64) Build 5076996 Wed May 22 18:37:14 MDT 2024
| Date         : Mon Sep 23 00:20:08 2024
| Host         : DESKTOP-J74V7E8 running 64-bit major release  (build 9200)
| Command      : report_timing_summary -max_paths 10 -report_unconstrained -file four_bitaddsub_timing_summary_routed.rpt -pb four_bitaddsub_timing_summary_routed.pb -rpx four_bitaddsub_timing_summary_routed.rpx -warn_on_violation
| Design       : four_bitaddsub
| Device       : 7a50t-csg324
| Speed File   : -1  PRODUCTION 1.23 2018-06-13
| Design State : Routed
---------------------------------------------------------------------------------------------------------------------------------------------------------------------------------------------------------------------------------------

Timing Summary Report

------------------------------------------------------------------------------------------------
| Timer Settings
| --------------
------------------------------------------------------------------------------------------------

  Enable Multi Corner Analysis               :  Yes
  Enable Pessimism Removal                   :  Yes
  Pessimism Removal Resolution               :  Nearest Common Node
  Enable Input Delay Default Clock           :  No
  Enable Preset / Clear Arcs                 :  No
  Disable Flight Delays                      :  No
  Ignore I/O Paths                           :  No
  Timing Early Launch at Borrowing Latches   :  No
  Borrow Time for Max Delay Exceptions       :  Yes
  Merge Timing Exceptions                    :  Yes
  Inter-SLR Compensation                     :  Conservative

  Corner  Analyze    Analyze    
  Name    Max Paths  Min Paths  
  ------  ---------  ---------  
  Slow    Yes        Yes        
  Fast    Yes        Yes        


------------------------------------------------------------------------------------------------
| Report Methodology
| ------------------
------------------------------------------------------------------------------------------------

No report available as report_methodology has not been run prior. Run report_methodology on the current design for the summary of methodology violations.



check_timing report

Table of Contents
-----------------
1. checking no_clock (0)
2. checking constant_clock (0)
3. checking pulse_width_clock (0)
4. checking unconstrained_internal_endpoints (0)
5. checking no_input_delay (0)
6. checking no_output_delay (0)
7. checking multiple_clock (0)
8. checking generated_clocks (0)
9. checking loops (0)
10. checking partial_input_delay (0)
11. checking partial_output_delay (0)
12. checking latch_loops (0)

1. checking no_clock (0)
------------------------
 There are 0 register/latch pins with no clock.


2. checking constant_clock (0)
------------------------------
 There are 0 register/latch pins with constant_clock.


3. checking pulse_width_clock (0)
---------------------------------
 There are 0 register/latch pins which need pulse_width check


4. checking unconstrained_internal_endpoints (0)
------------------------------------------------
 There are 0 pins that are not constrained for maximum delay.

 There are 0 pins that are not constrained for maximum delay due to constant clock.


5. checking no_input_delay (0)
------------------------------
 There are 0 input ports with no input delay specified.

 There are 0 input ports with no input delay but user has a false path constraint.


6. checking no_output_delay (0)
-------------------------------
 There are 0 ports with no output delay specified.

 There are 0 ports with no output delay but user has a false path constraint

 There are 0 ports with no output delay but with a timing clock defined on it or propagating through it


7. checking multiple_clock (0)
------------------------------
 There are 0 register/latch pins with multiple clocks.


8. checking generated_clocks (0)
--------------------------------
 There are 0 generated clocks that are not connected to a clock source.


9. checking loops (0)
---------------------
 There are 0 combinational loops in the design.


10. checking partial_input_delay (0)
------------------------------------
 There are 0 input ports with partial input delay specified.


11. checking partial_output_delay (0)
-------------------------------------
 There are 0 ports with partial output delay specified.


12. checking latch_loops (0)
----------------------------
 There are 0 combinational latch loops in the design through latch input



------------------------------------------------------------------------------------------------
| Design Timing Summary
| ---------------------
------------------------------------------------------------------------------------------------

    WNS(ns)      TNS(ns)  TNS Failing Endpoints  TNS Total Endpoints      WHS(ns)      THS(ns)  THS Failing Endpoints  THS Total Endpoints     WPWS(ns)     TPWS(ns)  TPWS Failing Endpoints  TPWS Total Endpoints  
    -------      -------  ---------------------  -------------------      -------      -------  ---------------------  -------------------     --------     --------  ----------------------  --------------------  
        inf        0.000                      0                    5          inf        0.000                      0                    5           NA           NA                      NA                    NA  


There are no user specified timing constraints.


------------------------------------------------------------------------------------------------
| Clock Summary
| -------------
------------------------------------------------------------------------------------------------


------------------------------------------------------------------------------------------------
| Intra Clock Table
| -----------------
------------------------------------------------------------------------------------------------

Clock             WNS(ns)      TNS(ns)  TNS Failing Endpoints  TNS Total Endpoints      WHS(ns)      THS(ns)  THS Failing Endpoints  THS Total Endpoints     WPWS(ns)     TPWS(ns)  TPWS Failing Endpoints  TPWS Total Endpoints  
-----             -------      -------  ---------------------  -------------------      -------      -------  ---------------------  -------------------     --------     --------  ----------------------  --------------------  


------------------------------------------------------------------------------------------------
| Inter Clock Table
| -----------------
------------------------------------------------------------------------------------------------

From Clock    To Clock          WNS(ns)      TNS(ns)  TNS Failing Endpoints  TNS Total Endpoints      WHS(ns)      THS(ns)  THS Failing Endpoints  THS Total Endpoints  
----------    --------          -------      -------  ---------------------  -------------------      -------      -------  ---------------------  -------------------  


------------------------------------------------------------------------------------------------
| Other Path Groups Table
| -----------------------
------------------------------------------------------------------------------------------------

Path Group    From Clock    To Clock          WNS(ns)      TNS(ns)  TNS Failing Endpoints  TNS Total Endpoints      WHS(ns)      THS(ns)  THS Failing Endpoints  THS Total Endpoints  
----------    ----------    --------          -------      -------  ---------------------  -------------------      -------      -------  ---------------------  -------------------  


------------------------------------------------------------------------------------------------
| User Ignored Path Table
| -----------------------
------------------------------------------------------------------------------------------------

Path Group    From Clock    To Clock    
----------    ----------    --------    


------------------------------------------------------------------------------------------------
| Unconstrained Path Table
| ------------------------
------------------------------------------------------------------------------------------------

Path Group    From Clock    To Clock    
----------    ----------    --------    
(none)                                    


------------------------------------------------------------------------------------------------
| Timing Details
| --------------
------------------------------------------------------------------------------------------------


--------------------------------------------------------------------------------------
Path Group:  (none)
From Clock:  
  To Clock:  

Max Delay             5 Endpoints
Min Delay             5 Endpoints
--------------------------------------------------------------------------------------


Max Delay Paths
--------------------------------------------------------------------------------------
Slack:                    inf
  Source:                 A[0]
                            (input port)
  Destination:            Cout
                            (output port)
  Path Group:             (none)
  Path Type:              Max at Slow Process Corner
  Data Path Delay:        8.054ns  (logic 3.842ns (47.703%)  route 4.212ns (52.297%))
  Logic Levels:           4  (IBUF=1 LUT5=1 LUT6=1 OBUF=1)

    Location             Delay type                Incr(ns)  Path(ns)    Netlist Resource(s)
  -------------------------------------------------------------------    -------------------
    R10                                               0.000     0.000 r  A[0] (IN)
                         net (fo=0)                   0.000     0.000    A[0]
    R10                  IBUF (Prop_ibuf_I_O)         0.966     0.966 r  A_IBUF[0]_inst/O
                         net (fo=3, routed)           1.617     2.583    A_IBUF[0]
    SLICE_X0Y6           LUT5 (Prop_lut5_I1_O)        0.124     2.707 r  Result_OBUF[3]_inst_i_2/O
                         net (fo=3, routed)           0.743     3.451    C1
    SLICE_X0Y7           LUT6 (Prop_lut6_I2_O)        0.124     3.575 r  Cout_OBUF_inst_i_1/O
                         net (fo=1, routed)           1.851     5.426    Cout_OBUF
    V17                  OBUF (Prop_obuf_I_O)         2.628     8.054 r  Cout_OBUF_inst/O
                         net (fo=0)                   0.000     8.054    Cout
    V17                                                               r  Cout (OUT)
  -------------------------------------------------------------------    -------------------

Slack:                    inf
  Source:                 A[0]
                            (input port)
  Destination:            Result[2]
                            (output port)
  Path Group:             (none)
  Path Type:              Max at Slow Process Corner
  Data Path Delay:        7.779ns  (logic 3.841ns (49.371%)  route 3.939ns (50.629%))
  Logic Levels:           4  (IBUF=1 LUT4=1 LUT5=1 OBUF=1)

    Location             Delay type                Incr(ns)  Path(ns)    Netlist Resource(s)
  -------------------------------------------------------------------    -------------------
    R10                                               0.000     0.000 r  A[0] (IN)
                         net (fo=0)                   0.000     0.000    A[0]
    R10                  IBUF (Prop_ibuf_I_O)         0.966     0.966 r  A_IBUF[0]_inst/O
                         net (fo=3, routed)           1.617     2.583    A_IBUF[0]
    SLICE_X0Y6           LUT5 (Prop_lut5_I1_O)        0.124     2.707 r  Result_OBUF[3]_inst_i_2/O
                         net (fo=3, routed)           0.457     3.165    C1
    SLICE_X0Y7           LUT4 (Prop_lut4_I3_O)        0.124     3.289 r  Result_OBUF[2]_inst_i_1/O
                         net (fo=1, routed)           1.864     5.152    Result_OBUF[2]
    U11                  OBUF (Prop_obuf_I_O)         2.627     7.779 r  Result_OBUF[2]_inst/O
                         net (fo=0)                   0.000     7.779    Result[2]
    U11                                                               r  Result[2] (OUT)
  -------------------------------------------------------------------    -------------------

Slack:                    inf
  Source:                 A[0]
                            (input port)
  Destination:            Result[3]
                            (output port)
  Path Group:             (none)
  Path Type:              Max at Slow Process Corner
  Data Path Delay:        7.642ns  (logic 3.843ns (50.294%)  route 3.798ns (49.706%))
  Logic Levels:           4  (IBUF=1 LUT5=1 LUT6=1 OBUF=1)

    Location             Delay type                Incr(ns)  Path(ns)    Netlist Resource(s)
  -------------------------------------------------------------------    -------------------
    R10                                               0.000     0.000 r  A[0] (IN)
                         net (fo=0)                   0.000     0.000    A[0]
    R10                  IBUF (Prop_ibuf_I_O)         0.966     0.966 r  A_IBUF[0]_inst/O
                         net (fo=3, routed)           1.617     2.583    A_IBUF[0]
    SLICE_X0Y6           LUT5 (Prop_lut5_I1_O)        0.124     2.707 r  Result_OBUF[3]_inst_i_2/O
                         net (fo=3, routed)           0.458     3.165    C1
    SLICE_X0Y7           LUT6 (Prop_lut6_I4_O)        0.124     3.289 r  Result_OBUF[3]_inst_i_1/O
                         net (fo=1, routed)           1.723     5.012    Result_OBUF[3]
    T11                  OBUF (Prop_obuf_I_O)         2.629     7.642 r  Result_OBUF[3]_inst/O
                         net (fo=0)                   0.000     7.642    Result[3]
    T11                                                               r  Result[3] (OUT)
  -------------------------------------------------------------------    -------------------

Slack:                    inf
  Source:                 A[0]
                            (input port)
  Destination:            Result[1]
                            (output port)
  Path Group:             (none)
  Path Type:              Max at Slow Process Corner
  Data Path Delay:        7.462ns  (logic 3.977ns (53.295%)  route 3.485ns (46.705%))
  Logic Levels:           3  (IBUF=1 LUT5=1 OBUF=1)

    Location             Delay type                Incr(ns)  Path(ns)    Netlist Resource(s)
  -------------------------------------------------------------------    -------------------
    R10                                               0.000     0.000 r  A[0] (IN)
                         net (fo=0)                   0.000     0.000    A[0]
    R10                  IBUF (Prop_ibuf_I_O)         0.966     0.966 r  A_IBUF[0]_inst/O
                         net (fo=3, routed)           1.617     2.583    A_IBUF[0]
    SLICE_X0Y6           LUT5 (Prop_lut5_I4_O)        0.152     2.735 r  Result_OBUF[1]_inst_i_1/O
                         net (fo=1, routed)           1.868     4.603    Result_OBUF[1]
    U12                  OBUF (Prop_obuf_I_O)         2.859     7.462 r  Result_OBUF[1]_inst/O
                         net (fo=0)                   0.000     7.462    Result[1]
    U12                                                               r  Result[1] (OUT)
  -------------------------------------------------------------------    -------------------

Slack:                    inf
  Source:                 B[0]
                            (input port)
  Destination:            Result[0]
                            (output port)
  Path Group:             (none)
  Path Type:              Max at Slow Process Corner
  Data Path Delay:        6.782ns  (logic 3.744ns (55.204%)  route 3.038ns (44.796%))
  Logic Levels:           3  (IBUF=1 LUT2=1 OBUF=1)

    Location             Delay type                Incr(ns)  Path(ns)    Netlist Resource(s)
  -------------------------------------------------------------------    -------------------
    T13                                               0.000     0.000 r  B[0] (IN)
                         net (fo=0)                   0.000     0.000    B[0]
    T13                  IBUF (Prop_ibuf_I_O)         0.966     0.966 r  B_IBUF[0]_inst/O
                         net (fo=3, routed)           1.214     2.180    B_IBUF[0]
    SLICE_X0Y6           LUT2 (Prop_lut2_I0_O)        0.124     2.304 r  Result_OBUF[0]_inst_i_1/O
                         net (fo=1, routed)           1.825     4.128    Result_OBUF[0]
    V12                  OBUF (Prop_obuf_I_O)         2.654     6.782 r  Result_OBUF[0]_inst/O
                         net (fo=0)                   0.000     6.782    Result[0]
    V12                                                               r  Result[0] (OUT)
  -------------------------------------------------------------------    -------------------





Min Delay Paths
--------------------------------------------------------------------------------------
Slack:                    inf
  Source:                 B[3]
                            (input port)
  Destination:            Result[3]
                            (output port)
  Path Group:             (none)
  Path Type:              Min at Fast Process Corner
  Data Path Delay:        2.097ns  (logic 1.398ns (66.676%)  route 0.699ns (33.324%))
  Logic Levels:           3  (IBUF=1 LUT6=1 OBUF=1)

    Location             Delay type                Incr(ns)  Path(ns)    Netlist Resource(s)
  -------------------------------------------------------------------    -------------------
    V11                                               0.000     0.000 r  B[3] (IN)
                         net (fo=0)                   0.000     0.000    B[3]
    V11                  IBUF (Prop_ibuf_I_O)         0.207     0.207 r  B_IBUF[3]_inst/O
                         net (fo=2, routed)           0.348     0.555    B_IBUF[3]
    SLICE_X0Y7           LUT6 (Prop_lut6_I0_O)        0.045     0.600 r  Result_OBUF[3]_inst_i_1/O
                         net (fo=1, routed)           0.350     0.950    Result_OBUF[3]
    T11                  OBUF (Prop_obuf_I_O)         1.146     2.097 r  Result_OBUF[3]_inst/O
                         net (fo=0)                   0.000     2.097    Result[3]
    T11                                                               r  Result[3] (OUT)
  -------------------------------------------------------------------    -------------------

Slack:                    inf
  Source:                 B[3]
                            (input port)
  Destination:            Cout
                            (output port)
  Path Group:             (none)
  Path Type:              Min at Fast Process Corner
  Data Path Delay:        2.155ns  (logic 1.397ns (64.800%)  route 0.759ns (35.200%))
  Logic Levels:           3  (IBUF=1 LUT6=1 OBUF=1)

    Location             Delay type                Incr(ns)  Path(ns)    Netlist Resource(s)
  -------------------------------------------------------------------    -------------------
    V11                                               0.000     0.000 r  B[3] (IN)
                         net (fo=0)                   0.000     0.000    B[3]
    V11                  IBUF (Prop_ibuf_I_O)         0.207     0.207 r  B_IBUF[3]_inst/O
                         net (fo=2, routed)           0.347     0.554    B_IBUF[3]
    SLICE_X0Y7           LUT6 (Prop_lut6_I0_O)        0.045     0.599 r  Cout_OBUF_inst_i_1/O
                         net (fo=1, routed)           0.411     1.010    Cout_OBUF
    V17                  OBUF (Prop_obuf_I_O)         1.145     2.155 r  Cout_OBUF_inst/O
                         net (fo=0)                   0.000     2.155    Cout
    V17                                                               r  Cout (OUT)
  -------------------------------------------------------------------    -------------------

Slack:                    inf
  Source:                 A[0]
                            (input port)
  Destination:            Result[0]
                            (output port)
  Path Group:             (none)
  Path Type:              Min at Fast Process Corner
  Data Path Delay:        2.233ns  (logic 1.410ns (63.169%)  route 0.822ns (36.831%))
  Logic Levels:           3  (IBUF=1 LUT2=1 OBUF=1)

    Location             Delay type                Incr(ns)  Path(ns)    Netlist Resource(s)
  -------------------------------------------------------------------    -------------------
    R10                                               0.000     0.000 r  A[0] (IN)
                         net (fo=0)                   0.000     0.000    A[0]
    R10                  IBUF (Prop_ibuf_I_O)         0.195     0.195 r  A_IBUF[0]_inst/O
                         net (fo=3, routed)           0.431     0.625    A_IBUF[0]
    SLICE_X0Y6           LUT2 (Prop_lut2_I1_O)        0.045     0.670 r  Result_OBUF[0]_inst_i_1/O
                         net (fo=1, routed)           0.392     1.062    Result_OBUF[0]
    V12                  OBUF (Prop_obuf_I_O)         1.171     2.233 r  Result_OBUF[0]_inst/O
                         net (fo=0)                   0.000     2.233    Result[0]
    V12                                                               r  Result[0] (OUT)
  -------------------------------------------------------------------    -------------------

Slack:                    inf
  Source:                 Control
                            (input port)
  Destination:            Result[2]
                            (output port)
  Path Group:             (none)
  Path Type:              Min at Fast Process Corner
  Data Path Delay:        2.268ns  (logic 1.397ns (61.605%)  route 0.871ns (38.395%))
  Logic Levels:           3  (IBUF=1 LUT4=1 OBUF=1)

    Location             Delay type                Incr(ns)  Path(ns)    Netlist Resource(s)
  -------------------------------------------------------------------    -------------------
    V10                                               0.000     0.000 r  Control (IN)
                         net (fo=0)                   0.000     0.000    Control
    V10                  IBUF (Prop_ibuf_I_O)         0.208     0.208 r  Control_IBUF_inst/O
                         net (fo=5, routed)           0.462     0.670    Control_IBUF
    SLICE_X0Y7           LUT4 (Prop_lut4_I1_O)        0.045     0.715 r  Result_OBUF[2]_inst_i_1/O
                         net (fo=1, routed)           0.409     1.124    Result_OBUF[2]
    U11                  OBUF (Prop_obuf_I_O)         1.144     2.268 r  Result_OBUF[2]_inst/O
                         net (fo=0)                   0.000     2.268    Result[2]
    U11                                                               r  Result[2] (OUT)
  -------------------------------------------------------------------    -------------------

Slack:                    inf
  Source:                 A[1]
                            (input port)
  Destination:            Result[1]
                            (output port)
  Path Group:             (none)
  Path Type:              Min at Fast Process Corner
  Data Path Delay:        2.307ns  (logic 1.482ns (64.257%)  route 0.824ns (35.743%))
  Logic Levels:           3  (IBUF=1 LUT5=1 OBUF=1)

    Location             Delay type                Incr(ns)  Path(ns)    Netlist Resource(s)
  -------------------------------------------------------------------    -------------------
    T10                                               0.000     0.000 r  A[1] (IN)
                         net (fo=0)                   0.000     0.000    A[1]
    T10                  IBUF (Prop_ibuf_I_O)         0.198     0.198 r  A_IBUF[1]_inst/O
                         net (fo=2, routed)           0.412     0.610    A_IBUF[1]
    SLICE_X0Y6           LUT5 (Prop_lut5_I1_O)        0.048     0.658 r  Result_OBUF[1]_inst_i_1/O
                         net (fo=1, routed)           0.413     1.071    Result_OBUF[1]
    U12                  OBUF (Prop_obuf_I_O)         1.236     2.307 r  Result_OBUF[1]_inst/O
                         net (fo=0)                   0.000     2.307    Result[1]
    U12                                                               r  Result[1] (OUT)
  -------------------------------------------------------------------    -------------------





