
*** Running vivado
    with args -log four_bit_up_down.vdi -applog -m64 -product Vivado -messageDb vivado.pb -mode batch -source four_bit_up_down.tcl -notrace


****** Vivado v2024.1 (64-bit)
  **** SW Build 5076996 on Wed May 22 18:36:09 MDT 2024
  **** IP Build 5075265 on Wed May 22 21:45:21 MDT 2024
  **** SharedData Build 5076995 on Wed May 22 18:29:18 MDT 2024
  **** Start of session at: Sat Dec  7 18:46:57 2024
    ** Copyright 1986-2022 Xilinx, Inc. All Rights Reserved.
    ** Copyright 2022-2024 Advanced Micro Devices, Inc. All Rights Reserved.

source four_bit_up_down.tcl -notrace
create_project: Time (s): cpu = 00:00:15 ; elapsed = 00:00:16 . Memory (MB): peak = 1405.344 ; gain = 0.027 ; free physical = 1893 ; free virtual = 10535
Command: link_design -top four_bit_up_down -part xc7a50tcsg324-1
Design is defaulting to srcset: sources_1
Design is defaulting to constrset: constrs_1
INFO: [Device 21-403] Loading part xc7a50tcsg324-1
INFO: [Device 21-9227] Part: xc7a50tcsg324-1 does not have CEAM library.
Netlist sorting complete. Time (s): cpu = 00:00:00 ; elapsed = 00:00:00 . Memory (MB): peak = 1716.414 ; gain = 0.000 ; free physical = 1619 ; free virtual = 10261
INFO: [Project 1-479] Netlist was created with Vivado 2024.1
INFO: [Project 1-570] Preparing netlist for logic optimization
Read ShapeDB Complete: Time (s): cpu = 00:00:00.01 ; elapsed = 00:00:00 . Memory (MB): peak = 1779.227 ; gain = 0.000 ; free physical = 1509 ; free virtual = 10175
Netlist sorting complete. Time (s): cpu = 00:00:00 ; elapsed = 00:00:00 . Memory (MB): peak = 1779.227 ; gain = 0.000 ; free physical = 1509 ; free virtual = 10175
INFO: [Project 1-111] Unisim Transformation Summary:
No Unisim elements were transformed.

5 Infos, 0 Warnings, 0 Critical Warnings and 0 Errors encountered.
link_design completed successfully
link_design: Time (s): cpu = 00:00:08 ; elapsed = 00:00:08 . Memory (MB): peak = 1807.039 ; gain = 401.695 ; free physical = 1501 ; free virtual = 10167
Command: opt_design
Attempting to get a license for feature 'Implementation' and/or device 'xc7a50t'
INFO: [Common 17-349] Got license for feature 'Implementation' and/or device 'xc7a50t'
Running DRC as a precondition to command opt_design

Starting DRC Task
INFO: [DRC 23-27] Running DRC with 4 threads
INFO: [Project 1-461] DRC finished with 0 Errors
INFO: [Project 1-462] Please refer to the DRC report (report_drc) for more information.

Time (s): cpu = 00:00:02 ; elapsed = 00:00:01 . Memory (MB): peak = 1870.773 ; gain = 63.734 ; free physical = 1480 ; free virtual = 10153

Starting Cache Timing Information Task
INFO: [Timing 38-35] Done setting XDC timing constraints.
Ending Cache Timing Information Task | Checksum: 155ced977

Time (s): cpu = 00:00:14 ; elapsed = 00:00:15 . Memory (MB): peak = 2357.617 ; gain = 486.844 ; free physical = 975 ; free virtual = 9660

Starting Logic Optimization Task

Phase 1 Initialization

Phase 1.1 Core Generation And Design Setup
Phase 1.1 Core Generation And Design Setup | Checksum: 155ced977

Time (s): cpu = 00:00:00 ; elapsed = 00:00:00.01 . Memory (MB): peak = 2668.453 ; gain = 0.000 ; free physical = 593 ; free virtual = 9292

Phase 1.2 Setup Constraints And Sort Netlist
Phase 1.2 Setup Constraints And Sort Netlist | Checksum: 155ced977

Time (s): cpu = 00:00:00.01 ; elapsed = 00:00:00.02 . Memory (MB): peak = 2668.453 ; gain = 0.000 ; free physical = 593 ; free virtual = 9292
Phase 1 Initialization | Checksum: 155ced977

Time (s): cpu = 00:00:00.01 ; elapsed = 00:00:00.02 . Memory (MB): peak = 2668.453 ; gain = 0.000 ; free physical = 593 ; free virtual = 9292

Phase 2 Timer Update And Timing Data Collection

Phase 2.1 Timer Update
Phase 2.1 Timer Update | Checksum: 155ced977

Time (s): cpu = 00:00:00.01 ; elapsed = 00:00:00.02 . Memory (MB): peak = 2668.453 ; gain = 0.000 ; free physical = 593 ; free virtual = 9292

Phase 2.2 Timing Data Collection
Phase 2.2 Timing Data Collection | Checksum: 155ced977

Time (s): cpu = 00:00:00.02 ; elapsed = 00:00:00.04 . Memory (MB): peak = 2668.453 ; gain = 0.000 ; free physical = 592 ; free virtual = 9291
Phase 2 Timer Update And Timing Data Collection | Checksum: 155ced977

Time (s): cpu = 00:00:00.02 ; elapsed = 00:00:00.04 . Memory (MB): peak = 2668.453 ; gain = 0.000 ; free physical = 592 ; free virtual = 9291

Phase 3 Retarget
INFO: [Opt 31-1834] Total Chains To Be Transformed Were: 0 AND Number of Transformed insts Created are: 0
INFO: [Opt 31-138] Pushed 0 inverter(s) to 0 load pin(s).
INFO: [Opt 31-49] Retargeted 0 cell(s).
Phase 3 Retarget | Checksum: 155ced977

Time (s): cpu = 00:00:00.07 ; elapsed = 00:00:00.1 . Memory (MB): peak = 2668.453 ; gain = 0.000 ; free physical = 584 ; free virtual = 9283
Retarget | Checksum: 155ced977
INFO: [Opt 31-389] Phase Retarget created 0 cells and removed 0 cells

Phase 4 Constant propagation
INFO: [Opt 31-138] Pushed 0 inverter(s) to 0 load pin(s).
Phase 4 Constant propagation | Checksum: 155ced977

Time (s): cpu = 00:00:00.08 ; elapsed = 00:00:00.1 . Memory (MB): peak = 2668.453 ; gain = 0.000 ; free physical = 584 ; free virtual = 9283
Constant propagation | Checksum: 155ced977
INFO: [Opt 31-389] Phase Constant propagation created 0 cells and removed 0 cells

Phase 5 Sweep
Phase 5 Sweep | Checksum: 155ced977

Time (s): cpu = 00:00:00.08 ; elapsed = 00:00:00.11 . Memory (MB): peak = 2668.453 ; gain = 0.000 ; free physical = 583 ; free virtual = 9282
Sweep | Checksum: 155ced977
INFO: [Opt 31-389] Phase Sweep created 0 cells and removed 0 cells

Phase 6 BUFG optimization
Phase 6 BUFG optimization | Checksum: 155ced977

Time (s): cpu = 00:00:00.1 ; elapsed = 00:00:00.13 . Memory (MB): peak = 2668.453 ; gain = 0.000 ; free physical = 583 ; free virtual = 9282
BUFG optimization | Checksum: 155ced977
INFO: [Opt 31-662] Phase BUFG optimization created 0 cells of which 0 are BUFGs and removed 0 cells.

Phase 7 Shift Register Optimization
INFO: [Opt 31-1064] SRL Remap converted 0 SRLs to 0 registers and converted 0 registers of register chains to 0 SRLs
Phase 7 Shift Register Optimization | Checksum: 155ced977

Time (s): cpu = 00:00:00.1 ; elapsed = 00:00:00.13 . Memory (MB): peak = 2668.453 ; gain = 0.000 ; free physical = 583 ; free virtual = 9282
Shift Register Optimization | Checksum: 155ced977
INFO: [Opt 31-389] Phase Shift Register Optimization created 0 cells and removed 0 cells

Phase 8 Post Processing Netlist
Phase 8 Post Processing Netlist | Checksum: 155ced977

Time (s): cpu = 00:00:00.1 ; elapsed = 00:00:00.13 . Memory (MB): peak = 2668.453 ; gain = 0.000 ; free physical = 583 ; free virtual = 9282
Post Processing Netlist | Checksum: 155ced977
INFO: [Opt 31-389] Phase Post Processing Netlist created 0 cells and removed 0 cells

Phase 9 Finalization

Phase 9.1 Finalizing Design Cores and Updating Shapes
Phase 9.1 Finalizing Design Cores and Updating Shapes | Checksum: 155ced977

Time (s): cpu = 00:00:00.1 ; elapsed = 00:00:00.13 . Memory (MB): peak = 2668.453 ; gain = 0.000 ; free physical = 583 ; free virtual = 9282

Phase 9.2 Verifying Netlist Connectivity

Starting Connectivity Check Task

Time (s): cpu = 00:00:00 ; elapsed = 00:00:00 . Memory (MB): peak = 2668.453 ; gain = 0.000 ; free physical = 582 ; free virtual = 9281
Phase 9.2 Verifying Netlist Connectivity | Checksum: 155ced977

Time (s): cpu = 00:00:00.11 ; elapsed = 00:00:00.14 . Memory (MB): peak = 2668.453 ; gain = 0.000 ; free physical = 582 ; free virtual = 9281
Phase 9 Finalization | Checksum: 155ced977

Time (s): cpu = 00:00:00.11 ; elapsed = 00:00:00.14 . Memory (MB): peak = 2668.453 ; gain = 0.000 ; free physical = 582 ; free virtual = 9281
Opt_design Change Summary
=========================


-------------------------------------------------------------------------------------------------------------------------
|  Phase                        |  #Cells created  |  #Cells Removed  |  #Constrained objects preventing optimizations  |
-------------------------------------------------------------------------------------------------------------------------
|  Retarget                     |               0  |               0  |                                              0  |
|  Constant propagation         |               0  |               0  |                                              0  |
|  Sweep                        |               0  |               0  |                                              0  |
|  BUFG optimization            |               0  |               0  |                                              0  |
|  Shift Register Optimization  |               0  |               0  |                                              0  |
|  Post Processing Netlist      |               0  |               0  |                                              0  |
-------------------------------------------------------------------------------------------------------------------------


Ending Logic Optimization Task | Checksum: 155ced977

Time (s): cpu = 00:00:00.11 ; elapsed = 00:00:00.14 . Memory (MB): peak = 2668.453 ; gain = 0.000 ; free physical = 582 ; free virtual = 9281

Starting Power Optimization Task
INFO: [Pwropt 34-132] Skipping clock gating for clocks with a period < 2.00 ns.
Ending Power Optimization Task | Checksum: 155ced977

Time (s): cpu = 00:00:00.01 ; elapsed = 00:00:00.01 . Memory (MB): peak = 2668.453 ; gain = 0.000 ; free physical = 582 ; free virtual = 9281

Starting Final Cleanup Task
Ending Final Cleanup Task | Checksum: 155ced977

Time (s): cpu = 00:00:00 ; elapsed = 00:00:00 . Memory (MB): peak = 2668.453 ; gain = 0.000 ; free physical = 582 ; free virtual = 9281

Starting Netlist Obfuscation Task
Netlist sorting complete. Time (s): cpu = 00:00:00 ; elapsed = 00:00:00 . Memory (MB): peak = 2668.453 ; gain = 0.000 ; free physical = 582 ; free virtual = 9281
Ending Netlist Obfuscation Task | Checksum: 155ced977

Time (s): cpu = 00:00:00 ; elapsed = 00:00:00 . Memory (MB): peak = 2668.453 ; gain = 0.000 ; free physical = 582 ; free virtual = 9281
INFO: [Common 17-83] Releasing license: Implementation
23 Infos, 0 Warnings, 0 Critical Warnings and 0 Errors encountered.
opt_design completed successfully
opt_design: Time (s): cpu = 00:00:22 ; elapsed = 00:00:22 . Memory (MB): peak = 2668.453 ; gain = 861.414 ; free physical = 582 ; free virtual = 9281
INFO: [Vivado 12-24828] Executing command : report_drc -file four_bit_up_down_drc_opted.rpt -pb four_bit_up_down_drc_opted.pb -rpx four_bit_up_down_drc_opted.rpx
Command: report_drc -file four_bit_up_down_drc_opted.rpt -pb four_bit_up_down_drc_opted.pb -rpx four_bit_up_down_drc_opted.rpx
INFO: [IP_Flow 19-234] Refreshing IP repositories
INFO: [IP_Flow 19-1704] No user IP repositories specified
INFO: [IP_Flow 19-2313] Loaded Vivado IP repository '/tools/Xilinx/Vivado/2024.1/data/ip'.
INFO: [DRC 23-27] Running DRC with 4 threads
INFO: [Vivado_Tcl 2-168] The results of DRC are in file /home/crstha7/Lab_07/Lab_07.runs/impl_1/four_bit_up_down_drc_opted.rpt.
report_drc completed successfully
Write ShapeDB Complete: Time (s): cpu = 00:00:00 ; elapsed = 00:00:00 . Memory (MB): peak = 2676.457 ; gain = 0.000 ; free physical = 556 ; free virtual = 9245
INFO: [Common 17-1381] The checkpoint '/home/crstha7/Lab_07/Lab_07.runs/impl_1/four_bit_up_down_opt.dcp' has been generated.
Command: place_design
Attempting to get a license for feature 'Implementation' and/or device 'xc7a50t'
INFO: [Common 17-349] Got license for feature 'Implementation' and/or device 'xc7a50t'
INFO: [Common 17-83] Releasing license: Implementation
INFO: [DRC 23-27] Running DRC with 4 threads
INFO: [Vivado_Tcl 4-198] DRC finished with 0 Errors
INFO: [Vivado_Tcl 4-199] Please refer to the DRC report (report_drc) for more information.
Running DRC as a precondition to command place_design
INFO: [DRC 23-27] Running DRC with 4 threads
INFO: [Vivado_Tcl 4-198] DRC finished with 0 Errors
INFO: [Vivado_Tcl 4-199] Please refer to the DRC report (report_drc) for more information.
INFO: [Place 30-611] Multithreading enabled for place_design using a maximum of 4 CPUs

Starting Placer Task

Phase 1 Placer Initialization

Phase 1.1 Placer Initialization Netlist Sorting
Netlist sorting complete. Time (s): cpu = 00:00:00 ; elapsed = 00:00:00 . Memory (MB): peak = 2692.465 ; gain = 0.000 ; free physical = 549 ; free virtual = 9236
Phase 1.1 Placer Initialization Netlist Sorting | Checksum: 57eabc7b

Time (s): cpu = 00:00:00.01 ; elapsed = 00:00:00 . Memory (MB): peak = 2692.465 ; gain = 0.000 ; free physical = 549 ; free virtual = 9236
Netlist sorting complete. Time (s): cpu = 00:00:00 ; elapsed = 00:00:00 . Memory (MB): peak = 2692.465 ; gain = 0.000 ; free physical = 549 ; free virtual = 9236

Phase 1.2 IO Placement/ Clock Placement/ Build Placer Device
INFO: [Timing 38-35] Done setting XDC timing constraints.
Phase 1.2 IO Placement/ Clock Placement/ Build Placer Device | Checksum: 153f91f27

Time (s): cpu = 00:00:00.52 ; elapsed = 00:00:00.28 . Memory (MB): peak = 2692.465 ; gain = 0.000 ; free physical = 548 ; free virtual = 9235

Phase 1.3 Build Placer Netlist Model
Phase 1.3 Build Placer Netlist Model | Checksum: 216e805d3

Time (s): cpu = 00:00:00.58 ; elapsed = 00:00:00.32 . Memory (MB): peak = 2692.465 ; gain = 0.000 ; free physical = 548 ; free virtual = 9235

Phase 1.4 Constrain Clocks/Macros
Phase 1.4 Constrain Clocks/Macros | Checksum: 216e805d3

Time (s): cpu = 00:00:00.59 ; elapsed = 00:00:00.33 . Memory (MB): peak = 2692.465 ; gain = 0.000 ; free physical = 548 ; free virtual = 9235
Phase 1 Placer Initialization | Checksum: 216e805d3

Time (s): cpu = 00:00:00.59 ; elapsed = 00:00:00.33 . Memory (MB): peak = 2692.465 ; gain = 0.000 ; free physical = 548 ; free virtual = 9235

Phase 2 Global Placement

Phase 2.1 Floorplanning
Phase 2.1 Floorplanning | Checksum: 216e805d3

Time (s): cpu = 00:00:00.6 ; elapsed = 00:00:00.33 . Memory (MB): peak = 2692.465 ; gain = 0.000 ; free physical = 548 ; free virtual = 9235

Phase 2.2 Update Timing before SLR Path Opt
Phase 2.2 Update Timing before SLR Path Opt | Checksum: 216e805d3

Time (s): cpu = 00:00:00.6 ; elapsed = 00:00:00.33 . Memory (MB): peak = 2692.465 ; gain = 0.000 ; free physical = 548 ; free virtual = 9235

Phase 2.3 Post-Processing in Floorplanning
Phase 2.3 Post-Processing in Floorplanning | Checksum: 216e805d3

Time (s): cpu = 00:00:00.6 ; elapsed = 00:00:00.33 . Memory (MB): peak = 2692.465 ; gain = 0.000 ; free physical = 548 ; free virtual = 9235

Phase 2.4 Global Placement Core
WARNING: [Place 46-29] Timing had been disabled during Placer and, therefore, physical synthesis in Placer will be skipped.
Phase 2.4 Global Placement Core | Checksum: 1b5417e0f

Time (s): cpu = 00:00:01 ; elapsed = 00:00:00.49 . Memory (MB): peak = 2692.465 ; gain = 0.000 ; free physical = 543 ; free virtual = 9230
Phase 2 Global Placement | Checksum: 1b5417e0f

Time (s): cpu = 00:00:01 ; elapsed = 00:00:00.49 . Memory (MB): peak = 2692.465 ; gain = 0.000 ; free physical = 543 ; free virtual = 9230

Phase 3 Detail Placement

Phase 3.1 Commit Multi Column Macros
Phase 3.1 Commit Multi Column Macros | Checksum: 1b5417e0f

Time (s): cpu = 00:00:01 ; elapsed = 00:00:00.49 . Memory (MB): peak = 2692.465 ; gain = 0.000 ; free physical = 543 ; free virtual = 9230

Phase 3.2 Commit Most Macros & LUTRAMs
Phase 3.2 Commit Most Macros & LUTRAMs | Checksum: 17e9933c9

Time (s): cpu = 00:00:01 ; elapsed = 00:00:00.5 . Memory (MB): peak = 2692.465 ; gain = 0.000 ; free physical = 543 ; free virtual = 9230

Phase 3.3 Area Swap Optimization
Phase 3.3 Area Swap Optimization | Checksum: 16841f863

Time (s): cpu = 00:00:01 ; elapsed = 00:00:00.51 . Memory (MB): peak = 2692.465 ; gain = 0.000 ; free physical = 543 ; free virtual = 9230

Phase 3.4 Pipeline Register Optimization
Phase 3.4 Pipeline Register Optimization | Checksum: 16841f863

Time (s): cpu = 00:00:01 ; elapsed = 00:00:00.51 . Memory (MB): peak = 2692.465 ; gain = 0.000 ; free physical = 543 ; free virtual = 9230

Phase 3.5 Small Shape Detail Placement
Phase 3.5 Small Shape Detail Placement | Checksum: 17cf0b8d7

Time (s): cpu = 00:00:02 ; elapsed = 00:00:01 . Memory (MB): peak = 2692.465 ; gain = 0.000 ; free physical = 541 ; free virtual = 9225

Phase 3.6 Re-assign LUT pins
Phase 3.6 Re-assign LUT pins | Checksum: 17cf0b8d7

Time (s): cpu = 00:00:02 ; elapsed = 00:00:01 . Memory (MB): peak = 2692.465 ; gain = 0.000 ; free physical = 541 ; free virtual = 9225

Phase 3.7 Pipeline Register Optimization
Phase 3.7 Pipeline Register Optimization | Checksum: 17cf0b8d7

Time (s): cpu = 00:00:02 ; elapsed = 00:00:01 . Memory (MB): peak = 2692.465 ; gain = 0.000 ; free physical = 541 ; free virtual = 9225
Phase 3 Detail Placement | Checksum: 17cf0b8d7

Time (s): cpu = 00:00:02 ; elapsed = 00:00:01 . Memory (MB): peak = 2692.465 ; gain = 0.000 ; free physical = 541 ; free virtual = 9225

Phase 4 Post Placement Optimization and Clean-Up

Phase 4.1 Post Commit Optimization
Phase 4.1 Post Commit Optimization | Checksum: 17cf0b8d7

Time (s): cpu = 00:00:02 ; elapsed = 00:00:01 . Memory (MB): peak = 2692.465 ; gain = 0.000 ; free physical = 541 ; free virtual = 9225

Phase 4.2 Post Placement Cleanup
Phase 4.2 Post Placement Cleanup | Checksum: 17cf0b8d7

Time (s): cpu = 00:00:02 ; elapsed = 00:00:01 . Memory (MB): peak = 2692.465 ; gain = 0.000 ; free physical = 541 ; free virtual = 9225

Phase 4.3 Placer Reporting

Phase 4.3.1 Print Estimated Congestion
INFO: [Place 30-612] Post-Placement Estimated Congestion 
 ____________________________________________________
|           | Global Congestion | Short Congestion  |
| Direction | Region Size       | Region Size       |
|___________|___________________|___________________|
|      North|                1x1|                1x1|
|___________|___________________|___________________|
|      South|                1x1|                1x1|
|___________|___________________|___________________|
|       East|                1x1|                1x1|
|___________|___________________|___________________|
|       West|                1x1|                1x1|
|___________|___________________|___________________|

Phase 4.3.1 Print Estimated Congestion | Checksum: 17cf0b8d7

Time (s): cpu = 00:00:02 ; elapsed = 00:00:01 . Memory (MB): peak = 2692.465 ; gain = 0.000 ; free physical = 541 ; free virtual = 9225
Phase 4.3 Placer Reporting | Checksum: 17cf0b8d7

Time (s): cpu = 00:00:02 ; elapsed = 00:00:01 . Memory (MB): peak = 2692.465 ; gain = 0.000 ; free physical = 541 ; free virtual = 9225

Phase 4.4 Final Placement Cleanup
Netlist sorting complete. Time (s): cpu = 00:00:00 ; elapsed = 00:00:00 . Memory (MB): peak = 2692.465 ; gain = 0.000 ; free physical = 541 ; free virtual = 9225

Time (s): cpu = 00:00:02 ; elapsed = 00:00:01 . Memory (MB): peak = 2692.465 ; gain = 0.000 ; free physical = 541 ; free virtual = 9225
Phase 4 Post Placement Optimization and Clean-Up | Checksum: 140a192ed

Time (s): cpu = 00:00:02 ; elapsed = 00:00:01 . Memory (MB): peak = 2692.465 ; gain = 0.000 ; free physical = 541 ; free virtual = 9225
Ending Placer Task | Checksum: ec1c35df

Time (s): cpu = 00:00:02 ; elapsed = 00:00:01 . Memory (MB): peak = 2692.465 ; gain = 0.000 ; free physical = 541 ; free virtual = 9225
41 Infos, 1 Warnings, 0 Critical Warnings and 0 Errors encountered.
place_design completed successfully
INFO: [Vivado 12-24838] Running report commands "report_control_sets, report_io, report_utilization" in parallel.
Running report generation with 3 threads.
INFO: [Vivado 12-24828] Executing command : report_control_sets -verbose -file four_bit_up_down_control_sets_placed.rpt
report_control_sets: Time (s): cpu = 00:00:00.06 ; elapsed = 00:00:00.1 . Memory (MB): peak = 2692.465 ; gain = 0.000 ; free physical = 537 ; free virtual = 9221
INFO: [Vivado 12-24828] Executing command : report_utilization -file four_bit_up_down_utilization_placed.rpt -pb four_bit_up_down_utilization_placed.pb
INFO: [Vivado 12-24828] Executing command : report_io -file four_bit_up_down_io_placed.rpt
report_io: Time (s): cpu = 00:00:00.32 ; elapsed = 00:00:00.32 . Memory (MB): peak = 2692.465 ; gain = 0.000 ; free physical = 528 ; free virtual = 9211
Write ShapeDB Complete: Time (s): cpu = 00:00:00 ; elapsed = 00:00:00 . Memory (MB): peak = 2693.469 ; gain = 0.000 ; free physical = 528 ; free virtual = 9211
Wrote PlaceDB: Time (s): cpu = 00:00:00 ; elapsed = 00:00:00 . Memory (MB): peak = 2693.469 ; gain = 0.000 ; free physical = 528 ; free virtual = 9211
Wrote PulsedLatchDB: Time (s): cpu = 00:00:00 ; elapsed = 00:00:00 . Memory (MB): peak = 2693.469 ; gain = 0.000 ; free physical = 528 ; free virtual = 9211
Writing XDEF routing.
Writing XDEF routing logical nets.
Writing XDEF routing special nets.
Wrote RouteStorage: Time (s): cpu = 00:00:00.09 ; elapsed = 00:00:00.1 . Memory (MB): peak = 2696.438 ; gain = 2.969 ; free physical = 528 ; free virtual = 9211
Wrote Netlist Cache: Time (s): cpu = 00:00:00 ; elapsed = 00:00:00 . Memory (MB): peak = 2696.438 ; gain = 0.000 ; free physical = 528 ; free virtual = 9211
Wrote Device Cache: Time (s): cpu = 00:00:00.01 ; elapsed = 00:00:00.01 . Memory (MB): peak = 2696.438 ; gain = 0.000 ; free physical = 528 ; free virtual = 9212
Write Physdb Complete: Time (s): cpu = 00:00:00.11 ; elapsed = 00:00:00.11 . Memory (MB): peak = 2696.438 ; gain = 2.969 ; free physical = 528 ; free virtual = 9212
INFO: [Common 17-1381] The checkpoint '/home/crstha7/Lab_07/Lab_07.runs/impl_1/four_bit_up_down_placed.dcp' has been generated.
Command: phys_opt_design
Attempting to get a license for feature 'Implementation' and/or device 'xc7a50t'
INFO: [Common 17-349] Got license for feature 'Implementation' and/or device 'xc7a50t'

Starting Initial Update Timing Task

Time (s): cpu = 00:00:00.01 ; elapsed = 00:00:00.02 . Memory (MB): peak = 2704.441 ; gain = 0.000 ; free physical = 523 ; free virtual = 9207
INFO: [Vivado_Tcl 4-235] No timing constraint found. The netlist was not modified.
INFO: [Common 17-83] Releasing license: Implementation
49 Infos, 1 Warnings, 0 Critical Warnings and 0 Errors encountered.
phys_opt_design completed successfully
Write ShapeDB Complete: Time (s): cpu = 00:00:00 ; elapsed = 00:00:00 . Memory (MB): peak = 2704.441 ; gain = 0.000 ; free physical = 523 ; free virtual = 9207
Wrote PlaceDB: Time (s): cpu = 00:00:00 ; elapsed = 00:00:00 . Memory (MB): peak = 2705.344 ; gain = 0.902 ; free physical = 523 ; free virtual = 9207
Wrote PulsedLatchDB: Time (s): cpu = 00:00:00 ; elapsed = 00:00:00 . Memory (MB): peak = 2708.312 ; gain = 0.000 ; free physical = 523 ; free virtual = 9207
Writing XDEF routing.
Writing XDEF routing logical nets.
Writing XDEF routing special nets.
Wrote RouteStorage: Time (s): cpu = 00:00:00.02 ; elapsed = 00:00:00.03 . Memory (MB): peak = 2708.312 ; gain = 0.000 ; free physical = 522 ; free virtual = 9206
Wrote Netlist Cache: Time (s): cpu = 00:00:00 ; elapsed = 00:00:00 . Memory (MB): peak = 2708.312 ; gain = 0.000 ; free physical = 522 ; free virtual = 9206
Wrote Device Cache: Time (s): cpu = 00:00:00.01 ; elapsed = 00:00:00.01 . Memory (MB): peak = 2708.312 ; gain = 0.000 ; free physical = 521 ; free virtual = 9205
Write Physdb Complete: Time (s): cpu = 00:00:00.04 ; elapsed = 00:00:00.04 . Memory (MB): peak = 2708.312 ; gain = 3.871 ; free physical = 521 ; free virtual = 9205
INFO: [Common 17-1381] The checkpoint '/home/crstha7/Lab_07/Lab_07.runs/impl_1/four_bit_up_down_physopt.dcp' has been generated.
Command: route_design
Attempting to get a license for feature 'Implementation' and/or device 'xc7a50t'
INFO: [Common 17-349] Got license for feature 'Implementation' and/or device 'xc7a50t'
Running DRC as a precondition to command route_design
INFO: [DRC 23-27] Running DRC with 4 threads
INFO: [Vivado_Tcl 4-198] DRC finished with 0 Errors
INFO: [Vivado_Tcl 4-199] Please refer to the DRC report (report_drc) for more information.


Starting Routing Task
INFO: [Route 35-254] Multithreading enabled for route_design using a maximum of 4 CPUs

Phase 1 Build RT Design
Checksum: PlaceDB: 3126e8a1 ConstDB: 0 ShapeSum: b41c6676 RouteDB: 6d8e6c8
Post Restoration Checksum: NetGraph: 521d813f | NumContArr: 3f92ae6c | Constraints: c2a8fa9d | Timing: c2a8fa9d
Phase 1 Build RT Design | Checksum: 2170224e5

Time (s): cpu = 00:00:27 ; elapsed = 00:00:23 . Memory (MB): peak = 2793.898 ; gain = 42.961 ; free physical = 457 ; free virtual = 9113

Phase 2 Router Initialization
INFO: [Route 35-64] No timing constraints were detected. The router will operate in resource-optimization mode.

Phase 2.1 Fix Topology Constraints
Phase 2.1 Fix Topology Constraints | Checksum: 2170224e5

Time (s): cpu = 00:00:27 ; elapsed = 00:00:23 . Memory (MB): peak = 2808.898 ; gain = 57.961 ; free physical = 441 ; free virtual = 9097

Phase 2.2 Pre Route Cleanup
Phase 2.2 Pre Route Cleanup | Checksum: 2170224e5

Time (s): cpu = 00:00:27 ; elapsed = 00:00:23 . Memory (MB): peak = 2808.898 ; gain = 57.961 ; free physical = 441 ; free virtual = 9097
 Number of Nodes with overlaps = 0

Router Utilization Summary
  Global Vertical Routing Utilization    = 0 %
  Global Horizontal Routing Utilization  = 0 %
  Routable Net Status*
  *Does not include unroutable nets such as driverless and loadless.
  Run report_route_status for detailed report.
  Number of Failed Nets               = 6
    (Failed Nets is the sum of unrouted and partially routed nets)
  Number of Unrouted Nets             = 6
  Number of Partially Routed Nets     = 0
  Number of Node Overlaps             = 0

Phase 2 Router Initialization | Checksum: 21850bc03

Time (s): cpu = 00:00:28 ; elapsed = 00:00:24 . Memory (MB): peak = 2822.898 ; gain = 71.961 ; free physical = 426 ; free virtual = 9082

Phase 3 Global Routing
Phase 3 Global Routing | Checksum: 21850bc03

Time (s): cpu = 00:00:28 ; elapsed = 00:00:24 . Memory (MB): peak = 2822.898 ; gain = 71.961 ; free physical = 426 ; free virtual = 9082

Phase 4 Initial Routing

Phase 4.1 Initial Net Routing Pass
Phase 4.1 Initial Net Routing Pass | Checksum: 2b4366210

Time (s): cpu = 00:00:28 ; elapsed = 00:00:24 . Memory (MB): peak = 2822.898 ; gain = 71.961 ; free physical = 426 ; free virtual = 9082
Phase 4 Initial Routing | Checksum: 2b4366210

Time (s): cpu = 00:00:28 ; elapsed = 00:00:24 . Memory (MB): peak = 2822.898 ; gain = 71.961 ; free physical = 426 ; free virtual = 9082

Phase 5 Rip-up And Reroute

Phase 5.1 Global Iteration 0
 Number of Nodes with overlaps = 0
Phase 5.1 Global Iteration 0 | Checksum: 30fbaf15a

Time (s): cpu = 00:00:28 ; elapsed = 00:00:24 . Memory (MB): peak = 2822.898 ; gain = 71.961 ; free physical = 426 ; free virtual = 9082
Phase 5 Rip-up And Reroute | Checksum: 30fbaf15a

Time (s): cpu = 00:00:28 ; elapsed = 00:00:24 . Memory (MB): peak = 2822.898 ; gain = 71.961 ; free physical = 426 ; free virtual = 9082

Phase 6 Delay and Skew Optimization
Phase 6 Delay and Skew Optimization | Checksum: 30fbaf15a

Time (s): cpu = 00:00:28 ; elapsed = 00:00:24 . Memory (MB): peak = 2822.898 ; gain = 71.961 ; free physical = 426 ; free virtual = 9082

Phase 7 Post Hold Fix

Phase 7.1 Hold Fix Iter
Phase 7.1 Hold Fix Iter | Checksum: 30fbaf15a

Time (s): cpu = 00:00:28 ; elapsed = 00:00:24 . Memory (MB): peak = 2822.898 ; gain = 71.961 ; free physical = 426 ; free virtual = 9082
Phase 7 Post Hold Fix | Checksum: 30fbaf15a

Time (s): cpu = 00:00:28 ; elapsed = 00:00:24 . Memory (MB): peak = 2822.898 ; gain = 71.961 ; free physical = 426 ; free virtual = 9082

Phase 8 Route finalize

Router Utilization Summary
  Global Vertical Routing Utilization    = 0.000717532 %
  Global Horizontal Routing Utilization  = 0.00169183 %
  Routable Net Status*
  *Does not include unroutable nets such as driverless and loadless.
  Run report_route_status for detailed report.
  Number of Failed Nets               = 0
    (Failed Nets is the sum of unrouted and partially routed nets)
  Number of Unrouted Nets             = 0
  Number of Partially Routed Nets     = 0
  Number of Node Overlaps             = 0


--GLOBAL Congestion:
Utilization threshold used for congestion level computation: 0.85
Congestion Report
North Dir 1x1 Area, Max Cong = 1.8018%, No Congested Regions.
South Dir 1x1 Area, Max Cong = 0.900901%, No Congested Regions.
East Dir 1x1 Area, Max Cong = 1.47059%, No Congested Regions.
West Dir 1x1 Area, Max Cong = 4.41176%, No Congested Regions.

------------------------------
Reporting congestion hotspots
------------------------------
Direction: North
----------------
Congested clusters found at Level 0
Effective congestion level: 0 Aspect Ratio: 1 Sparse Ratio: 0
Direction: South
----------------
Congested clusters found at Level 0
Effective congestion level: 0 Aspect Ratio: 1 Sparse Ratio: 0
Direction: East
----------------
Congested clusters found at Level 0
Effective congestion level: 0 Aspect Ratio: 1 Sparse Ratio: 0
Direction: West
----------------
Congested clusters found at Level 0
Effective congestion level: 0 Aspect Ratio: 1 Sparse Ratio: 0

Phase 8 Route finalize | Checksum: 30fbaf15a

Time (s): cpu = 00:00:28 ; elapsed = 00:00:24 . Memory (MB): peak = 2822.898 ; gain = 71.961 ; free physical = 426 ; free virtual = 9082

Phase 9 Verifying routed nets

 Verification completed successfully
Phase 9 Verifying routed nets | Checksum: 30fbaf15a

Time (s): cpu = 00:00:28 ; elapsed = 00:00:24 . Memory (MB): peak = 2822.898 ; gain = 71.961 ; free physical = 425 ; free virtual = 9081

Phase 10 Depositing Routes
Phase 10 Depositing Routes | Checksum: 341bf71be

Time (s): cpu = 00:00:28 ; elapsed = 00:00:24 . Memory (MB): peak = 2822.898 ; gain = 71.961 ; free physical = 425 ; free virtual = 9081

Phase 11 Post Process Routing
Phase 11 Post Process Routing | Checksum: 341bf71be

Time (s): cpu = 00:00:28 ; elapsed = 00:00:24 . Memory (MB): peak = 2822.898 ; gain = 71.961 ; free physical = 425 ; free virtual = 9081
Total Elapsed time in route_design: 23.84 secs

Phase 12 Post-Route Event Processing
Phase 12 Post-Route Event Processing | Checksum: 18bc91e9c

Time (s): cpu = 00:00:28 ; elapsed = 00:00:24 . Memory (MB): peak = 2822.898 ; gain = 71.961 ; free physical = 425 ; free virtual = 9081
INFO: [Route 35-16] Router Completed Successfully
Ending Routing Task | Checksum: 18bc91e9c

Time (s): cpu = 00:00:28 ; elapsed = 00:00:24 . Memory (MB): peak = 2822.898 ; gain = 71.961 ; free physical = 425 ; free virtual = 9081

Routing Is Done.
INFO: [Common 17-83] Releasing license: Implementation
58 Infos, 1 Warnings, 0 Critical Warnings and 0 Errors encountered.
route_design completed successfully
route_design: Time (s): cpu = 00:00:30 ; elapsed = 00:00:25 . Memory (MB): peak = 2822.898 ; gain = 114.586 ; free physical = 425 ; free virtual = 9081
INFO: [Vivado 12-24828] Executing command : report_drc -file four_bit_up_down_drc_routed.rpt -pb four_bit_up_down_drc_routed.pb -rpx four_bit_up_down_drc_routed.rpx
Command: report_drc -file four_bit_up_down_drc_routed.rpt -pb four_bit_up_down_drc_routed.pb -rpx four_bit_up_down_drc_routed.rpx
INFO: [IP_Flow 19-1839] IP Catalog is up to date.
INFO: [DRC 23-27] Running DRC with 4 threads
INFO: [Vivado_Tcl 2-168] The results of DRC are in file /home/crstha7/Lab_07/Lab_07.runs/impl_1/four_bit_up_down_drc_routed.rpt.
report_drc completed successfully
INFO: [Vivado 12-24828] Executing command : report_methodology -file four_bit_up_down_methodology_drc_routed.rpt -pb four_bit_up_down_methodology_drc_routed.pb -rpx four_bit_up_down_methodology_drc_routed.rpx
Command: report_methodology -file four_bit_up_down_methodology_drc_routed.rpt -pb four_bit_up_down_methodology_drc_routed.pb -rpx four_bit_up_down_methodology_drc_routed.rpx
INFO: [Timing 38-35] Done setting XDC timing constraints.
INFO: [DRC 23-133] Running Methodology with 4 threads
INFO: [Vivado_Tcl 2-1520] The results of Report Methodology are in file /home/crstha7/Lab_07/Lab_07.runs/impl_1/four_bit_up_down_methodology_drc_routed.rpt.
report_methodology completed successfully
INFO: [Vivado 12-24828] Executing command : report_timing_summary -max_paths 10 -report_unconstrained -file four_bit_up_down_timing_summary_routed.rpt -pb four_bit_up_down_timing_summary_routed.pb -rpx four_bit_up_down_timing_summary_routed.rpx -warn_on_violation 
INFO: [Timing 38-35] Done setting XDC timing constraints.
INFO: [Timing 38-91] UpdateTimingParams: Speed grade: -1, Delay Type: min_max.
INFO: [Timing 38-191] Multithreading enabled for timing update using a maximum of 4 CPUs
WARNING: [Timing 38-313] There are no user specified timing constraints. Timing constraints are needed for proper timing analysis.
INFO: [Vivado 12-24838] Running report commands "report_bus_skew, report_incremental_reuse, report_route_status" in parallel.
Running report generation with 3 threads.
INFO: [Vivado 12-24828] Executing command : report_route_status -file four_bit_up_down_route_status.rpt -pb four_bit_up_down_route_status.pb
INFO: [Vivado 12-24828] Executing command : report_incremental_reuse -file four_bit_up_down_incremental_reuse_routed.rpt
INFO: [Vivado_Tcl 4-1062] Incremental flow is disabled. No incremental reuse Info to report.
INFO: [Vivado 12-24828] Executing command : report_bus_skew -warn_on_violation -file four_bit_up_down_bus_skew_routed.rpt -pb four_bit_up_down_bus_skew_routed.pb -rpx four_bit_up_down_bus_skew_routed.rpx
INFO: [Timing 38-91] UpdateTimingParams: Speed grade: -1, Delay Type: min_max.
INFO: [Timing 38-191] Multithreading enabled for timing update using a maximum of 4 CPUs
INFO: [Vivado 12-24828] Executing command : report_power -file four_bit_up_down_power_routed.rpt -pb four_bit_up_down_power_summary_routed.pb -rpx four_bit_up_down_power_routed.rpx
Command: report_power -file four_bit_up_down_power_routed.rpt -pb four_bit_up_down_power_summary_routed.pb -rpx four_bit_up_down_power_routed.rpx
WARNING: [Power 33-232] No user defined clocks were found in the design! Power estimation will be inaccurate until this is corrected.
Resolution: Please specify clocks using create_clock/create_generated_clock for sequential elements. For pure combinatorial circuits, please specify a virtual clock, otherwise the vectorless estimation might be inaccurate
Running Vector-less Activity Propagation...

Finished Running Vector-less Activity Propagation
78 Infos, 3 Warnings, 0 Critical Warnings and 0 Errors encountered.
report_power completed successfully
INFO: [Vivado 12-24828] Executing command : report_clock_utilization -file four_bit_up_down_clock_utilization_routed.rpt
WARNING: [Device 21-9320] Failed to find the Oracle tile group with name 'HSR_BOUNDARY_TOP'. This is required for Clock regions and Virtual grid.
WARNING: [Device 21-2174] Failed to initialize Virtual grid.
Write ShapeDB Complete: Time (s): cpu = 00:00:00.01 ; elapsed = 00:00:00 . Memory (MB): peak = 2902.508 ; gain = 0.000 ; free physical = 384 ; free virtual = 9042
Wrote PlaceDB: Time (s): cpu = 00:00:00 ; elapsed = 00:00:00 . Memory (MB): peak = 2902.508 ; gain = 0.000 ; free physical = 384 ; free virtual = 9042
Wrote PulsedLatchDB: Time (s): cpu = 00:00:00 ; elapsed = 00:00:00 . Memory (MB): peak = 2902.508 ; gain = 0.000 ; free physical = 384 ; free virtual = 9042
Writing XDEF routing.
Writing XDEF routing logical nets.
Writing XDEF routing special nets.
Wrote RouteStorage: Time (s): cpu = 00:00:00.03 ; elapsed = 00:00:00.03 . Memory (MB): peak = 2902.508 ; gain = 0.000 ; free physical = 384 ; free virtual = 9042
Wrote Netlist Cache: Time (s): cpu = 00:00:00 ; elapsed = 00:00:00 . Memory (MB): peak = 2902.508 ; gain = 0.000 ; free physical = 384 ; free virtual = 9042
Wrote Device Cache: Time (s): cpu = 00:00:00.01 ; elapsed = 00:00:00.01 . Memory (MB): peak = 2902.508 ; gain = 0.000 ; free physical = 384 ; free virtual = 9043
Write Physdb Complete: Time (s): cpu = 00:00:00.04 ; elapsed = 00:00:00.04 . Memory (MB): peak = 2902.508 ; gain = 0.000 ; free physical = 384 ; free virtual = 9043
INFO: [Common 17-1381] The checkpoint '/home/crstha7/Lab_07/Lab_07.runs/impl_1/four_bit_up_down_routed.dcp' has been generated.
INFO: [Common 17-206] Exiting Vivado at Sat Dec  7 18:48:28 2024...
