#-----------------------------------------------------------
# Vivado v2024.1 (64-bit)
# SW Build 5076996 on Wed May 22 18:36:09 MDT 2024
# IP Build 5075265 on Wed May 22 21:45:21 MDT 2024
# SharedData Build 5076995 on Wed May 22 18:29:18 MDT 2024
# Start of session at: Sat Dec  7 18:46:56 2024
# Process ID: 182945
# Current directory: /home/crstha7/Lab_07/Lab_07.runs/impl_1
# Command line: vivado -log four_bit_up_down.vdi -applog -product Vivado -messageDb vivado.pb -mode batch -source four_bit_up_down.tcl -notrace
# Log file: /home/crstha7/Lab_07/Lab_07.runs/impl_1/four_bit_up_down.vdi
# Journal file: /home/crstha7/Lab_07/Lab_07.runs/impl_1/vivado.jou
# Running On        :CRstha7
# Platform          :Linuxmint
# Operating System  :Linux Mint 22
# Processor Detail  :Intel(R) Core(TM) i5-7200U CPU @ 2.50GHz
# CPU Frequency     :2499.989 MHz
# CPU Physical cores:2
# CPU Logical cores :4
# Host memory       :16629 MB
# Swap memory       :2147 MB
# Total Virtual     :18777 MB
# Available Virtual :11766 MB
#-----------------------------------------------------------
source four_bit_up_down.tcl -notrace
